Archive member included to satisfy reference by file (symbol)

c:/st/stm32cubeide_1.7.0/stm32cubeide/plugins/com.st.stm32cube.ide.mcu.externaltools.gnu-tools-for-stm32.9-2020-q2-update.win32_2.0.0.202105311346/tools/bin/../lib/gcc/arm-none-eabi/9.3.1/../../../../arm-none-eabi/lib/thumb/v7e-m+fp/hard\libc_nano.a(lib_a-errno.o)
                              ./Core/Src/syscalls.o (__errno)
c:/st/stm32cubeide_1.7.0/stm32cubeide/plugins/com.st.stm32cube.ide.mcu.externaltools.gnu-tools-for-stm32.9-2020-q2-update.win32_2.0.0.202105311346/tools/bin/../lib/gcc/arm-none-eabi/9.3.1/../../../../arm-none-eabi/lib/thumb/v7e-m+fp/hard\libc_nano.a(lib_a-exit.o)
                              c:/st/stm32cubeide_1.7.0/stm32cubeide/plugins/com.st.stm32cube.ide.mcu.externaltools.gnu-tools-for-stm32.9-2020-q2-update.win32_2.0.0.202105311346/tools/bin/../lib/gcc/arm-none-eabi/9.3.1/../../../../arm-none-eabi/lib/thumb/v7e-m+fp/hard/crt0.o (exit)
c:/st/stm32cubeide_1.7.0/stm32cubeide/plugins/com.st.stm32cube.ide.mcu.externaltools.gnu-tools-for-stm32.9-2020-q2-update.win32_2.0.0.202105311346/tools/bin/../lib/gcc/arm-none-eabi/9.3.1/../../../../arm-none-eabi/lib/thumb/v7e-m+fp/hard\libc_nano.a(lib_a-impure.o)
                              c:/st/stm32cubeide_1.7.0/stm32cubeide/plugins/com.st.stm32cube.ide.mcu.externaltools.gnu-tools-for-stm32.9-2020-q2-update.win32_2.0.0.202105311346/tools/bin/../lib/gcc/arm-none-eabi/9.3.1/../../../../arm-none-eabi/lib/thumb/v7e-m+fp/hard\libc_nano.a(lib_a-exit.o) (_global_impure_ptr)
c:/st/stm32cubeide_1.7.0/stm32cubeide/plugins/com.st.stm32cube.ide.mcu.externaltools.gnu-tools-for-stm32.9-2020-q2-update.win32_2.0.0.202105311346/tools/bin/../lib/gcc/arm-none-eabi/9.3.1/../../../../arm-none-eabi/lib/thumb/v7e-m+fp/hard\libc_nano.a(lib_a-init.o)
                              c:/st/stm32cubeide_1.7.0/stm32cubeide/plugins/com.st.stm32cube.ide.mcu.externaltools.gnu-tools-for-stm32.9-2020-q2-update.win32_2.0.0.202105311346/tools/bin/../lib/gcc/arm-none-eabi/9.3.1/../../../../arm-none-eabi/lib/thumb/v7e-m+fp/hard/crt0.o (__libc_init_array)
c:/st/stm32cubeide_1.7.0/stm32cubeide/plugins/com.st.stm32cube.ide.mcu.externaltools.gnu-tools-for-stm32.9-2020-q2-update.win32_2.0.0.202105311346/tools/bin/../lib/gcc/arm-none-eabi/9.3.1/../../../../arm-none-eabi/lib/thumb/v7e-m+fp/hard\libc_nano.a(lib_a-itoa.o)
                              ./Core/Src/main.o (itoa)
c:/st/stm32cubeide_1.7.0/stm32cubeide/plugins/com.st.stm32cube.ide.mcu.externaltools.gnu-tools-for-stm32.9-2020-q2-update.win32_2.0.0.202105311346/tools/bin/../lib/gcc/arm-none-eabi/9.3.1/../../../../arm-none-eabi/lib/thumb/v7e-m+fp/hard\libc_nano.a(lib_a-memset.o)
                              c:/st/stm32cubeide_1.7.0/stm32cubeide/plugins/com.st.stm32cube.ide.mcu.externaltools.gnu-tools-for-stm32.9-2020-q2-update.win32_2.0.0.202105311346/tools/bin/../lib/gcc/arm-none-eabi/9.3.1/../../../../arm-none-eabi/lib/thumb/v7e-m+fp/hard/crt0.o (memset)
c:/st/stm32cubeide_1.7.0/stm32cubeide/plugins/com.st.stm32cube.ide.mcu.externaltools.gnu-tools-for-stm32.9-2020-q2-update.win32_2.0.0.202105311346/tools/bin/../lib/gcc/arm-none-eabi/9.3.1/../../../../arm-none-eabi/lib/thumb/v7e-m+fp/hard\libc_nano.a(lib_a-rand.o)
                              ./Core/Src/main.o (srand)
c:/st/stm32cubeide_1.7.0/stm32cubeide/plugins/com.st.stm32cube.ide.mcu.externaltools.gnu-tools-for-stm32.9-2020-q2-update.win32_2.0.0.202105311346/tools/bin/../lib/gcc/arm-none-eabi/9.3.1/../../../../arm-none-eabi/lib/thumb/v7e-m+fp/hard\libc_nano.a(lib_a-utoa.o)
                              c:/st/stm32cubeide_1.7.0/stm32cubeide/plugins/com.st.stm32cube.ide.mcu.externaltools.gnu-tools-for-stm32.9-2020-q2-update.win32_2.0.0.202105311346/tools/bin/../lib/gcc/arm-none-eabi/9.3.1/../../../../arm-none-eabi/lib/thumb/v7e-m+fp/hard\libc_nano.a(lib_a-itoa.o) (__utoa)
c:/st/stm32cubeide_1.7.0/stm32cubeide/plugins/com.st.stm32cube.ide.mcu.externaltools.gnu-tools-for-stm32.9-2020-q2-update.win32_2.0.0.202105311346/tools/bin/../lib/gcc/arm-none-eabi/9.3.1/../../../../arm-none-eabi/lib/thumb/v7e-m+fp/hard\libc_nano.a(lib_a-assert.o)
                              c:/st/stm32cubeide_1.7.0/stm32cubeide/plugins/com.st.stm32cube.ide.mcu.externaltools.gnu-tools-for-stm32.9-2020-q2-update.win32_2.0.0.202105311346/tools/bin/../lib/gcc/arm-none-eabi/9.3.1/../../../../arm-none-eabi/lib/thumb/v7e-m+fp/hard\libc_nano.a(lib_a-rand.o) (__assert_func)
c:/st/stm32cubeide_1.7.0/stm32cubeide/plugins/com.st.stm32cube.ide.mcu.externaltools.gnu-tools-for-stm32.9-2020-q2-update.win32_2.0.0.202105311346/tools/bin/../lib/gcc/arm-none-eabi/9.3.1/../../../../arm-none-eabi/lib/thumb/v7e-m+fp/hard\libc_nano.a(lib_a-fprintf.o)
                              c:/st/stm32cubeide_1.7.0/stm32cubeide/plugins/com.st.stm32cube.ide.mcu.externaltools.gnu-tools-for-stm32.9-2020-q2-update.win32_2.0.0.202105311346/tools/bin/../lib/gcc/arm-none-eabi/9.3.1/../../../../arm-none-eabi/lib/thumb/v7e-m+fp/hard\libc_nano.a(lib_a-assert.o) (fiprintf)
[...]
Memory Configuration

Name             Origin             Length             Attributes
CCMRAM           0x0000000010000000 0x0000000000010000 xrw
RAM              0x0000000020000000 0x0000000000030000 xrw
FLASH            0x0000000008000000 0x0000000000200000 xr
*default*        0x0000000000000000 0xffffffffffffffff

Linker script and memory map

LOAD c:/st/stm32cubeide_1.7.0/stm32cubeide/plugins/com.st.stm32cube.ide.mcu.externaltools.gnu-tools-for-stm32.9-2020-q2-update.win32_2.0.0.202105311346/tools/bin/../lib/gcc/arm-none-eabi/9.3.1/thumb/v7e-m+fp/hard/crti.o
LOAD c:/st/stm32cubeide_1.7.0/stm32cubeide/plugins/com.st.stm32cube.ide.mcu.externaltools.gnu-tools-for-stm32.9-2020-q2-update.win32_2.0.0.202105311346/tools/bin/../lib/gcc/arm-none-eabi/9.3.1/thumb/v7e-m+fp/hard/crtbegin.o
LOAD c:/st/stm32cubeide_1.7.0/stm32cubeide/plugins/com.st.stm32cube.ide.mcu.externaltools.gnu-tools-for-stm32.9-2020-q2-update.win32_2.0.0.202105311346/tools/bin/../lib/gcc/arm-none-eabi/9.3.1/../../../../arm-none-eabi/lib/thumb/v7e-m+fp/hard/crt0.o
LOAD ./Core/Src/crc.o
LOAD ./Core/Src/dma2d.o
LOAD ./Core/Src/fmc.o
LOAD ./Core/Src/gpio.o
LOAD ./Core/Src/i2c.o
LOAD ./Core/Src/ltdc.o
LOAD ./Core/Src/main.o
LOAD ./Core/Src/rng.o
LOAD ./Core/Src/spi.o
LOAD ./Core/Src/stm32f4xx_hal_msp.o
LOAD ./Core/Src/stm32f4xx_it.o
LOAD ./Core/Src/syscalls.o
LOAD ./Core/Src/sysmem.o
LOAD ./Core/Src/system_stm32f4xx.o
LOAD ./Core/Src/tim.o
LOAD ./Core/Src/usart.o
LOAD ./Core/Startup/startup_stm32f429zitx.o
LOAD ./Drivers/BSP/Components/cs43l22/cs43l22.o
LOAD ./Drivers/BSP/Components/dp83848/dp83848.o
LOAD ./Drivers/BSP/Components/exc7200/exc7200.o
LOAD ./Drivers/BSP/Components/ft3x67/ft3x67.o
LOAD ./Drivers/BSP/Components/ft6x06/ft6x06.o
LOAD ./Drivers/BSP/Components/i3g4250d/i3g4250d.o
LOAD ./Drivers/BSP/Components/ili9325/ili9325.o
LOAD ./Drivers/BSP/Components/ili9341/ili9341.o
LOAD ./Drivers/BSP/Components/l3gd20/l3gd20.o
LOAD ./Drivers/BSP/Components/lan8742/lan8742.o
LOAD ./Drivers/BSP/Components/lis302dl/lis302dl.o
LOAD ./Drivers/BSP/Components/lis3dsh/lis3dsh.o
LOAD ./Drivers/BSP/Components/ls016b8uy/ls016b8uy.o
LOAD ./Drivers/BSP/Components/lsm303agr/lsm303agr.o
LOAD ./Drivers/BSP/Components/lsm303dlhc/lsm303dlhc.o
LOAD ./Drivers/BSP/Components/mfxstm32l152/mfxstm32l152.o
LOAD ./Drivers/BSP/Components/nt35510/nt35510.o
LOAD ./Drivers/BSP/Components/otm8009a/otm8009a.o
LOAD ./Drivers/BSP/Components/ov2640/ov2640.o
LOAD ./Drivers/BSP/Components/ov5640/ov5640.o
LOAD ./Drivers/BSP/Components/s5k5cag/s5k5cag.o
LOAD ./Drivers/BSP/Components/st7735/st7735.o
LOAD ./Drivers/BSP/Components/st7789h2/st7789h2.o
LOAD ./Drivers/BSP/Components/stmpe1600/stmpe1600.o
LOAD ./Drivers/BSP/Components/stmpe811/stmpe811.o
LOAD ./Drivers/BSP/Components/ts3510/ts3510.o
LOAD ./Drivers/BSP/Components/wm8994/wm8994.o
LOAD ./Drivers/BSP/STM32F429I-Discovery/stm32f429i_discovery.o
LOAD ./Drivers/BSP/STM32F429I-Discovery/stm32f429i_discovery_eeprom.o
LOAD ./Drivers/BSP/STM32F429I-Discovery/stm32f429i_discovery_gyroscope.o
LOAD ./Drivers/BSP/STM32F429I-Discovery/stm32f429i_discovery_io.o
LOAD ./Drivers/BSP/STM32F429I-Discovery/stm32f429i_discovery_lcd.o
LOAD ./Drivers/BSP/STM32F429I-Discovery/stm32f429i_discovery_sdram.o
LOAD ./Drivers/BSP/STM32F429I-Discovery/stm32f429i_discovery_ts.o
LOAD ./Drivers/STM32F4xx_HAL_Driver/Src/stm32f4xx_hal.o
LOAD ./Drivers/STM32F4xx_HAL_Driver/Src/stm32f4xx_hal_cortex.o
LOAD ./Drivers/STM32F4xx_HAL_Driver/Src/stm32f4xx_hal_crc.o
LOAD ./Drivers/STM32F4xx_HAL_Driver/Src/stm32f4xx_hal_dma.o
LOAD ./Drivers/STM32F4xx_HAL_Driver/Src/stm32f4xx_hal_dma2d.o
LOAD ./Drivers/STM32F4xx_HAL_Driver/Src/stm32f4xx_hal_dma_ex.o
LOAD ./Drivers/STM32F4xx_HAL_Driver/Src/stm32f4xx_hal_dsi.o
LOAD ./Drivers/STM32F4xx_HAL_Driver/Src/stm32f4xx_hal_exti.o
LOAD ./Drivers/STM32F4xx_HAL_Driver/Src/stm32f4xx_hal_flash.o
LOAD ./Drivers/STM32F4xx_HAL_Driver/Src/stm32f4xx_hal_flash_ex.o
LOAD ./Drivers/STM32F4xx_HAL_Driver/Src/stm32f4xx_hal_flash_ramfunc.o
LOAD ./Drivers/STM32F4xx_HAL_Driver/Src/stm32f4xx_hal_gpio.o
LOAD ./Drivers/STM32F4xx_HAL_Driver/Src/stm32f4xx_hal_i2c.o
LOAD ./Drivers/STM32F4xx_HAL_Driver/Src/stm32f4xx_hal_i2c_ex.o
LOAD ./Drivers/STM32F4xx_HAL_Driver/Src/stm32f4xx_hal_ltdc.o
LOAD ./Drivers/STM32F4xx_HAL_Driver/Src/stm32f4xx_hal_ltdc_ex.o
LOAD ./Drivers/STM32F4xx_HAL_Driver/Src/stm32f4xx_hal_pwr.o
LOAD ./Drivers/STM32F4xx_HAL_Driver/Src/stm32f4xx_hal_pwr_ex.o
LOAD ./Drivers/STM32F4xx_HAL_Driver/Src/stm32f4xx_hal_rcc.o
LOAD ./Drivers/STM32F4xx_HAL_Driver/Src/stm32f4xx_hal_rcc_ex.o
LOAD ./Drivers/STM32F4xx_HAL_Driver/Src/stm32f4xx_hal_rng.o
LOAD ./Drivers/STM32F4xx_HAL_Driver/Src/stm32f4xx_hal_sdram.o
LOAD ./Drivers/STM32F4xx_HAL_Driver/Src/stm32f4xx_hal_spi.o
LOAD ./Drivers/STM32F4xx_HAL_Driver/Src/stm32f4xx_hal_tim.o
LOAD ./Drivers/STM32F4xx_HAL_Driver/Src/stm32f4xx_hal_tim_ex.o
LOAD ./Drivers/STM32F4xx_HAL_Driver/Src/stm32f4xx_hal_uart.o
LOAD ./Drivers/STM32F4xx_HAL_Driver/Src/stm32f4xx_ll_fmc.o
START GROUP
LOAD c:/st/stm32cubeide_1.7.0/stm32cubeide/plugins/com.st.stm32cube.ide.mcu.externaltools.gnu-tools-for-stm32.9-2020-q2-update.win32_2.0.0.202105311346/tools/bin/../lib/gcc/arm-none-eabi/9.3.1/../../../../arm-none-eabi/lib/thumb/v7e-m+fp/hard\libc_nano.a
LOAD c:/st/stm32cubeide_1.7.0/stm32cubeide/plugins/com.st.stm32cube.ide.mcu.externaltools.gnu-tools-for-stm32.9-2020-q2-update.win32_2.0.0.202105311346/tools/bin/../lib/gcc/arm-none-eabi/9.3.1/../../../../arm-none-eabi/lib/thumb/v7e-m+fp/hard\libm.a
END GROUP
START GROUP
LOAD c:/st/stm32cubeide_1.7.0/stm32cubeide/plugins/com.st.stm32cube.ide.mcu.externaltools.gnu-tools-for-stm32.9-2020-q2-update.win32_2.0.0.202105311346/tools/bin/../lib/gcc/arm-none-eabi/9.3.1/thumb/v7e-m+fp/hard\libgcc.a
LOAD c:/st/stm32cubeide_1.7.0/stm32cubeide/plugins/com.st.stm32cube.ide.mcu.externaltools.gnu-tools-for-stm32.9-2020-q2-update.win32_2.0.0.202105311346/tools/bin/../lib/gcc/arm-none-eabi/9.3.1/../../../../arm-none-eabi/lib/thumb/v7e-m+fp/hard\libc_nano.a
END GROUP
START GROUP
LOAD c:/st/stm32cubeide_1.7.0/stm32cubeide/plugins/com.st.stm32cube.ide.mcu.externaltools.gnu-tools-for-stm32.9-2020-q2-update.win32_2.0.0.202105311346/tools/bin/../lib/gcc/arm-none-eabi/9.3.1/thumb/v7e-m+fp/hard\libgcc.a
LOAD c:/st/stm32cubeide_1.7.0/stm32cubeide/plugins/com.st.stm32cube.ide.mcu.externaltools.gnu-tools-for-stm32.9-2020-q2-update.win32_2.0.0.202105311346/tools/bin/../lib/gcc/arm-none-eabi/9.3.1/../../../../arm-none-eabi/lib/thumb/v7e-m+fp/hard\libc_nano.a
LOAD c:/st/stm32cubeide_1.7.0/stm32cubeide/plugins/com.st.stm32cube.ide.mcu.externaltools.gnu-tools-for-stm32.9-2020-q2-update.win32_2.0.0.202105311346/tools/bin/../lib/gcc/arm-none-eabi/9.3.1/../../../../arm-none-eabi/lib/thumb/v7e-m+fp/hard\libnosys.a
END GROUP
START GROUP
LOAD c:/st/stm32cubeide_1.7.0/stm32cubeide/plugins/com.st.stm32cube.ide.mcu.externaltools.gnu-tools-for-stm32.9-2020-q2-update.win32_2.0.0.202105311346/tools/bin/../lib/gcc/arm-none-eabi/9.3.1/thumb/v7e-m+fp/hard\libgcc.a
LOAD c:/st/stm32cubeide_1.7.0/stm32cubeide/plugins/com.st.stm32cube.ide.mcu.externaltools.gnu-tools-for-stm32.9-2020-q2-update.win32_2.0.0.202105311346/tools/bin/../lib/gcc/arm-none-eabi/9.3.1/../../../../arm-none-eabi/lib/thumb/v7e-m+fp/hard\libc_nano.a
LOAD c:/st/stm32cubeide_1.7.0/stm32cubeide/plugins/com.st.stm32cube.ide.mcu.externaltools.gnu-tools-for-stm32.9-2020-q2-update.win32_2.0.0.202105311346/tools/bin/../lib/gcc/arm-none-eabi/9.3.1/../../../../arm-none-eabi/lib/thumb/v7e-m+fp/hard\libnosys.a
END GROUP
LOAD c:/st/stm32cubeide_1.7.0/stm32cubeide/plugins/com.st.stm32cube.ide.mcu.externaltools.gnu-tools-for-stm32.9-2020-q2-update.win32_2.0.0.202105311346/tools/bin/../lib/gcc/arm-none-eabi/9.3.1/thumb/v7e-m+fp/hard/crtend.o
LOAD c:/st/stm32cubeide_1.7.0/stm32cubeide/plugins/com.st.stm32cube.ide.mcu.externaltools.gnu-tools-for-stm32.9-2020-q2-update.win32_2.0.0.202105311346/tools/bin/../lib/gcc/arm-none-eabi/9.3.1/thumb/v7e-m+fp/hard/crtn.o
                0x0000000020030000                _estack = (ORIGIN (RAM) + LENGTH (RAM))
                0x0000000000002000                _Min_Heap_Size = 0x2000
                0x0000000000002000                _Min_Stack_Size = 0x2000

.isr_vector     0x0000000008000000      0x1ac
                0x0000000008000000                . = ALIGN (0x4)
 *(.isr_vector)
 .isr_vector    0x0000000008000000      0x1ac ./Core/Startup/startup_stm32f429zitx.o
                0x0000000008000000                g_pfnVectors
                0x00000000080001ac                . = ALIGN (0x4)

.text           0x00000000080001b0     0x9684
                0x00000000080001b0                . = ALIGN (0x4)
 *(.text)
 .text          0x00000000080001b0       0x40 c:/st/stm32cubeide_1.7.0/stm32cubeide/plugins/com.st.stm32cube.ide.mcu.externaltools.gnu-tools-for-stm32.9-2020-q2-update.win32_2.0.0.202105311346/tools/bin/../lib/gcc/arm-none-eabi/9.3.1/thumb/v7e-m+fp/hard/crtbegin.o
 .text          0x00000000080001f0       0xa0 c:/st/stm32cubeide_1.7.0/stm32cubeide/plugins/com.st.stm32cube.ide.mcu.externaltools.gnu-tools-for-stm32.9-2020-q2-update.win32_2.0.0.202105311346/tools/bin/../lib/gcc/arm-none-eabi/9.3.1/../../../../arm-none-eabi/lib/thumb/v7e-m+fp/hard\libc_nano.a(lib_a-memchr.o)
                0x00000000080001f0                memchr
 .text          0x0000000008000290       0x30 c:/st/stm32cubeide_1.7.0/stm32cubeide/plugins/com.st.stm32cube.ide.mcu.externaltools.gnu-tools-for-stm32.9-2020-q2-update.win32_2.0.0.202105311346/tools/bin/../lib/gcc/arm-none-eabi/9.3.1/thumb/v7e-m+fp/hard\libgcc.a(_aeabi_uldivmod.o)
                0x0000000008000290                __aeabi_uldivmod
 .text          0x00000000080002c0      0x2c4 c:/st/stm32cubeide_1.7.0/stm32cubeide/plugins/com.st.stm32cube.ide.mcu.externaltools.gnu-tools-for-stm32.9-2020-q2-update.win32_2.0.0.202105311346/tools/bin/../lib/gcc/arm-none-eabi/9.3.1/thumb/v7e-m+fp/hard\libgcc.a(_udivmoddi4.o)
                0x00000000080002c0                __udivmoddi4
 .text          0x0000000008000584        0x4 c:/st/stm32cubeide_1.7.0/stm32cubeide/plugins/com.st.stm32cube.ide.mcu.externaltools.gnu-tools-for-stm32.9-2020-q2-update.win32_2.0.0.202105311346/tools/bin/../lib/gcc/arm-none-eabi/9.3.1/thumb/v7e-m+fp/hard\libgcc.a(_dvmd_tls.o)
                0x0000000008000584                __aeabi_idiv0
                0x0000000008000584                __aeabi_ldiv0
 *(.text*)
 .text.MX_CRC_Init
                0x0000000008000588       0x28 ./Core/Src/crc.o
                0x0000000008000588                MX_CRC_Init
 .text.HAL_CRC_MspInit
                0x00000000080005b0       0x44 ./Core/Src/crc.o
                0x00000000080005b0                HAL_CRC_MspInit
 .text.MX_DMA2D_Init
                0x00000000080005f4       0x64 ./Core/Src/dma2d.o
                0x00000000080005f4                MX_DMA2D_Init
 .text.HAL_DMA2D_MspInit
                0x0000000008000658       0x44 ./Core/Src/dma2d.o
                0x0000000008000658                HAL_DMA2D_MspInit
 .text.HAL_FMC_MspInit
                0x000000000800069c      0x124 ./Core/Src/fmc.o
 .text.HAL_SDRAM_MspInit
                0x00000000080007c0       0x14 ./Core/Src/fmc.o
                0x00000000080007c0                HAL_SDRAM_MspInit
 .text.MX_GPIO_Init
                0x00000000080007d4      0x130 ./Core/Src/gpio.o
                0x00000000080007d4                MX_GPIO_Init
 .text.HAL_I2C_MspInit
                0x0000000008000904       0xd4 ./Core/Src/i2c.o
                0x0000000008000904                HAL_I2C_MspInit
 .text.HAL_I2C_MspDeInit
                0x00000000080009d8       0x4c ./Core/Src/i2c.o
                0x00000000080009d8                HAL_I2C_MspDeInit
 .text.HAL_LTDC_MspInit
                0x0000000008000a24      0x250 ./Core/Src/ltdc.o
                0x0000000008000a24                HAL_LTDC_MspInit
 .text.drawSquare
                0x0000000008000c74       0x70 ./Core/Src/main.o
                0x0000000008000c74                drawSquare
 .text.updateHead
                0x0000000008000ce4       0xb4 ./Core/Src/main.o
                0x0000000008000ce4                updateHead
 .text.updateTail
                0x0000000008000d98      0x108 ./Core/Src/main.o
                0x0000000008000d98                updateTail
 .text.newFruit
                0x0000000008000ea0       0xb8 ./Core/Src/main.o
                0x0000000008000ea0                newFruit
 .text.endGame  0x0000000008000f58       0x24 ./Core/Src/main.o
                0x0000000008000f58                endGame
 .text.checkDeath
                0x0000000008000f7c       0x40 ./Core/Src/main.o
                0x0000000008000f7c                checkDeath
 .text.main     0x0000000008000fbc      0x2bc ./Core/Src/main.o
                0x0000000008000fbc                main
 .text.SystemClock_Config
                0x0000000008001278       0xd4 ./Core/Src/main.o
                0x0000000008001278                SystemClock_Config
 .text.HAL_TIM_PeriodElapsedCallback
                0x000000000800134c       0x9c ./Core/Src/main.o
                0x000000000800134c                HAL_TIM_PeriodElapsedCallback
 .text.Error_Handler
                0x00000000080013e8        0xa ./Core/Src/main.o
                0x00000000080013e8                Error_Handler
 *fill*         0x00000000080013f2        0x2 
 .text.MX_RNG_Init
                0x00000000080013f4       0x28 ./Core/Src/rng.o
                0x00000000080013f4                MX_RNG_Init
 .text.HAL_RNG_MspInit
                0x000000000800141c       0x44 ./Core/Src/rng.o
                0x000000000800141c                HAL_RNG_MspInit
 .text.HAL_SPI_MspInit
                0x0000000008001460       0x90 ./Core/Src/spi.o
                0x0000000008001460                HAL_SPI_MspInit
 .text.HAL_SPI_MspDeInit
                0x00000000080014f0       0x3c ./Core/Src/spi.o
                0x00000000080014f0                HAL_SPI_MspDeInit
 .text.HAL_MspInit
                0x000000000800152c       0x50 ./Core/Src/stm32f4xx_hal_msp.o
                0x000000000800152c                HAL_MspInit
 .text.NMI_Handler
                0x000000000800157c        0x6 ./Core/Src/stm32f4xx_it.o
                0x000000000800157c                NMI_Handler
 .text.HardFault_Handler
                0x0000000008001582        0x6 ./Core/Src/stm32f4xx_it.o
                0x0000000008001582                HardFault_Handler
 .text.MemManage_Handler
                0x0000000008001588        0x6 ./Core/Src/stm32f4xx_it.o
                0x0000000008001588                MemManage_Handler
 .text.BusFault_Handler
                0x000000000800158e        0x6 ./Core/Src/stm32f4xx_it.o
                0x000000000800158e                BusFault_Handler
 .text.UsageFault_Handler
                0x0000000008001594        0x6 ./Core/Src/stm32f4xx_it.o
                0x0000000008001594                UsageFault_Handler
 .text.SVC_Handler
                0x000000000800159a        0xe ./Core/Src/stm32f4xx_it.o
                0x000000000800159a                SVC_Handler
 .text.DebugMon_Handler
                0x00000000080015a8        0xe ./Core/Src/stm32f4xx_it.o
                0x00000000080015a8                DebugMon_Handler
 .text.PendSV_Handler
                0x00000000080015b6        0xe ./Core/Src/stm32f4xx_it.o
                0x00000000080015b6                PendSV_Handler
 .text.SysTick_Handler
                0x00000000080015c4        0xc ./Core/Src/stm32f4xx_it.o
                0x00000000080015c4                SysTick_Handler
 .text.TIM3_IRQHandler
                0x00000000080015d0       0x14 ./Core/Src/stm32f4xx_it.o
                0x00000000080015d0                TIM3_IRQHandler
 .text._getpid  0x00000000080015e4       0x10 ./Core/Src/syscalls.o
                0x00000000080015e4                _getpid
 .text._kill    0x00000000080015f4       0x20 ./Core/Src/syscalls.o
                0x00000000080015f4                _kill
 .text._exit    0x0000000008001614       0x14 ./Core/Src/syscalls.o
                0x0000000008001614                _exit
 .text._read    0x0000000008001628       0x3a ./Core/Src/syscalls.o
                0x0000000008001628                _read
 .text._write   0x0000000008001662       0x38 ./Core/Src/syscalls.o
                0x0000000008001662                _write
 .text._close   0x000000000800169a       0x18 ./Core/Src/syscalls.o
                0x000000000800169a                _close
 .text._fstat   0x00000000080016b2       0x20 ./Core/Src/syscalls.o
                0x00000000080016b2                _fstat
 .text._isatty  0x00000000080016d2       0x16 ./Core/Src/syscalls.o
                0x00000000080016d2                _isatty
 .text._lseek   0x00000000080016e8       0x1a ./Core/Src/syscalls.o
                0x00000000080016e8                _lseek
 *fill*         0x0000000008001702        0x2 
 .text._sbrk    0x0000000008001704       0x6c ./Core/Src/sysmem.o
                0x0000000008001704                _sbrk
 .text.SystemInit
                0x0000000008001770       0x24 ./Core/Src/system_stm32f4xx.o
                0x0000000008001770                SystemInit
 .text.MX_TIM2_Init
                0x0000000008001794       0x9c ./Core/Src/tim.o
                0x0000000008001794                MX_TIM2_Init
 .text.MX_TIM3_Init
                0x0000000008001830       0x9c ./Core/Src/tim.o
                0x0000000008001830                MX_TIM3_Init
 .text.HAL_TIM_Base_MspInit
                0x00000000080018cc       0x78 ./Core/Src/tim.o
                0x00000000080018cc                HAL_TIM_Base_MspInit
 .text.Reset_Handler
                0x0000000008001944       0x50 ./Core/Startup/startup_stm32f429zitx.o
                0x0000000008001944                Reset_Handler
 .text.Default_Handler
                0x0000000008001994        0x2 ./Core/Startup/startup_stm32f429zitx.o
                0x0000000008001994                RTC_Alarm_IRQHandler
                0x0000000008001994                HASH_RNG_IRQHandler
                0x0000000008001994                EXTI2_IRQHandler
                0x0000000008001994                TIM8_CC_IRQHandler
                0x0000000008001994                UART8_IRQHandler
                0x0000000008001994                SPI4_IRQHandler
                0x0000000008001994                TIM1_CC_IRQHandler
                0x0000000008001994                DMA2_Stream5_IRQHandler
                0x0000000008001994                DMA1_Stream5_IRQHandler
                0x0000000008001994                PVD_IRQHandler
                0x0000000008001994                SDIO_IRQHandler
                0x0000000008001994                TAMP_STAMP_IRQHandler
                0x0000000008001994                CAN2_RX1_IRQHandler
                0x0000000008001994                EXTI3_IRQHandler
                0x0000000008001994                TIM8_TRG_COM_TIM14_IRQHandler
                0x0000000008001994                TIM1_UP_TIM10_IRQHandler
                0x0000000008001994                TIM8_UP_TIM13_IRQHandler
                0x0000000008001994                I2C3_ER_IRQHandler
                0x0000000008001994                EXTI0_IRQHandler
                0x0000000008001994                I2C2_EV_IRQHandler
                0x0000000008001994                DMA1_Stream2_IRQHandler
                0x0000000008001994                CAN1_RX0_IRQHandler
                0x0000000008001994                FPU_IRQHandler
                0x0000000008001994                OTG_HS_WKUP_IRQHandler
                0x0000000008001994                LTDC_ER_IRQHandler
                0x0000000008001994                CAN2_SCE_IRQHandler
                0x0000000008001994                DMA2_Stream2_IRQHandler
                0x0000000008001994                SPI1_IRQHandler
                0x0000000008001994                TIM6_DAC_IRQHandler
                0x0000000008001994                TIM1_BRK_TIM9_IRQHandler
                0x0000000008001994                DCMI_IRQHandler
                0x0000000008001994                CAN2_RX0_IRQHandler
                0x0000000008001994                DMA2_Stream3_IRQHandler
                0x0000000008001994                USART6_IRQHandler
                0x0000000008001994                USART3_IRQHandler
                0x0000000008001994                CAN1_RX1_IRQHandler
                0x0000000008001994                UART5_IRQHandler
                0x0000000008001994                DMA2_Stream0_IRQHandler
                0x0000000008001994                TIM4_IRQHandler
                0x0000000008001994                I2C1_EV_IRQHandler
                0x0000000008001994                DMA1_Stream6_IRQHandler
                0x0000000008001994                DMA1_Stream1_IRQHandler
                0x0000000008001994                UART4_IRQHandler
                0x0000000008001994                RCC_IRQHandler
                0x0000000008001994                TIM8_BRK_TIM12_IRQHandler
                0x0000000008001994                Default_Handler
                0x0000000008001994                EXTI15_10_IRQHandler
                0x0000000008001994                ADC_IRQHandler
                0x0000000008001994                DMA1_Stream7_IRQHandler
                0x0000000008001994                SPI5_IRQHandler
                0x0000000008001994                TIM7_IRQHandler
                0x0000000008001994                CAN2_TX_IRQHandler
                0x0000000008001994                TIM5_IRQHandler
                0x0000000008001994                DMA2_Stream7_IRQHandler
                0x0000000008001994                I2C3_EV_IRQHandler
                0x0000000008001994                EXTI9_5_IRQHandler
                0x0000000008001994                RTC_WKUP_IRQHandler
                0x0000000008001994                LTDC_IRQHandler
                0x0000000008001994                ETH_WKUP_IRQHandler
                0x0000000008001994                SPI2_IRQHandler
                0x0000000008001994                OTG_HS_EP1_IN_IRQHandler
                0x0000000008001994                DMA1_Stream0_IRQHandler
                0x0000000008001994                CAN1_TX_IRQHandler
                0x0000000008001994                EXTI4_IRQHandler
                0x0000000008001994                ETH_IRQHandler
                0x0000000008001994                OTG_HS_EP1_OUT_IRQHandler
                0x0000000008001994                WWDG_IRQHandler
                0x0000000008001994                SPI6_IRQHandler
                0x0000000008001994                TIM2_IRQHandler
                0x0000000008001994                OTG_FS_WKUP_IRQHandler
                0x0000000008001994                TIM1_TRG_COM_TIM11_IRQHandler
                0x0000000008001994                OTG_HS_IRQHandler
                0x0000000008001994                DMA2D_IRQHandler
                0x0000000008001994                EXTI1_IRQHandler
                0x0000000008001994                UART7_IRQHandler
                0x0000000008001994                USART2_IRQHandler
                0x0000000008001994                I2C2_ER_IRQHandler
                0x0000000008001994                DMA2_Stream1_IRQHandler
                0x0000000008001994                CAN1_SCE_IRQHandler
                0x0000000008001994                FLASH_IRQHandler
                0x0000000008001994                DMA2_Stream4_IRQHandler
                0x0000000008001994                USART1_IRQHandler
                0x0000000008001994                OTG_FS_IRQHandler
                0x0000000008001994                SPI3_IRQHandler
                0x0000000008001994                DMA1_Stream4_IRQHandler
                0x0000000008001994                I2C1_ER_IRQHandler
                0x0000000008001994                FMC_IRQHandler
                0x0000000008001994                DMA2_Stream6_IRQHandler
                0x0000000008001994                SAI1_IRQHandler
                0x0000000008001994                DMA1_Stream3_IRQHandler
 .text.ili9341_Init
                0x0000000008001996      0x294 ./Drivers/BSP/Components/ili9341/ili9341.o
                0x0000000008001996                ili9341_Init
 .text.ili9341_ReadID
                0x0000000008001c2a       0x18 ./Drivers/BSP/Components/ili9341/ili9341.o
                0x0000000008001c2a                ili9341_ReadID
 .text.ili9341_DisplayOn
                0x0000000008001c42        0xe ./Drivers/BSP/Components/ili9341/ili9341.o
                0x0000000008001c42                ili9341_DisplayOn
 .text.ili9341_DisplayOff
                0x0000000008001c50        0xe ./Drivers/BSP/Components/ili9341/ili9341.o
                0x0000000008001c50                ili9341_DisplayOff
 .text.ili9341_WriteReg
                0x0000000008001c5e       0x1a ./Drivers/BSP/Components/ili9341/ili9341.o
                0x0000000008001c5e                ili9341_WriteReg
 .text.ili9341_WriteData
                0x0000000008001c78       0x1a ./Drivers/BSP/Components/ili9341/ili9341.o
                0x0000000008001c78                ili9341_WriteData
 .text.ili9341_ReadData
                0x0000000008001c92       0x26 ./Drivers/BSP/Components/ili9341/ili9341.o
                0x0000000008001c92                ili9341_ReadData
 .text.ili9341_GetLcdPixelWidth
                0x0000000008001cb8       0x10 ./Drivers/BSP/Components/ili9341/ili9341.o
                0x0000000008001cb8                ili9341_GetLcdPixelWidth
 .text.ili9341_GetLcdPixelHeight
                0x0000000008001cc8       0x12 ./Drivers/BSP/Components/ili9341/ili9341.o
                0x0000000008001cc8                ili9341_GetLcdPixelHeight
 *fill*         0x0000000008001cda        0x2 
 .text.stmpe811_Init
                0x0000000008001cdc       0x50 ./Drivers/BSP/Components/stmpe811/stmpe811.o
                0x0000000008001cdc                stmpe811_Init
 .text.stmpe811_Reset
                0x0000000008001d2c       0x3a ./Drivers/BSP/Components/stmpe811/stmpe811.o
                0x0000000008001d2c                stmpe811_Reset
 .text.stmpe811_ReadID
                0x0000000008001d66       0x3e ./Drivers/BSP/Components/stmpe811/stmpe811.o
                0x0000000008001d66                stmpe811_ReadID
 .text.stmpe811_EnableGlobalIT
                0x0000000008001da4       0x3c ./Drivers/BSP/Components/stmpe811/stmpe811.o
                0x0000000008001da4                stmpe811_EnableGlobalIT
 .text.stmpe811_DisableGlobalIT
                0x0000000008001de0       0x3c ./Drivers/BSP/Components/stmpe811/stmpe811.o
                0x0000000008001de0                stmpe811_DisableGlobalIT
 .text.stmpe811_EnableITSource
                0x0000000008001e1c       0x42 ./Drivers/BSP/Components/stmpe811/stmpe811.o
                0x0000000008001e1c                stmpe811_EnableITSource
 .text.stmpe811_DisableITSource
                0x0000000008001e5e       0x4c ./Drivers/BSP/Components/stmpe811/stmpe811.o
                0x0000000008001e5e                stmpe811_DisableITSource
 .text.stmpe811_ReadGITStatus
                0x0000000008001eaa       0x2e ./Drivers/BSP/Components/stmpe811/stmpe811.o
                0x0000000008001eaa                stmpe811_ReadGITStatus
 .text.stmpe811_ClearGlobalIT
                0x0000000008001ed8       0x26 ./Drivers/BSP/Components/stmpe811/stmpe811.o
                0x0000000008001ed8                stmpe811_ClearGlobalIT
 .text.stmpe811_IO_EnableAF
                0x0000000008001efe       0x48 ./Drivers/BSP/Components/stmpe811/stmpe811.o
                0x0000000008001efe                stmpe811_IO_EnableAF
 .text.stmpe811_TS_Start
                0x0000000008001f46       0xf0 ./Drivers/BSP/Components/stmpe811/stmpe811.o
                0x0000000008001f46                stmpe811_TS_Start
 .text.stmpe811_TS_DetectTouch
                0x0000000008002036       0x70 ./Drivers/BSP/Components/stmpe811/stmpe811.o
                0x0000000008002036                stmpe811_TS_DetectTouch
 .text.stmpe811_TS_GetXY
                0x00000000080020a6       0x72 ./Drivers/BSP/Components/stmpe811/stmpe811.o
                0x00000000080020a6                stmpe811_TS_GetXY
 .text.stmpe811_TS_EnableIT
                0x0000000008002118       0x28 ./Drivers/BSP/Components/stmpe811/stmpe811.o
                0x0000000008002118                stmpe811_TS_EnableIT
 .text.stmpe811_TS_DisableIT
                0x0000000008002140       0x24 ./Drivers/BSP/Components/stmpe811/stmpe811.o
                0x0000000008002140                stmpe811_TS_DisableIT
 .text.stmpe811_TS_ITStatus
                0x0000000008002164       0x1e ./Drivers/BSP/Components/stmpe811/stmpe811.o
                0x0000000008002164                stmpe811_TS_ITStatus
 .text.stmpe811_TS_ClearIT
                0x0000000008002182       0x1c ./Drivers/BSP/Components/stmpe811/stmpe811.o
                0x0000000008002182                stmpe811_TS_ClearIT
 *fill*         0x000000000800219e        0x2 
 .text.stmpe811_GetInstance
                0x00000000080021a0       0x44 ./Drivers/BSP/Components/stmpe811/stmpe811.o
 .text.I2Cx_MspInit
                0x00000000080021e4       0xec ./Drivers/BSP/STM32F429I-Discovery/stm32f429i_discovery.o
 .text.I2Cx_Init
                0x00000000080022d0       0x64 ./Drivers/BSP/STM32F429I-Discovery/stm32f429i_discovery.o
 .text.I2Cx_ITConfig
                0x0000000008002334       0x60 ./Drivers/BSP/STM32F429I-Discovery/stm32f429i_discovery.o
 .text.I2Cx_WriteData
                0x0000000008002394       0x54 ./Drivers/BSP/STM32F429I-Discovery/stm32f429i_discovery.o
 .text.I2Cx_ReadData
                0x00000000080023e8       0x58 ./Drivers/BSP/STM32F429I-Discovery/stm32f429i_discovery.o
 .text.I2Cx_ReadBuffer
                0x0000000008002440       0x5c ./Drivers/BSP/STM32F429I-Discovery/stm32f429i_discovery.o
 .text.I2Cx_Error
                0x000000000800249c       0x18 ./Drivers/BSP/STM32F429I-Discovery/stm32f429i_discovery.o
 .text.SPIx_Init
                0x00000000080024b4       0x74 ./Drivers/BSP/STM32F429I-Discovery/stm32f429i_discovery.o
 .text.SPIx_Read
                0x0000000008002528       0x40 ./Drivers/BSP/STM32F429I-Discovery/stm32f429i_discovery.o
 .text.SPIx_Write
                0x0000000008002568       0x3c ./Drivers/BSP/STM32F429I-Discovery/stm32f429i_discovery.o
 .text.SPIx_Error
                0x00000000080025a4       0x18 ./Drivers/BSP/STM32F429I-Discovery/stm32f429i_discovery.o
 .text.SPIx_MspInit
                0x00000000080025bc       0x74 ./Drivers/BSP/STM32F429I-Discovery/stm32f429i_discovery.o
 .text.LCD_IO_Init
                0x0000000008002630       0xf0 ./Drivers/BSP/STM32F429I-Discovery/stm32f429i_discovery.o
                0x0000000008002630                LCD_IO_Init
 .text.LCD_IO_WriteData
                0x0000000008002720       0x44 ./Drivers/BSP/STM32F429I-Discovery/stm32f429i_discovery.o
                0x0000000008002720                LCD_IO_WriteData
 .text.LCD_IO_WriteReg
                0x0000000008002764       0x44 ./Drivers/BSP/STM32F429I-Discovery/stm32f429i_discovery.o
                0x0000000008002764                LCD_IO_WriteReg
 .text.LCD_IO_ReadData
                0x00000000080027a8       0x64 ./Drivers/BSP/STM32F429I-Discovery/stm32f429i_discovery.o
                0x00000000080027a8                LCD_IO_ReadData
 .text.LCD_Delay
                0x000000000800280c       0x16 ./Drivers/BSP/STM32F429I-Discovery/stm32f429i_discovery.o
                0x000000000800280c                LCD_Delay
 .text.IOE_Init
                0x0000000008002822        0xc ./Drivers/BSP/STM32F429I-Discovery/stm32f429i_discovery.o
                0x0000000008002822                IOE_Init
 .text.IOE_ITConfig
                0x000000000800282e        0xc ./Drivers/BSP/STM32F429I-Discovery/stm32f429i_discovery.o
                0x000000000800282e                IOE_ITConfig
 .text.IOE_Write
                0x000000000800283a       0x26 ./Drivers/BSP/STM32F429I-Discovery/stm32f429i_discovery.o
                0x000000000800283a                IOE_Write
 .text.IOE_Read
                0x0000000008002860       0x26 ./Drivers/BSP/STM32F429I-Discovery/stm32f429i_discovery.o
                0x0000000008002860                IOE_Read
 .text.IOE_ReadMultiple
                0x0000000008002886       0x2e ./Drivers/BSP/STM32F429I-Discovery/stm32f429i_discovery.o
                0x0000000008002886                IOE_ReadMultiple
 .text.IOE_Delay
                0x00000000080028b4       0x16 ./Drivers/BSP/STM32F429I-Discovery/stm32f429i_discovery.o
                0x00000000080028b4                IOE_Delay
 *fill*         0x00000000080028ca        0x2 
 .text.BSP_LCD_Init
                0x00000000080028cc       0xd4 ./Drivers/BSP/STM32F429I-Discovery/stm32f429i_discovery_lcd.o
                0x00000000080028cc                BSP_LCD_Init
 .text.BSP_LCD_GetXSize
                0x00000000080029a0       0x18 ./Drivers/BSP/STM32F429I-Discovery/stm32f429i_discovery_lcd.o
                0x00000000080029a0                BSP_LCD_GetXSize
 .text.BSP_LCD_GetYSize
                0x00000000080029b8       0x18 ./Drivers/BSP/STM32F429I-Discovery/stm32f429i_discovery_lcd.o
                0x00000000080029b8                BSP_LCD_GetYSize
 .text.BSP_LCD_LayerDefaultInit
                0x00000000080029d0       0xc8 ./Drivers/BSP/STM32F429I-Discovery/stm32f429i_discovery_lcd.o
                0x00000000080029d0                BSP_LCD_LayerDefaultInit
 .text.BSP_LCD_SelectLayer
                0x0000000008002a98       0x20 ./Drivers/BSP/STM32F429I-Discovery/stm32f429i_discovery_lcd.o
                0x0000000008002a98                BSP_LCD_SelectLayer
 .text.BSP_LCD_SetTextColor
                0x0000000008002ab8       0x30 ./Drivers/BSP/STM32F429I-Discovery/stm32f429i_discovery_lcd.o
                0x0000000008002ab8                BSP_LCD_SetTextColor
 .text.BSP_LCD_SetBackColor
                0x0000000008002ae8       0x34 ./Drivers/BSP/STM32F429I-Discovery/stm32f429i_discovery_lcd.o
                0x0000000008002ae8                BSP_LCD_SetBackColor
 .text.BSP_LCD_SetFont
                0x0000000008002b1c       0x34 ./Drivers/BSP/STM32F429I-Discovery/stm32f429i_discovery_lcd.o
                0x0000000008002b1c                BSP_LCD_SetFont
 .text.BSP_LCD_ReadPixel
                0x0000000008002b50      0x14c ./Drivers/BSP/STM32F429I-Discovery/stm32f429i_discovery_lcd.o
                0x0000000008002b50                BSP_LCD_ReadPixel
 .text.BSP_LCD_Clear
                0x0000000008002c9c       0x50 ./Drivers/BSP/STM32F429I-Discovery/stm32f429i_discovery_lcd.o
                0x0000000008002c9c                BSP_LCD_Clear
 .text.BSP_LCD_DisplayChar
                0x0000000008002cec       0x88 ./Drivers/BSP/STM32F429I-Discovery/stm32f429i_discovery_lcd.o
                0x0000000008002cec                BSP_LCD_DisplayChar
 .text.BSP_LCD_DisplayStringAt
                0x0000000008002d74      0x17c ./Drivers/BSP/STM32F429I-Discovery/stm32f429i_discovery_lcd.o
                0x0000000008002d74                BSP_LCD_DisplayStringAt
 .text.BSP_LCD_DrawHLine
                0x0000000008002ef0       0x7c ./Drivers/BSP/STM32F429I-Discovery/stm32f429i_discovery_lcd.o
                0x0000000008002ef0                BSP_LCD_DrawHLine
 .text.BSP_LCD_DrawVLine
                0x0000000008002f6c       0x84 ./Drivers/BSP/STM32F429I-Discovery/stm32f429i_discovery_lcd.o
                0x0000000008002f6c                BSP_LCD_DrawVLine
 .text.BSP_LCD_DrawRect
                0x0000000008002ff0       0x62 ./Drivers/BSP/STM32F429I-Discovery/stm32f429i_discovery_lcd.o
                0x0000000008002ff0                BSP_LCD_DrawRect
 *fill*         0x0000000008003052        0x2 
 .text.BSP_LCD_FillRect
                0x0000000008003054       0xb4 ./Drivers/BSP/STM32F429I-Discovery/stm32f429i_discovery_lcd.o
                0x0000000008003054                BSP_LCD_FillRect
 .text.BSP_LCD_DisplayOn
                0x0000000008003108       0x20 ./Drivers/BSP/STM32F429I-Discovery/stm32f429i_discovery_lcd.o
                0x0000000008003108                BSP_LCD_DisplayOn
 .text.BSP_LCD_MspInit
                0x0000000008003128      0x1ac ./Drivers/BSP/STM32F429I-Discovery/stm32f429i_discovery_lcd.o
                0x0000000008003128                BSP_LCD_MspInit
 .text.BSP_LCD_DrawPixel
                0x00000000080032d4       0x4c ./Drivers/BSP/STM32F429I-Discovery/stm32f429i_discovery_lcd.o
                0x00000000080032d4                BSP_LCD_DrawPixel
 .text.DrawChar
                0x0000000008003320      0x174 ./Drivers/BSP/STM32F429I-Discovery/stm32f429i_discovery_lcd.o
 .text.FillBuffer
                0x0000000008003494       0x70 ./Drivers/BSP/STM32F429I-Discovery/stm32f429i_discovery_lcd.o
 .text.BSP_SDRAM_Init
                0x0000000008003504       0xbc ./Drivers/BSP/STM32F429I-Discovery/stm32f429i_discovery_sdram.o
                0x0000000008003504                BSP_SDRAM_Init
 .text.BSP_SDRAM_Initialization_sequence
                0x00000000080035c0       0xc0 ./Drivers/BSP/STM32F429I-Discovery/stm32f429i_discovery_sdram.o
                0x00000000080035c0                BSP_SDRAM_Initialization_sequence
 .text.BSP_SDRAM_MspInit
                0x0000000008003680      0x218 ./Drivers/BSP/STM32F429I-Discovery/stm32f429i_discovery_sdram.o
                0x0000000008003680                BSP_SDRAM_MspInit
 .text.BSP_TS_Init
                0x0000000008003898       0x74 ./Drivers/BSP/STM32F429I-Discovery/stm32f429i_discovery_ts.o
                0x0000000008003898                BSP_TS_Init
 .text.BSP_TS_GetState
                0x000000000800390c      0x164 ./Drivers/BSP/STM32F429I-Discovery/stm32f429i_discovery_ts.o
                0x000000000800390c                BSP_TS_GetState
 .text.HAL_Init
                0x0000000008003a70       0x44 ./Drivers/STM32F4xx_HAL_Driver/Src/stm32f4xx_hal.o
                0x0000000008003a70                HAL_Init
 .text.HAL_InitTick
                0x0000000008003ab4       0x60 ./Drivers/STM32F4xx_HAL_Driver/Src/stm32f4xx_hal.o
                0x0000000008003ab4                HAL_InitTick
 .text.HAL_IncTick
                0x0000000008003b14       0x28 ./Drivers/STM32F4xx_HAL_Driver/Src/stm32f4xx_hal.o
                0x0000000008003b14                HAL_IncTick
 .text.HAL_GetTick
                0x0000000008003b3c       0x18 ./Drivers/STM32F4xx_HAL_Driver/Src/stm32f4xx_hal.o
                0x0000000008003b3c                HAL_GetTick
 .text.HAL_Delay
                0x0000000008003b54       0x48 ./Drivers/STM32F4xx_HAL_Driver/Src/stm32f4xx_hal.o
                0x0000000008003b54                HAL_Delay
 .text.__NVIC_SetPriorityGrouping
                0x0000000008003b9c       0x48 ./Drivers/STM32F4xx_HAL_Driver/Src/stm32f4xx_hal_cortex.o
 .text.__NVIC_GetPriorityGrouping
                0x0000000008003be4       0x1c ./Drivers/STM32F4xx_HAL_Driver/Src/stm32f4xx_hal_cortex.o
 .text.__NVIC_EnableIRQ
                0x0000000008003c00       0x3c ./Drivers/STM32F4xx_HAL_Driver/Src/stm32f4xx_hal_cortex.o
 .text.__NVIC_SetPriority
                0x0000000008003c3c       0x54 ./Drivers/STM32F4xx_HAL_Driver/Src/stm32f4xx_hal_cortex.o
 .text.NVIC_EncodePriority
                0x0000000008003c90       0x66 ./Drivers/STM32F4xx_HAL_Driver/Src/stm32f4xx_hal_cortex.o
 *fill*         0x0000000008003cf6        0x2 
 .text.SysTick_Config
                0x0000000008003cf8       0x44 ./Drivers/STM32F4xx_HAL_Driver/Src/stm32f4xx_hal_cortex.o
 .text.HAL_NVIC_SetPriorityGrouping
                0x0000000008003d3c       0x16 ./Drivers/STM32F4xx_HAL_Driver/Src/stm32f4xx_hal_cortex.o
                0x0000000008003d3c                HAL_NVIC_SetPriorityGrouping
 .text.HAL_NVIC_SetPriority
                0x0000000008003d52       0x38 ./Drivers/STM32F4xx_HAL_Driver/Src/stm32f4xx_hal_cortex.o
                0x0000000008003d52                HAL_NVIC_SetPriority
 .text.HAL_NVIC_EnableIRQ
                0x0000000008003d8a       0x1c ./Drivers/STM32F4xx_HAL_Driver/Src/stm32f4xx_hal_cortex.o
                0x0000000008003d8a                HAL_NVIC_EnableIRQ
 .text.HAL_SYSTICK_Config
                0x0000000008003da6       0x18 ./Drivers/STM32F4xx_HAL_Driver/Src/stm32f4xx_hal_cortex.o
                0x0000000008003da6                HAL_SYSTICK_Config
 .text.HAL_CRC_Init
                0x0000000008003dbe       0x38 ./Drivers/STM32F4xx_HAL_Driver/Src/stm32f4xx_hal_crc.o
                0x0000000008003dbe                HAL_CRC_Init
 *fill*         0x0000000008003df6        0x2 
 .text.HAL_DMA_Init
                0x0000000008003df8      0x15c ./Drivers/STM32F4xx_HAL_Driver/Src/stm32f4xx_hal_dma.o
                0x0000000008003df8                HAL_DMA_Init
 .text.HAL_DMA_DeInit
                0x0000000008003f54       0xbc ./Drivers/STM32F4xx_HAL_Driver/Src/stm32f4xx_hal_dma.o
                0x0000000008003f54                HAL_DMA_DeInit
 .text.DMA_CalcBaseAndBitshift
                0x0000000008004010       0x6c ./Drivers/STM32F4xx_HAL_Driver/Src/stm32f4xx_hal_dma.o
 .text.DMA_CheckFifoParam
                0x000000000800407c       0xf8 ./Drivers/STM32F4xx_HAL_Driver/Src/stm32f4xx_hal_dma.o
 .text.HAL_DMA2D_Init
                0x0000000008004174       0x92 ./Drivers/STM32F4xx_HAL_Driver/Src/stm32f4xx_hal_dma2d.o
                0x0000000008004174                HAL_DMA2D_Init
 .text.HAL_DMA2D_Start
                0x0000000008004206       0x56 ./Drivers/STM32F4xx_HAL_Driver/Src/stm32f4xx_hal_dma2d.o
                0x0000000008004206                HAL_DMA2D_Start
 .text.HAL_DMA2D_PollForTransfer
                0x000000000800425c      0x1d2 ./Drivers/STM32F4xx_HAL_Driver/Src/stm32f4xx_hal_dma2d.o
                0x000000000800425c                HAL_DMA2D_PollForTransfer
 *fill*         0x000000000800442e        0x2 
 .text.HAL_DMA2D_ConfigLayer
                0x0000000008004430      0x124 ./Drivers/STM32F4xx_HAL_Driver/Src/stm32f4xx_hal_dma2d.o
                0x0000000008004430                HAL_DMA2D_ConfigLayer
 .text.DMA2D_SetConfig
                0x0000000008004554      0x138 ./Drivers/STM32F4xx_HAL_Driver/Src/stm32f4xx_hal_dma2d.o
 .text.HAL_GPIO_Init
                0x000000000800468c      0x358 ./Drivers/STM32F4xx_HAL_Driver/Src/stm32f4xx_hal_gpio.o
                0x000000000800468c                HAL_GPIO_Init
 .text.HAL_GPIO_DeInit
                0x00000000080049e4      0x218 ./Drivers/STM32F4xx_HAL_Driver/Src/stm32f4xx_hal_gpio.o
                0x00000000080049e4                HAL_GPIO_DeInit
 .text.HAL_GPIO_WritePin
                0x0000000008004bfc       0x32 ./Drivers/STM32F4xx_HAL_Driver/Src/stm32f4xx_hal_gpio.o
                0x0000000008004bfc                HAL_GPIO_WritePin
 *fill*         0x0000000008004c2e        0x2 
 .text.HAL_I2C_Init
                0x0000000008004c30      0x288 ./Drivers/STM32F4xx_HAL_Driver/Src/stm32f4xx_hal_i2c.o
                0x0000000008004c30                HAL_I2C_Init
 .text.HAL_I2C_DeInit
                0x0000000008004eb8       0x5e ./Drivers/STM32F4xx_HAL_Driver/Src/stm32f4xx_hal_i2c.o
                0x0000000008004eb8                HAL_I2C_DeInit
 *fill*         0x0000000008004f16        0x2 
 .text.HAL_I2C_Mem_Write
                0x0000000008004f18      0x1f4 ./Drivers/STM32F4xx_HAL_Driver/Src/stm32f4xx_hal_i2c.o
                0x0000000008004f18                HAL_I2C_Mem_Write
 .text.HAL_I2C_Mem_Read
                0x000000000800510c      0x44c ./Drivers/STM32F4xx_HAL_Driver/Src/stm32f4xx_hal_i2c.o
                0x000000000800510c                HAL_I2C_Mem_Read
 .text.HAL_I2C_GetState
                0x0000000008005558       0x1c ./Drivers/STM32F4xx_HAL_Driver/Src/stm32f4xx_hal_i2c.o
                0x0000000008005558                HAL_I2C_GetState
 .text.I2C_RequestMemoryWrite
                0x0000000008005574      0x12c ./Drivers/STM32F4xx_HAL_Driver/Src/stm32f4xx_hal_i2c.o
 .text.I2C_RequestMemoryRead
                0x00000000080056a0      0x1d0 ./Drivers/STM32F4xx_HAL_Driver/Src/stm32f4xx_hal_i2c.o
 .text.I2C_WaitOnFlagUntilTimeout
                0x0000000008005870       0xae ./Drivers/STM32F4xx_HAL_Driver/Src/stm32f4xx_hal_i2c.o
 .text.I2C_WaitOnMasterAddressFlagUntilTimeout
                0x000000000800591e       0xfe ./Drivers/STM32F4xx_HAL_Driver/Src/stm32f4xx_hal_i2c.o
 .text.I2C_WaitOnTXEFlagUntilTimeout
                0x0000000008005a1c       0x82 ./Drivers/STM32F4xx_HAL_Driver/Src/stm32f4xx_hal_i2c.o
 .text.I2C_WaitOnBTFFlagUntilTimeout
                0x0000000008005a9e       0x82 ./Drivers/STM32F4xx_HAL_Driver/Src/stm32f4xx_hal_i2c.o
 .text.I2C_WaitOnRXNEFlagUntilTimeout
                0x0000000008005b20       0xac ./Drivers/STM32F4xx_HAL_Driver/Src/stm32f4xx_hal_i2c.o
 .text.I2C_IsAcknowledgeFailed
                0x0000000008005bcc       0x5e ./Drivers/STM32F4xx_HAL_Driver/Src/stm32f4xx_hal_i2c.o
 *fill*         0x0000000008005c2a        0x2 
 .text.HAL_LTDC_Init
                0x0000000008005c2c      0x1a0 ./Drivers/STM32F4xx_HAL_Driver/Src/stm32f4xx_hal_ltdc.o
                0x0000000008005c2c                HAL_LTDC_Init
 .text.HAL_LTDC_ConfigLayer
                0x0000000008005dcc       0x7c ./Drivers/STM32F4xx_HAL_Driver/Src/stm32f4xx_hal_ltdc.o
                0x0000000008005dcc                HAL_LTDC_ConfigLayer
 .text.HAL_LTDC_EnableDither
                0x0000000008005e48       0x54 ./Drivers/STM32F4xx_HAL_Driver/Src/stm32f4xx_hal_ltdc.o
                0x0000000008005e48                HAL_LTDC_EnableDither
 .text.LTDC_SetConfig
                0x0000000008005e9c      0x32e ./Drivers/STM32F4xx_HAL_Driver/Src/stm32f4xx_hal_ltdc.o
 *fill*         0x00000000080061ca        0x2 
 .text.HAL_RCC_OscConfig
                0x00000000080061cc      0x4f0 ./Drivers/STM32F4xx_HAL_Driver/Src/stm32f4xx_hal_rcc.o
                0x00000000080061cc                HAL_RCC_OscConfig
 .text.HAL_RCC_ClockConfig
                0x00000000080066bc      0x1cc ./Drivers/STM32F4xx_HAL_Driver/Src/stm32f4xx_hal_rcc.o
                0x00000000080066bc                HAL_RCC_ClockConfig
 .text.HAL_RCC_GetSysClockFreq
                0x0000000008006888      0x1c4 ./Drivers/STM32F4xx_HAL_Driver/Src/stm32f4xx_hal_rcc.o
                0x0000000008006888                HAL_RCC_GetSysClockFreq
 .text.HAL_RCC_GetHCLKFreq
                0x0000000008006a4c       0x18 ./Drivers/STM32F4xx_HAL_Driver/Src/stm32f4xx_hal_rcc.o
                0x0000000008006a4c                HAL_RCC_GetHCLKFreq
 .text.HAL_RCC_GetPCLK1Freq
                0x0000000008006a64       0x28 ./Drivers/STM32F4xx_HAL_Driver/Src/stm32f4xx_hal_rcc.o
                0x0000000008006a64                HAL_RCC_GetPCLK1Freq
 .text.HAL_RCCEx_PeriphCLKConfig
                0x0000000008006a8c      0x37c ./Drivers/STM32F4xx_HAL_Driver/Src/stm32f4xx_hal_rcc_ex.o
                0x0000000008006a8c                HAL_RCCEx_PeriphCLKConfig
 .text.HAL_RNG_Init
                0x0000000008006e08       0x54 ./Drivers/STM32F4xx_HAL_Driver/Src/stm32f4xx_hal_rng.o
                0x0000000008006e08                HAL_RNG_Init
 .text.HAL_SDRAM_Init
                0x0000000008006e5c       0x68 ./Drivers/STM32F4xx_HAL_Driver/Src/stm32f4xx_hal_sdram.o
                0x0000000008006e5c                HAL_SDRAM_Init
 .text.HAL_SDRAM_SendCommand
                0x0000000008006ec4       0x56 ./Drivers/STM32F4xx_HAL_Driver/Src/stm32f4xx_hal_sdram.o
                0x0000000008006ec4                HAL_SDRAM_SendCommand
 .text.HAL_SDRAM_ProgramRefreshRate
                0x0000000008006f1a       0x40 ./Drivers/STM32F4xx_HAL_Driver/Src/stm32f4xx_hal_sdram.o
                0x0000000008006f1a                HAL_SDRAM_ProgramRefreshRate
 .text.HAL_SPI_Init
                0x0000000008006f5a      0x112 ./Drivers/STM32F4xx_HAL_Driver/Src/stm32f4xx_hal_spi.o
                0x0000000008006f5a                HAL_SPI_Init
 .text.HAL_SPI_DeInit
                0x000000000800706c       0x50 ./Drivers/STM32F4xx_HAL_Driver/Src/stm32f4xx_hal_spi.o
                0x000000000800706c                HAL_SPI_DeInit
 .text.HAL_SPI_Transmit
                0x00000000080070bc      0x278 ./Drivers/STM32F4xx_HAL_Driver/Src/stm32f4xx_hal_spi.o
                0x00000000080070bc                HAL_SPI_Transmit
 .text.HAL_SPI_Receive
                0x0000000008007334      0x222 ./Drivers/STM32F4xx_HAL_Driver/Src/stm32f4xx_hal_spi.o
                0x0000000008007334                HAL_SPI_Receive
 .text.HAL_SPI_TransmitReceive
                0x0000000008007556      0x344 ./Drivers/STM32F4xx_HAL_Driver/Src/stm32f4xx_hal_spi.o
                0x0000000008007556                HAL_SPI_TransmitReceive
 .text.HAL_SPI_GetState
                0x000000000800789a       0x1c ./Drivers/STM32F4xx_HAL_Driver/Src/stm32f4xx_hal_spi.o
                0x000000000800789a                HAL_SPI_GetState
 *fill*         0x00000000080078b6        0x2 
 .text.SPI_WaitFlagStateUntilTimeout
                0x00000000080078b8      0x110 ./Drivers/STM32F4xx_HAL_Driver/Src/stm32f4xx_hal_spi.o
 .text.SPI_EndRxTransaction
                0x00000000080079c8       0xca ./Drivers/STM32F4xx_HAL_Driver/Src/stm32f4xx_hal_spi.o
 *fill*         0x0000000008007a92        0x2 
 .text.SPI_EndRxTxTransaction
                0x0000000008007a94       0x84 ./Drivers/STM32F4xx_HAL_Driver/Src/stm32f4xx_hal_spi.o
 .text.HAL_TIM_Base_Init
                0x0000000008007b18       0x9e ./Drivers/STM32F4xx_HAL_Driver/Src/stm32f4xx_hal_tim.o
                0x0000000008007b18                HAL_TIM_Base_Init
 *fill*         0x0000000008007bb6        0x2 
 .text.HAL_TIM_Base_Start_IT
                0x0000000008007bb8       0xe0 ./Drivers/STM32F4xx_HAL_Driver/Src/stm32f4xx_hal_tim.o
                0x0000000008007bb8                HAL_TIM_Base_Start_IT
 .text.HAL_TIM_IRQHandler
                0x0000000008007c98      0x210 ./Drivers/STM32F4xx_HAL_Driver/Src/stm32f4xx_hal_tim.o
                0x0000000008007c98                HAL_TIM_IRQHandler
 .text.HAL_TIM_ConfigClockSource
                0x0000000008007ea8      0x18e ./Drivers/STM32F4xx_HAL_Driver/Src/stm32f4xx_hal_tim.o
                0x0000000008007ea8                HAL_TIM_ConfigClockSource
 .text.HAL_TIM_OC_DelayElapsedCallback
                0x0000000008008036       0x14 ./Drivers/STM32F4xx_HAL_Driver/Src/stm32f4xx_hal_tim.o
                0x0000000008008036                HAL_TIM_OC_DelayElapsedCallback
 .text.HAL_TIM_IC_CaptureCallback
                0x000000000800804a       0x14 ./Drivers/STM32F4xx_HAL_Driver/Src/stm32f4xx_hal_tim.o
                0x000000000800804a                HAL_TIM_IC_CaptureCallback
 .text.HAL_TIM_PWM_PulseFinishedCallback
                0x000000000800805e       0x14 ./Drivers/STM32F4xx_HAL_Driver/Src/stm32f4xx_hal_tim.o
                0x000000000800805e                HAL_TIM_PWM_PulseFinishedCallback
 .text.HAL_TIM_TriggerCallback
                0x0000000008008072       0x14 ./Drivers/STM32F4xx_HAL_Driver/Src/stm32f4xx_hal_tim.o
                0x0000000008008072                HAL_TIM_TriggerCallback
 *fill*         0x0000000008008086        0x2 
 .text.TIM_Base_SetConfig
                0x0000000008008088      0x140 ./Drivers/STM32F4xx_HAL_Driver/Src/stm32f4xx_hal_tim.o
                0x0000000008008088                TIM_Base_SetConfig
 .text.TIM_TI1_ConfigInputStage
                0x00000000080081c8       0x5e ./Drivers/STM32F4xx_HAL_Driver/Src/stm32f4xx_hal_tim.o
 .text.TIM_TI2_ConfigInputStage
                0x0000000008008226       0x60 ./Drivers/STM32F4xx_HAL_Driver/Src/stm32f4xx_hal_tim.o
 .text.TIM_ITRx_SetConfig
                0x0000000008008286       0x36 ./Drivers/STM32F4xx_HAL_Driver/Src/stm32f4xx_hal_tim.o
 .text.TIM_ETR_SetConfig
                0x00000000080082bc       0x40 ./Drivers/STM32F4xx_HAL_Driver/Src/stm32f4xx_hal_tim.o
                0x00000000080082bc                TIM_ETR_SetConfig
 .text.HAL_TIMEx_MasterConfigSynchronization
                0x00000000080082fc       0xf8 ./Drivers/STM32F4xx_HAL_Driver/Src/stm32f4xx_hal_tim_ex.o
                0x00000000080082fc                HAL_TIMEx_MasterConfigSynchronization
 .text.HAL_TIMEx_CommutCallback
                0x00000000080083f4       0x14 ./Drivers/STM32F4xx_HAL_Driver/Src/stm32f4xx_hal_tim_ex.o
                0x00000000080083f4                HAL_TIMEx_CommutCallback
 .text.HAL_TIMEx_BreakCallback
                0x0000000008008408       0x14 ./Drivers/STM32F4xx_HAL_Driver/Src/stm32f4xx_hal_tim_ex.o
                0x0000000008008408                HAL_TIMEx_BreakCallback
 .text.FMC_SDRAM_Init
                0x000000000800841c       0xe6 ./Drivers/STM32F4xx_HAL_Driver/Src/stm32f4xx_ll_fmc.o
                0x000000000800841c                FMC_SDRAM_Init
 .text.FMC_SDRAM_Timing_Init
                0x0000000008008502       0xfe ./Drivers/STM32F4xx_HAL_Driver/Src/stm32f4xx_ll_fmc.o
                0x0000000008008502                FMC_SDRAM_Timing_Init
 .text.FMC_SDRAM_SendCommand
                0x0000000008008600       0x78 ./Drivers/STM32F4xx_HAL_Driver/Src/stm32f4xx_ll_fmc.o
                0x0000000008008600                FMC_SDRAM_SendCommand
 .text.FMC_SDRAM_ProgramRefreshRate
                0x0000000008008678       0x26 ./Drivers/STM32F4xx_HAL_Driver/Src/stm32f4xx_ll_fmc.o
                0x0000000008008678                FMC_SDRAM_ProgramRefreshRate
 *fill*         0x000000000800869e        0x2 
 .text.__errno  0x00000000080086a0        0xc c:/st/stm32cubeide_1.7.0/stm32cubeide/plugins/com.st.stm32cube.ide.mcu.externaltools.gnu-tools-for-stm32.9-2020-q2-update.win32_2.0.0.202105311346/tools/bin/../lib/gcc/arm-none-eabi/9.3.1/../../../../arm-none-eabi/lib/thumb/v7e-m+fp/hard\libc_nano.a(lib_a-errno.o)
                0x00000000080086a0                __errno
 .text.__libc_init_array
                0x00000000080086ac       0x48 c:/st/stm32cubeide_1.7.0/stm32cubeide/plugins/com.st.stm32cube.ide.mcu.externaltools.gnu-tools-for-stm32.9-2020-q2-update.win32_2.0.0.202105311346/tools/bin/../lib/gcc/arm-none-eabi/9.3.1/../../../../arm-none-eabi/lib/thumb/v7e-m+fp/hard\libc_nano.a(lib_a-init.o)
                0x00000000080086ac                __libc_init_array
 .text.__itoa   0x00000000080086f4       0x30 c:/st/stm32cubeide_1.7.0/stm32cubeide/plugins/com.st.stm32cube.ide.mcu.externaltools.gnu-tools-for-stm32.9-2020-q2-update.win32_2.0.0.202105311346/tools/bin/../lib/gcc/arm-none-eabi/9.3.1/../../../../arm-none-eabi/lib/thumb/v7e-m+fp/hard\libc_nano.a(lib_a-itoa.o)
                0x00000000080086f4                __itoa
 .text.itoa     0x0000000008008724        0x4 c:/st/stm32cubeide_1.7.0/stm32cubeide/plugins/com.st.stm32cube.ide.mcu.externaltools.gnu-tools-for-stm32.9-2020-q2-update.win32_2.0.0.202105311346/tools/bin/../lib/gcc/arm-none-eabi/9.3.1/../../../../arm-none-eabi/lib/thumb/v7e-m+fp/hard\libc_nano.a(lib_a-itoa.o)
                0x0000000008008724                itoa
 .text.memset   0x0000000008008728       0x10 c:/st/stm32cubeide_1.7.0/stm32cubeide/plugins/com.st.stm32cube.ide.mcu.externaltools.gnu-tools-for-stm32.9-2020-q2-update.win32_2.0.0.202105311346/tools/bin/../lib/gcc/arm-none-eabi/9.3.1/../../../../arm-none-eabi/lib/thumb/v7e-m+fp/hard\libc_nano.a(lib_a-memset.o)
                0x0000000008008728                memset
 .text.srand    0x0000000008008738       0x5c c:/st/stm32cubeide_1.7.0/stm32cubeide/plugins/com.st.stm32cube.ide.mcu.externaltools.gnu-tools-for-stm32.9-2020-q2-update.win32_2.0.0.202105311346/tools/bin/../lib/gcc/arm-none-eabi/9.3.1/../../../../arm-none-eabi/lib/thumb/v7e-m+fp/hard\libc_nano.a(lib_a-rand.o)
                0x0000000008008738                srand
 .text.rand     0x0000000008008794       0x80 c:/st/stm32cubeide_1.7.0/stm32cubeide/plugins/com.st.stm32cube.ide.mcu.externaltools.gnu-tools-for-stm32.9-2020-q2-update.win32_2.0.0.202105311346/tools/bin/../lib/gcc/arm-none-eabi/9.3.1/../../../../arm-none-eabi/lib/thumb/v7e-m+fp/hard\libc_nano.a(lib_a-rand.o)
                0x0000000008008794                rand
 .text.__utoa   0x0000000008008814       0x84 c:/st/stm32cubeide_1.7.0/stm32cubeide/plugins/com.st.stm32cube.ide.mcu.externaltools.gnu-tools-for-stm32.9-2020-q2-update.win32_2.0.0.202105311346/tools/bin/../lib/gcc/arm-none-eabi/9.3.1/../../../../arm-none-eabi/lib/thumb/v7e-m+fp/hard\libc_nano.a(lib_a-utoa.o)
                0x0000000008008814                __utoa
 .text.__assert_func
                0x0000000008008898       0x3c c:/st/stm32cubeide_1.7.0/stm32cubeide/plugins/com.st.stm32cube.ide.mcu.externaltools.gnu-tools-for-stm32.9-2020-q2-update.win32_2.0.0.202105311346/tools/bin/../lib/gcc/arm-none-eabi/9.3.1/../../../../arm-none-eabi/lib/thumb/v7e-m+fp/hard\libc_nano.a(lib_a-assert.o)
                0x0000000008008898                __assert_func
 .text.fprintf  0x00000000080088d4       0x24 c:/st/stm32cubeide_1.7.0/stm32cubeide/plugins/com.st.stm32cube.ide.mcu.externaltools.gnu-tools-for-stm32.9-2020-q2-update.win32_2.0.0.202105311346/tools/bin/../lib/gcc/arm-none-eabi/9.3.1/../../../../arm-none-eabi/lib/thumb/v7e-m+fp/hard\libc_nano.a(lib_a-fprintf.o)
                0x00000000080088d4                fiprintf
                0x00000000080088d4                fprintf
 .text.malloc   0x00000000080088f8       0x10 c:/st/stm32cubeide_1.7.0/stm32cubeide/plugins/com.st.stm32cube.ide.mcu.externaltools.gnu-tools-for-stm32.9-2020-q2-update.win32_2.0.0.202105311346/tools/bin/../lib/gcc/arm-none-eabi/9.3.1/../../../../arm-none-eabi/lib/thumb/v7e-m+fp/hard\libc_nano.a(lib_a-malloc.o)
                0x00000000080088f8                malloc
 .text._free_r  0x0000000008008908       0xa0 c:/st/stm32cubeide_1.7.0/stm32cubeide/plugins/com.st.stm32cube.ide.mcu.externaltools.gnu-tools-for-stm32.9-2020-q2-update.win32_2.0.0.202105311346/tools/bin/../lib/gcc/arm-none-eabi/9.3.1/../../../../arm-none-eabi/lib/thumb/v7e-m+fp/hard\libc_nano.a(lib_a-nano-freer.o)
                0x0000000008008908                _free_r
 .text._malloc_r
                0x00000000080089a8       0xb4 c:/st/stm32cubeide_1.7.0/stm32cubeide/plugins/com.st.stm32cube.ide.mcu.externaltools.gnu-tools-for-stm32.9-2020-q2-update.win32_2.0.0.202105311346/tools/bin/../lib/gcc/arm-none-eabi/9.3.1/../../../../arm-none-eabi/lib/thumb/v7e-m+fp/hard\libc_nano.a(lib_a-nano-mallocr.o)
                0x00000000080089a8                _malloc_r
 .text.__sfputc_r
                0x0000000008008a5c       0x2e c:/st/stm32cubeide_1.7.0/stm32cubeide/plugins/com.st.stm32cube.ide.mcu.externaltools.gnu-tools-for-stm32.9-2020-q2-update.win32_2.0.0.202105311346/tools/bin/../lib/gcc/arm-none-eabi/9.3.1/../../../../arm-none-eabi/lib/thumb/v7e-m+fp/hard\libc_nano.a(lib_a-nano-vfprintf.o)
 .text.__sfputs_r
                0x0000000008008a8a       0x24 c:/st/stm32cubeide_1.7.0/stm32cubeide/plugins/com.st.stm32cube.ide.mcu.externaltools.gnu-tools-for-stm32.9-2020-q2-update.win32_2.0.0.202105311346/tools/bin/../lib/gcc/arm-none-eabi/9.3.1/../../../../arm-none-eabi/lib/thumb/v7e-m+fp/hard\libc_nano.a(lib_a-nano-vfprintf.o)
                0x0000000008008a8a                __sfputs_r
 *fill*         0x0000000008008aae        0x2 
 .text._vfprintf_r
                0x0000000008008ab0      0x260 c:/st/stm32cubeide_1.7.0/stm32cubeide/plugins/com.st.stm32cube.ide.mcu.externaltools.gnu-tools-for-stm32.9-2020-q2-update.win32_2.0.0.202105311346/tools/bin/../lib/gcc/arm-none-eabi/9.3.1/../../../../arm-none-eabi/lib/thumb/v7e-m+fp/hard\libc_nano.a(lib_a-nano-vfprintf.o)
                0x0000000008008ab0                _vfprintf_r
                0x0000000008008ab0                _vfiprintf_r
 .text._printf_common
                0x0000000008008d10       0xda c:/st/stm32cubeide_1.7.0/stm32cubeide/plugins/com.st.stm32cube.ide.mcu.externaltools.gnu-tools-for-stm32.9-2020-q2-update.win32_2.0.0.202105311346/tools/bin/../lib/gcc/arm-none-eabi/9.3.1/../../../../arm-none-eabi/lib/thumb/v7e-m+fp/hard\libc_nano.a(lib_a-nano-vfprintf_i.o)
                0x0000000008008d10                _printf_common
 *fill*         0x0000000008008dea        0x2 
 .text._printf_i
                0x0000000008008dec      0x24c c:/st/stm32cubeide_1.7.0/stm32cubeide/plugins/com.st.stm32cube.ide.mcu.externaltools.gnu-tools-for-stm32.9-2020-q2-update.win32_2.0.0.202105311346/tools/bin/../lib/gcc/arm-none-eabi/9.3.1/../../../../arm-none-eabi/lib/thumb/v7e-m+fp/hard\libc_nano.a(lib_a-nano-vfprintf_i.o)
                0x0000000008008dec                _printf_i
 .text._sbrk_r  0x0000000008009038       0x20 c:/st/stm32cubeide_1.7.0/stm32cubeide/plugins/com.st.stm32cube.ide.mcu.externaltools.gnu-tools-for-stm32.9-2020-q2-update.win32_2.0.0.202105311346/tools/bin/../lib/gcc/arm-none-eabi/9.3.1/../../../../arm-none-eabi/lib/thumb/v7e-m+fp/hard\libc_nano.a(lib_a-sbrkr.o)
                0x0000000008009038                _sbrk_r
 .text.__swbuf_r
                0x0000000008009058       0xa4 c:/st/stm32cubeide_1.7.0/stm32cubeide/plugins/com.st.stm32cube.ide.mcu.externaltools.gnu-tools-for-stm32.9-2020-q2-update.win32_2.0.0.202105311346/tools/bin/../lib/gcc/arm-none-eabi/9.3.1/../../../../arm-none-eabi/lib/thumb/v7e-m+fp/hard\libc_nano.a(lib_a-wbuf.o)
                0x0000000008009058                __swbuf_r
 .text.__swsetup_r
                0x00000000080090fc       0xdc c:/st/stm32cubeide_1.7.0/stm32cubeide/plugins/com.st.stm32cube.ide.mcu.externaltools.gnu-tools-for-stm32.9-2020-q2-update.win32_2.0.0.202105311346/tools/bin/../lib/gcc/arm-none-eabi/9.3.1/../../../../arm-none-eabi/lib/thumb/v7e-m+fp/hard\libc_nano.a(lib_a-wsetup.o)
                0x00000000080090fc                __swsetup_r
 .text.abort    0x00000000080091d8        0xe c:/st/stm32cubeide_1.7.0/stm32cubeide/plugins/com.st.stm32cube.ide.mcu.externaltools.gnu-tools-for-stm32.9-2020-q2-update.win32_2.0.0.202105311346/tools/bin/../lib/gcc/arm-none-eabi/9.3.1/../../../../arm-none-eabi/lib/thumb/v7e-m+fp/hard\libc_nano.a(lib_a-abort.o)
                0x00000000080091d8                abort
 *fill*         0x00000000080091e6        0x2 
 .text.__sflush_r
                0x00000000080091e8      0x10c c:/st/stm32cubeide_1.7.0/stm32cubeide/plugins/com.st.stm32cube.ide.mcu.externaltools.gnu-tools-for-stm32.9-2020-q2-update.win32_2.0.0.202105311346/tools/bin/../lib/gcc/arm-none-eabi/9.3.1/../../../../arm-none-eabi/lib/thumb/v7e-m+fp/hard\libc_nano.a(lib_a-fflush.o)
                0x00000000080091e8                __sflush_r
 .text._fflush_r
                0x00000000080092f4       0x78 c:/st/stm32cubeide_1.7.0/stm32cubeide/plugins/com.st.stm32cube.ide.mcu.externaltools.gnu-tools-for-stm32.9-2020-q2-update.win32_2.0.0.202105311346/tools/bin/../lib/gcc/arm-none-eabi/9.3.1/../../../../arm-none-eabi/lib/thumb/v7e-m+fp/hard\libc_nano.a(lib_a-fflush.o)
                0x00000000080092f4                _fflush_r
 .text.std      0x000000000800936c       0x48 c:/st/stm32cubeide_1.7.0/stm32cubeide/plugins/com.st.stm32cube.ide.mcu.externaltools.gnu-tools-for-stm32.9-2020-q2-update.win32_2.0.0.202105311346/tools/bin/../lib/gcc/arm-none-eabi/9.3.1/../../../../arm-none-eabi/lib/thumb/v7e-m+fp/hard\libc_nano.a(lib_a-findfp.o)
 .text._cleanup_r
                0x00000000080093b4        0xc c:/st/stm32cubeide_1.7.0/stm32cubeide/plugins/com.st.stm32cube.ide.mcu.externaltools.gnu-tools-for-stm32.9-2020-q2-update.win32_2.0.0.202105311346/tools/bin/../lib/gcc/arm-none-eabi/9.3.1/../../../../arm-none-eabi/lib/thumb/v7e-m+fp/hard\libc_nano.a(lib_a-findfp.o)
                0x00000000080093b4                _cleanup_r
 .text.__sfmoreglue
                0x00000000080093c0       0x2c c:/st/stm32cubeide_1.7.0/stm32cubeide/plugins/com.st.stm32cube.ide.mcu.externaltools.gnu-tools-for-stm32.9-2020-q2-update.win32_2.0.0.202105311346/tools/bin/../lib/gcc/arm-none-eabi/9.3.1/../../../../arm-none-eabi/lib/thumb/v7e-m+fp/hard\libc_nano.a(lib_a-findfp.o)
                0x00000000080093c0                __sfmoreglue
 .text.__sfp_lock_acquire
                0x00000000080093ec        0xc c:/st/stm32cubeide_1.7.0/stm32cubeide/plugins/com.st.stm32cube.ide.mcu.externaltools.gnu-tools-for-stm32.9-2020-q2-update.win32_2.0.0.202105311346/tools/bin/../lib/gcc/arm-none-eabi/9.3.1/../../../../arm-none-eabi/lib/thumb/v7e-m+fp/hard\libc_nano.a(lib_a-findfp.o)
                0x00000000080093ec                __sfp_lock_acquire
 .text.__sfp_lock_release
                0x00000000080093f8        0xc c:/st/stm32cubeide_1.7.0/stm32cubeide/plugins/com.st.stm32cube.ide.mcu.externaltools.gnu-tools-for-stm32.9-2020-q2-update.win32_2.0.0.202105311346/tools/bin/../lib/gcc/arm-none-eabi/9.3.1/../../../../arm-none-eabi/lib/thumb/v7e-m+fp/hard\libc_nano.a(lib_a-findfp.o)
                0x00000000080093f8                __sfp_lock_release
 .text.__sinit_lock_acquire
                0x0000000008009404        0xc c:/st/stm32cubeide_1.7.0/stm32cubeide/plugins/com.st.stm32cube.ide.mcu.externaltools.gnu-tools-for-stm32.9-2020-q2-update.win32_2.0.0.202105311346/tools/bin/../lib/gcc/arm-none-eabi/9.3.1/../../../../arm-none-eabi/lib/thumb/v7e-m+fp/hard\libc_nano.a(lib_a-findfp.o)
                0x0000000008009404                __sinit_lock_acquire
 .text.__sinit_lock_release
                0x0000000008009410        0xc c:/st/stm32cubeide_1.7.0/stm32cubeide/plugins/com.st.stm32cube.ide.mcu.externaltools.gnu-tools-for-stm32.9-2020-q2-update.win32_2.0.0.202105311346/tools/bin/../lib/gcc/arm-none-eabi/9.3.1/../../../../arm-none-eabi/lib/thumb/v7e-m+fp/hard\libc_nano.a(lib_a-findfp.o)
                0x0000000008009410                __sinit_lock_release
 .text.__sinit  0x000000000800941c       0x70 c:/st/stm32cubeide_1.7.0/stm32cubeide/plugins/com.st.stm32cube.ide.mcu.externaltools.gnu-tools-for-stm32.9-2020-q2-update.win32_2.0.0.202105311346/tools/bin/../lib/gcc/arm-none-eabi/9.3.1/../../../../arm-none-eabi/lib/thumb/v7e-m+fp/hard\libc_nano.a(lib_a-findfp.o)
                0x000000000800941c                __sinit
 .text.__sfp    0x000000000800948c       0x8c c:/st/stm32cubeide_1.7.0/stm32cubeide/plugins/com.st.stm32cube.ide.mcu.externaltools.gnu-tools-for-stm32.9-2020-q2-update.win32_2.0.0.202105311346/tools/bin/../lib/gcc/arm-none-eabi/9.3.1/../../../../arm-none-eabi/lib/thumb/v7e-m+fp/hard\libc_nano.a(lib_a-findfp.o)
                0x000000000800948c                __sfp
 .text._fwalk_reent
                0x0000000008009518       0x3e c:/st/stm32cubeide_1.7.0/stm32cubeide/plugins/com.st.stm32cube.ide.mcu.externaltools.gnu-tools-for-stm32.9-2020-q2-update.win32_2.0.0.202105311346/tools/bin/../lib/gcc/arm-none-eabi/9.3.1/../../../../arm-none-eabi/lib/thumb/v7e-m+fp/hard\libc_nano.a(lib_a-fwalk.o)
                0x0000000008009518                _fwalk_reent
 .text.__retarget_lock_init_recursive
                0x0000000008009556        0x2 c:/st/stm32cubeide_1.7.0/stm32cubeide/plugins/com.st.stm32cube.ide.mcu.externaltools.gnu-tools-for-stm32.9-2020-q2-update.win32_2.0.0.202105311346/tools/bin/../lib/gcc/arm-none-eabi/9.3.1/../../../../arm-none-eabi/lib/thumb/v7e-m+fp/hard\libc_nano.a(lib_a-lock.o)
                0x0000000008009556                __retarget_lock_init_recursive
 .text.__retarget_lock_acquire_recursive
                0x0000000008009558        0x2 c:/st/stm32cubeide_1.7.0/stm32cubeide/plugins/com.st.stm32cube.ide.mcu.externaltools.gnu-tools-for-stm32.9-2020-q2-update.win32_2.0.0.202105311346/tools/bin/../lib/gcc/arm-none-eabi/9.3.1/../../../../arm-none-eabi/lib/thumb/v7e-m+fp/hard\libc_nano.a(lib_a-lock.o)
                0x0000000008009558                __retarget_lock_acquire_recursive
 .text.__retarget_lock_release_recursive
                0x000000000800955a        0x2 c:/st/stm32cubeide_1.7.0/stm32cubeide/plugins/com.st.stm32cube.ide.mcu.externaltools.gnu-tools-for-stm32.9-2020-q2-update.win32_2.0.0.202105311346/tools/bin/../lib/gcc/arm-none-eabi/9.3.1/../../../../arm-none-eabi/lib/thumb/v7e-m+fp/hard\libc_nano.a(lib_a-lock.o)
                0x000000000800955a                __retarget_lock_release_recursive
 .text.__swhatbuf_r
                0x000000000800955c       0x48 c:/st/stm32cubeide_1.7.0/stm32cubeide/plugins/com.st.stm32cube.ide.mcu.externaltools.gnu-tools-for-stm32.9-2020-q2-update.win32_2.0.0.202105311346/tools/bin/../lib/gcc/arm-none-eabi/9.3.1/../../../../arm-none-eabi/lib/thumb/v7e-m+fp/hard\libc_nano.a(lib_a-makebuf.o)
                0x000000000800955c                __swhatbuf_r
 .text.__smakebuf_r
                0x00000000080095a4       0x80 c:/st/stm32cubeide_1.7.0/stm32cubeide/plugins/com.st.stm32cube.ide.mcu.externaltools.gnu-tools-for-stm32.9-2020-q2-update.win32_2.0.0.202105311346/tools/bin/../lib/gcc/arm-none-eabi/9.3.1/../../../../arm-none-eabi/lib/thumb/v7e-m+fp/hard\libc_nano.a(lib_a-makebuf.o)
                0x00000000080095a4                __smakebuf_r
 .text.__malloc_lock
                0x0000000008009624        0xc c:/st/stm32cubeide_1.7.0/stm32cubeide/plugins/com.st.stm32cube.ide.mcu.externaltools.gnu-tools-for-stm32.9-2020-q2-update.win32_2.0.0.202105311346/tools/bin/../lib/gcc/arm-none-eabi/9.3.1/../../../../arm-none-eabi/lib/thumb/v7e-m+fp/hard\libc_nano.a(lib_a-mlock.o)
                0x0000000008009624                __malloc_lock
 .text.__malloc_unlock
                0x0000000008009630        0xc c:/st/stm32cubeide_1.7.0/stm32cubeide/plugins/com.st.stm32cube.ide.mcu.externaltools.gnu-tools-for-stm32.9-2020-q2-update.win32_2.0.0.202105311346/tools/bin/../lib/gcc/arm-none-eabi/9.3.1/../../../../arm-none-eabi/lib/thumb/v7e-m+fp/hard\libc_nano.a(lib_a-mlock.o)
                0x0000000008009630                __malloc_unlock
 .text._raise_r
                0x000000000800963c       0x50 c:/st/stm32cubeide_1.7.0/stm32cubeide/plugins/com.st.stm32cube.ide.mcu.externaltools.gnu-tools-for-stm32.9-2020-q2-update.win32_2.0.0.202105311346/tools/bin/../lib/gcc/arm-none-eabi/9.3.1/../../../../arm-none-eabi/lib/thumb/v7e-m+fp/hard\libc_nano.a(lib_a-signal.o)
                0x000000000800963c                _raise_r
 .text.raise    0x000000000800968c       0x10 c:/st/stm32cubeide_1.7.0/stm32cubeide/plugins/com.st.stm32cube.ide.mcu.externaltools.gnu-tools-for-stm32.9-2020-q2-update.win32_2.0.0.202105311346/tools/bin/../lib/gcc/arm-none-eabi/9.3.1/../../../../arm-none-eabi/lib/thumb/v7e-m+fp/hard\libc_nano.a(lib_a-signal.o)
                0x000000000800968c                raise
 .text._kill_r  0x000000000800969c       0x24 c:/st/stm32cubeide_1.7.0/stm32cubeide/plugins/com.st.stm32cube.ide.mcu.externaltools.gnu-tools-for-stm32.9-2020-q2-update.win32_2.0.0.202105311346/tools/bin/../lib/gcc/arm-none-eabi/9.3.1/../../../../arm-none-eabi/lib/thumb/v7e-m+fp/hard\libc_nano.a(lib_a-signalr.o)
                0x000000000800969c                _kill_r
 .text._getpid_r
                0x00000000080096c0        0x4 c:/st/stm32cubeide_1.7.0/stm32cubeide/plugins/com.st.stm32cube.ide.mcu.externaltools.gnu-tools-for-stm32.9-2020-q2-update.win32_2.0.0.202105311346/tools/bin/../lib/gcc/arm-none-eabi/9.3.1/../../../../arm-none-eabi/lib/thumb/v7e-m+fp/hard\libc_nano.a(lib_a-signalr.o)
                0x00000000080096c0                _getpid_r
 .text.__sread  0x00000000080096c4       0x22 c:/st/stm32cubeide_1.7.0/stm32cubeide/plugins/com.st.stm32cube.ide.mcu.externaltools.gnu-tools-for-stm32.9-2020-q2-update.win32_2.0.0.202105311346/tools/bin/../lib/gcc/arm-none-eabi/9.3.1/../../../../arm-none-eabi/lib/thumb/v7e-m+fp/hard\libc_nano.a(lib_a-stdio.o)
                0x00000000080096c4                __sread
 .text.__swrite
                0x00000000080096e6       0x38 c:/st/stm32cubeide_1.7.0/stm32cubeide/plugins/com.st.stm32cube.ide.mcu.externaltools.gnu-tools-for-stm32.9-2020-q2-update.win32_2.0.0.202105311346/tools/bin/../lib/gcc/arm-none-eabi/9.3.1/../../../../arm-none-eabi/lib/thumb/v7e-m+fp/hard\libc_nano.a(lib_a-stdio.o)
                0x00000000080096e6                __swrite
 .text.__sseek  0x000000000800971e       0x24 c:/st/stm32cubeide_1.7.0/stm32cubeide/plugins/com.st.stm32cube.ide.mcu.externaltools.gnu-tools-for-stm32.9-2020-q2-update.win32_2.0.0.202105311346/tools/bin/../lib/gcc/arm-none-eabi/9.3.1/../../../../arm-none-eabi/lib/thumb/v7e-m+fp/hard\libc_nano.a(lib_a-stdio.o)
                0x000000000800971e                __sseek
 .text.__sclose
                0x0000000008009742        0x8 c:/st/stm32cubeide_1.7.0/stm32cubeide/plugins/com.st.stm32cube.ide.mcu.externaltools.gnu-tools-for-stm32.9-2020-q2-update.win32_2.0.0.202105311346/tools/bin/../lib/gcc/arm-none-eabi/9.3.1/../../../../arm-none-eabi/lib/thumb/v7e-m+fp/hard\libc_nano.a(lib_a-stdio.o)
                0x0000000008009742                __sclose
 *fill*         0x000000000800974a        0x2 
 .text._write_r
                0x000000000800974c       0x24 c:/st/stm32cubeide_1.7.0/stm32cubeide/plugins/com.st.stm32cube.ide.mcu.externaltools.gnu-tools-for-stm32.9-2020-q2-update.win32_2.0.0.202105311346/tools/bin/../lib/gcc/arm-none-eabi/9.3.1/../../../../arm-none-eabi/lib/thumb/v7e-m+fp/hard\libc_nano.a(lib_a-writer.o)
                0x000000000800974c                _write_r
 .text._close_r
                0x0000000008009770       0x20 c:/st/stm32cubeide_1.7.0/stm32cubeide/plugins/com.st.stm32cube.ide.mcu.externaltools.gnu-tools-for-stm32.9-2020-q2-update.win32_2.0.0.202105311346/tools/bin/../lib/gcc/arm-none-eabi/9.3.1/../../../../arm-none-eabi/lib/thumb/v7e-m+fp/hard\libc_nano.a(lib_a-closer.o)
                0x0000000008009770                _close_r
 .text._fstat_r
                0x0000000008009790       0x24 c:/st/stm32cubeide_1.7.0/stm32cubeide/plugins/com.st.stm32cube.ide.mcu.externaltools.gnu-tools-for-stm32.9-2020-q2-update.win32_2.0.0.202105311346/tools/bin/../lib/gcc/arm-none-eabi/9.3.1/../../../../arm-none-eabi/lib/thumb/v7e-m+fp/hard\libc_nano.a(lib_a-fstatr.o)
                0x0000000008009790                _fstat_r
 .text._isatty_r
                0x00000000080097b4       0x20 c:/st/stm32cubeide_1.7.0/stm32cubeide/plugins/com.st.stm32cube.ide.mcu.externaltools.gnu-tools-for-stm32.9-2020-q2-update.win32_2.0.0.202105311346/tools/bin/../lib/gcc/arm-none-eabi/9.3.1/../../../../arm-none-eabi/lib/thumb/v7e-m+fp/hard\libc_nano.a(lib_a-isattyr.o)
                0x00000000080097b4                _isatty_r
 .text._lseek_r
                0x00000000080097d4       0x24 c:/st/stm32cubeide_1.7.0/stm32cubeide/plugins/com.st.stm32cube.ide.mcu.externaltools.gnu-tools-for-stm32.9-2020-q2-update.win32_2.0.0.202105311346/tools/bin/../lib/gcc/arm-none-eabi/9.3.1/../../../../arm-none-eabi/lib/thumb/v7e-m+fp/hard\libc_nano.a(lib_a-lseekr.o)
                0x00000000080097d4                _lseek_r
 .text._read_r  0x00000000080097f8       0x24 c:/st/stm32cubeide_1.7.0/stm32cubeide/plugins/com.st.stm32cube.ide.mcu.externaltools.gnu-tools-for-stm32.9-2020-q2-update.win32_2.0.0.202105311346/tools/bin/../lib/gcc/arm-none-eabi/9.3.1/../../../../arm-none-eabi/lib/thumb/v7e-m+fp/hard\libc_nano.a(lib_a-readr.o)
                0x00000000080097f8                _read_r
 *(.glue_7)
 .glue_7        0x000000000800981c        0x0 linker stubs
 *(.glue_7t)
 .glue_7t       0x000000000800981c        0x0 linker stubs
 *(.eh_frame)
 .eh_frame      0x000000000800981c        0x0 c:/st/stm32cubeide_1.7.0/stm32cubeide/plugins/com.st.stm32cube.ide.mcu.externaltools.gnu-tools-for-stm32.9-2020-q2-update.win32_2.0.0.202105311346/tools/bin/../lib/gcc/arm-none-eabi/9.3.1/thumb/v7e-m+fp/hard/crtbegin.o
 *(.init)
 .init          0x000000000800981c        0x4 c:/st/stm32cubeide_1.7.0/stm32cubeide/plugins/com.st.stm32cube.ide.mcu.externaltools.gnu-tools-for-stm32.9-2020-q2-update.win32_2.0.0.202105311346/tools/bin/../lib/gcc/arm-none-eabi/9.3.1/thumb/v7e-m+fp/hard/crti.o
                0x000000000800981c                _init
 .init          0x0000000008009820        0x8 c:/st/stm32cubeide_1.7.0/stm32cubeide/plugins/com.st.stm32cube.ide.mcu.externaltools.gnu-tools-for-stm32.9-2020-q2-update.win32_2.0.0.202105311346/tools/bin/../lib/gcc/arm-none-eabi/9.3.1/thumb/v7e-m+fp/hard/crtn.o
 *(.fini)
 .fini          0x0000000008009828        0x4 c:/st/stm32cubeide_1.7.0/stm32cubeide/plugins/com.st.stm32cube.ide.mcu.externaltools.gnu-tools-for-stm32.9-2020-q2-update.win32_2.0.0.202105311346/tools/bin/../lib/gcc/arm-none-eabi/9.3.1/thumb/v7e-m+fp/hard/crti.o
                0x0000000008009828                _fini
 .fini          0x000000000800982c        0x8 c:/st/stm32cubeide_1.7.0/stm32cubeide/plugins/com.st.stm32cube.ide.mcu.externaltools.gnu-tools-for-stm32.9-2020-q2-update.win32_2.0.0.202105311346/tools/bin/../lib/gcc/arm-none-eabi/9.3.1/thumb/v7e-m+fp/hard/crtn.o
                0x0000000008009834                . = ALIGN (0x4)
                0x0000000008009834                _etext = .

.vfp11_veneer   0x0000000008009834        0x0
 .vfp11_veneer  0x0000000008009834        0x0 linker stubs

.v4_bx          0x0000000008009834        0x0
 .v4_bx         0x0000000008009834        0x0 linker stubs

.iplt           0x0000000008009834        0x0
 .iplt          0x0000000008009834        0x0 c:/st/stm32cubeide_1.7.0/stm32cubeide/plugins/com.st.stm32cube.ide.mcu.externaltools.gnu-tools-for-stm32.9-2020-q2-update.win32_2.0.0.202105311346/tools/bin/../lib/gcc/arm-none-eabi/9.3.1/thumb/v7e-m+fp/hard/crtbegin.o

.rodata         0x0000000008009834     0x2828
                0x0000000008009834                . = ALIGN (0x4)
 *(.rodata)
 *(.rodata*)
 .rodata.AHBPrescTable
                0x0000000008009834       0x10 ./Core/Src/system_stm32f4xx.o
                0x0000000008009834                AHBPrescTable
 .rodata.APBPrescTable
                0x0000000008009844        0x8 ./Core/Src/system_stm32f4xx.o
                0x0000000008009844                APBPrescTable
 .rodata.Font24_Table
                0x000000000800984c     0x1ab8 ./Drivers/BSP/STM32F429I-Discovery/stm32f429i_discovery_lcd.o
                0x000000000800984c                Font24_Table
 .rodata.Font16_Table
                0x000000000800b304      0xbe0 ./Drivers/BSP/STM32F429I-Discovery/stm32f429i_discovery_lcd.o
                0x000000000800b304                Font16_Table
 .rodata.flagBitshiftOffset.9463
                0x000000000800bee4        0x8 ./Drivers/STM32F4xx_HAL_Driver/Src/stm32f4xx_hal_dma.o
 .rodata._global_impure_ptr
                0x000000000800beec        0x4 c:/st/stm32cubeide_1.7.0/stm32cubeide/plugins/com.st.stm32cube.ide.mcu.externaltools.gnu-tools-for-stm32.9-2020-q2-update.win32_2.0.0.202105311346/tools/bin/../lib/gcc/arm-none-eabi/9.3.1/../../../../arm-none-eabi/lib/thumb/v7e-m+fp/hard\libc_nano.a(lib_a-impure.o)
                0x000000000800beec                _global_impure_ptr
 .rodata.srand.str1.1
                0x000000000800bef0       0x76 c:/st/stm32cubeide_1.7.0/stm32cubeide/plugins/com.st.stm32cube.ide.mcu.externaltools.gnu-tools-for-stm32.9-2020-q2-update.win32_2.0.0.202105311346/tools/bin/../lib/gcc/arm-none-eabi/9.3.1/../../../../arm-none-eabi/lib/thumb/v7e-m+fp/hard\libc_nano.a(lib_a-rand.o)
 .rodata.__utoa.str1.1
                0x000000000800bf66       0x25 c:/st/stm32cubeide_1.7.0/stm32cubeide/plugins/com.st.stm32cube.ide.mcu.externaltools.gnu-tools-for-stm32.9-2020-q2-update.win32_2.0.0.202105311346/tools/bin/../lib/gcc/arm-none-eabi/9.3.1/../../../../arm-none-eabi/lib/thumb/v7e-m+fp/hard\libc_nano.a(lib_a-utoa.o)
 .rodata.__assert_func.str1.1
                0x000000000800bf8b       0x3c c:/st/stm32cubeide_1.7.0/stm32cubeide/plugins/com.st.stm32cube.ide.mcu.externaltools.gnu-tools-for-stm32.9-2020-q2-update.win32_2.0.0.202105311346/tools/bin/../lib/gcc/arm-none-eabi/9.3.1/../../../../arm-none-eabi/lib/thumb/v7e-m+fp/hard\libc_nano.a(lib_a-assert.o)
                                         0x3d (size before relaxing)
 .rodata._vfprintf_r.str1.1
                0x000000000800bfc7       0x11 c:/st/stm32cubeide_1.7.0/stm32cubeide/plugins/com.st.stm32cube.ide.mcu.externaltools.gnu-tools-for-stm32.9-2020-q2-update.win32_2.0.0.202105311346/tools/bin/../lib/gcc/arm-none-eabi/9.3.1/../../../../arm-none-eabi/lib/thumb/v7e-m+fp/hard\libc_nano.a(lib_a-nano-vfprintf.o)
 .rodata._printf_i.str1.1
                0x000000000800bfd8       0x22 c:/st/stm32cubeide_1.7.0/stm32cubeide/plugins/com.st.stm32cube.ide.mcu.externaltools.gnu-tools-for-stm32.9-2020-q2-update.win32_2.0.0.202105311346/tools/bin/../lib/gcc/arm-none-eabi/9.3.1/../../../../arm-none-eabi/lib/thumb/v7e-m+fp/hard\libc_nano.a(lib_a-nano-vfprintf_i.o)
 *fill*         0x000000000800bffa        0x2 
 .rodata.__sf_fake_stderr
                0x000000000800bffc       0x20 c:/st/stm32cubeide_1.7.0/stm32cubeide/plugins/com.st.stm32cube.ide.mcu.externaltools.gnu-tools-for-stm32.9-2020-q2-update.win32_2.0.0.202105311346/tools/bin/../lib/gcc/arm-none-eabi/9.3.1/../../../../arm-none-eabi/lib/thumb/v7e-m+fp/hard\libc_nano.a(lib_a-findfp.o)
                0x000000000800bffc                __sf_fake_stderr
 .rodata.__sf_fake_stdin
                0x000000000800c01c       0x20 c:/st/stm32cubeide_1.7.0/stm32cubeide/plugins/com.st.stm32cube.ide.mcu.externaltools.gnu-tools-for-stm32.9-2020-q2-update.win32_2.0.0.202105311346/tools/bin/../lib/gcc/arm-none-eabi/9.3.1/../../../../arm-none-eabi/lib/thumb/v7e-m+fp/hard\libc_nano.a(lib_a-findfp.o)
                0x000000000800c01c                __sf_fake_stdin
 .rodata.__sf_fake_stdout
                0x000000000800c03c       0x20 c:/st/stm32cubeide_1.7.0/stm32cubeide/plugins/com.st.stm32cube.ide.mcu.externaltools.gnu-tools-for-stm32.9-2020-q2-update.win32_2.0.0.202105311346/tools/bin/../lib/gcc/arm-none-eabi/9.3.1/../../../../arm-none-eabi/lib/thumb/v7e-m+fp/hard\libc_nano.a(lib_a-findfp.o)
                0x000000000800c03c                __sf_fake_stdout
                0x000000000800c05c                . = ALIGN (0x4)

.ARM.extab      0x000000000800c05c        0x0
                0x000000000800c05c                . = ALIGN (0x4)
 *(.ARM.extab* .gnu.linkonce.armextab.*)
                0x000000000800c05c                . = ALIGN (0x4)

.ARM            0x000000000800c05c        0x8
                0x000000000800c05c                . = ALIGN (0x4)
                0x000000000800c05c                __exidx_start = .
 *(.ARM.exidx*)
 .ARM.exidx     0x000000000800c05c        0x8 c:/st/stm32cubeide_1.7.0/stm32cubeide/plugins/com.st.stm32cube.ide.mcu.externaltools.gnu-tools-for-stm32.9-2020-q2-update.win32_2.0.0.202105311346/tools/bin/../lib/gcc/arm-none-eabi/9.3.1/thumb/v7e-m+fp/hard\libgcc.a(_udivmoddi4.o)
                0x000000000800c064                __exidx_end = .
                0x000000000800c064                . = ALIGN (0x4)

.rel.dyn        0x000000000800c064        0x0
 .rel.iplt      0x000000000800c064        0x0 c:/st/stm32cubeide_1.7.0/stm32cubeide/plugins/com.st.stm32cube.ide.mcu.externaltools.gnu-tools-for-stm32.9-2020-q2-update.win32_2.0.0.202105311346/tools/bin/../lib/gcc/arm-none-eabi/9.3.1/thumb/v7e-m+fp/hard/crtbegin.o

.preinit_array  0x000000000800c064        0x0
                0x000000000800c064                . = ALIGN (0x4)
                0x000000000800c064                PROVIDE (__preinit_array_start = .)
 *(.preinit_array*)
                0x000000000800c064                PROVIDE (__preinit_array_end = .)
                0x000000000800c064                . = ALIGN (0x4)

.init_array     0x000000000800c064        0x4
                0x000000000800c064                . = ALIGN (0x4)
                0x000000000800c064                PROVIDE (__init_array_start = .)
 *(SORT_BY_NAME(.init_array.*))
 *(.init_array*)
 .init_array    0x000000000800c064        0x4 c:/st/stm32cubeide_1.7.0/stm32cubeide/plugins/com.st.stm32cube.ide.mcu.externaltools.gnu-tools-for-stm32.9-2020-q2-update.win32_2.0.0.202105311346/tools/bin/../lib/gcc/arm-none-eabi/9.3.1/thumb/v7e-m+fp/hard/crtbegin.o
                0x000000000800c068                PROVIDE (__init_array_end = .)
                0x000000000800c068                . = ALIGN (0x4)

.fini_array     0x000000000800c068        0x4
                0x000000000800c068                . = ALIGN (0x4)
                [!provide]                        PROVIDE (__fini_array_start = .)
 *(SORT_BY_NAME(.fini_array.*))
 *(.fini_array*)
 .fini_array    0x000000000800c068        0x4 c:/st/stm32cubeide_1.7.0/stm32cubeide/plugins/com.st.stm32cube.ide.mcu.externaltools.gnu-tools-for-stm32.9-2020-q2-update.win32_2.0.0.202105311346/tools/bin/../lib/gcc/arm-none-eabi/9.3.1/thumb/v7e-m+fp/hard/crtbegin.o
                [!provide]                        PROVIDE (__fini_array_end = .)
                0x000000000800c06c                . = ALIGN (0x4)
                0x000000000800c06c                _sidata = LOADADDR (.data)

.data           0x0000000020000000       0xf4 load address 0x000000000800c06c
                0x0000000020000000                . = ALIGN (0x4)
                0x0000000020000000                _sdata = .
 *(.data)
 *(.data*)
 .data.width    0x0000000020000000        0x2 ./Core/Src/main.o
                0x0000000020000000                width
 .data.height   0x0000000020000002        0x2 ./Core/Src/main.o
                0x0000000020000002                height
 .data.len      0x0000000020000004        0x2 ./Core/Src/main.o
                0x0000000020000004                len
 .data.run      0x0000000020000006        0x1 ./Core/Src/main.o
                0x0000000020000006                run
 *fill*         0x0000000020000007        0x1 
 .data.SystemCoreClock
                0x0000000020000008        0x4 ./Core/Src/system_stm32f4xx.o
                0x0000000020000008                SystemCoreClock
 .data.ili9341_drv
                0x000000002000000c       0x38 ./Drivers/BSP/Components/ili9341/ili9341.o
                0x000000002000000c                ili9341_drv
 .data.stmpe811_ts_drv
                0x0000000020000044       0x28 ./Drivers/BSP/Components/stmpe811/stmpe811.o
                0x0000000020000044                stmpe811_ts_drv
 .data.I2cxTimeout
                0x000000002000006c        0x4 ./Drivers/BSP/STM32F429I-Discovery/stm32f429i_discovery.o
                0x000000002000006c                I2cxTimeout
 .data.SpixTimeout
                0x0000000020000070        0x4 ./Drivers/BSP/STM32F429I-Discovery/stm32f429i_discovery.o
                0x0000000020000070                SpixTimeout
 .data.Font24   0x0000000020000074        0x8 ./Drivers/BSP/STM32F429I-Discovery/stm32f429i_discovery_lcd.o
                0x0000000020000074                Font24
 .data.Font16   0x000000002000007c        0x8 ./Drivers/BSP/STM32F429I-Discovery/stm32f429i_discovery_lcd.o
                0x000000002000007c                Font16
 .data.sdramstatus.9405
                0x0000000020000084        0x1 ./Drivers/BSP/STM32F429I-Discovery/stm32f429i_discovery_sdram.o
 *fill*         0x0000000020000085        0x3 
 .data.uwTickPrio
                0x0000000020000088        0x4 ./Drivers/STM32F4xx_HAL_Driver/Src/stm32f4xx_hal.o
                0x0000000020000088                uwTickPrio
 .data.uwTickFreq
                0x000000002000008c        0x1 ./Drivers/STM32F4xx_HAL_Driver/Src/stm32f4xx_hal.o
                0x000000002000008c                uwTickFreq
 *fill*         0x000000002000008d        0x3 
 .data._impure_ptr
                0x0000000020000090        0x4 c:/st/stm32cubeide_1.7.0/stm32cubeide/plugins/com.st.stm32cube.ide.mcu.externaltools.gnu-tools-for-stm32.9-2020-q2-update.win32_2.0.0.202105311346/tools/bin/../lib/gcc/arm-none-eabi/9.3.1/../../../../arm-none-eabi/lib/thumb/v7e-m+fp/hard\libc_nano.a(lib_a-impure.o)
                0x0000000020000090                _impure_ptr
 .data.impure_data
                0x0000000020000094       0x60 c:/st/stm32cubeide_1.7.0/stm32cubeide/plugins/com.st.stm32cube.ide.mcu.externaltools.gnu-tools-for-stm32.9-2020-q2-update.win32_2.0.0.202105311346/tools/bin/../lib/gcc/arm-none-eabi/9.3.1/../../../../arm-none-eabi/lib/thumb/v7e-m+fp/hard\libc_nano.a(lib_a-impure.o)
 *(.RamFunc)
 *(.RamFunc*)
                0x00000000200000f4                . = ALIGN (0x4)
                0x00000000200000f4                _edata = .
                0x000000000800c160                _siccmram = LOADADDR (.ccmram)

.igot.plt       0x00000000200000f4        0x0 load address 0x000000000800c160
 .igot.plt      0x00000000200000f4        0x0 c:/st/stm32cubeide_1.7.0/stm32cubeide/plugins/com.st.stm32cube.ide.mcu.externaltools.gnu-tools-for-stm32.9-2020-q2-update.win32_2.0.0.202105311346/tools/bin/../lib/gcc/arm-none-eabi/9.3.1/thumb/v7e-m+fp/hard/crtbegin.o

.ccmram         0x0000000010000000        0x0 load address 0x000000000800c160
                0x0000000010000000                . = ALIGN (0x4)
                0x0000000010000000                _sccmram = .
 *(.ccmram)
 *(.ccmram*)
                0x0000000010000000                . = ALIGN (0x4)
                0x0000000010000000                _eccmram = .
                0x0000000010000000                . = ALIGN (0x4)

.bss            0x00000000200000f4      0x610
                0x00000000200000f4                _sbss = .
                0x00000000200000f4                __bss_start__ = _sbss
 *(.bss)
 .bss           0x00000000200000f4       0x1c c:/st/stm32cubeide_1.7.0/stm32cubeide/plugins/com.st.stm32cube.ide.mcu.externaltools.gnu-tools-for-stm32.9-2020-q2-update.win32_2.0.0.202105311346/tools/bin/../lib/gcc/arm-none-eabi/9.3.1/thumb/v7e-m+fp/hard/crtbegin.o
 *(.bss*)
 .bss.FMC_Initialized
                0x0000000020000110        0x4 ./Core/Src/fmc.o
 .bss.dir       0x0000000020000114      0x200 ./Core/Src/main.o
                0x0000000020000114                dir
 .bss.scr       0x0000000020000314        0x2 ./Core/Src/main.o
                0x0000000020000314                scr
 *fill*         0x0000000020000316        0x2 
 .bss.score     0x0000000020000318        0xa ./Core/Src/main.o
                0x0000000020000318                score
 .bss.fruitEaten
                0x0000000020000322        0x1 ./Core/Src/main.o
                0x0000000020000322                fruitEaten
 *fill*         0x0000000020000323        0x1 
 .bss.TS_State  0x0000000020000324        0x8 ./Core/Src/main.o
 .bss.__sbrk_heap_end
                0x000000002000032c        0x4 ./Core/Src/sysmem.o
 .bss.stmpe811  0x0000000020000330        0x2 ./Drivers/BSP/Components/stmpe811/stmpe811.o
                0x0000000020000330                stmpe811
 *fill*         0x0000000020000332        0x2 
 .bss.SpiHandle
                0x0000000020000334       0x58 ./Drivers/BSP/STM32F429I-Discovery/stm32f429i_discovery.o
 .bss.Is_LCD_IO_Initialized
                0x000000002000038c        0x1 ./Drivers/BSP/STM32F429I-Discovery/stm32f429i_discovery.o
 *fill*         0x000000002000038d        0x3 
 .bss.Dma2dHandler
                0x0000000020000390       0x40 ./Drivers/BSP/STM32F429I-Discovery/stm32f429i_discovery_lcd.o
 .bss.PeriphClkInitStruct
                0x00000000200003d0       0x30 ./Drivers/BSP/STM32F429I-Discovery/stm32f429i_discovery_lcd.o
 .bss.ActiveLayer
                0x0000000020000400        0x4 ./Drivers/BSP/STM32F429I-Discovery/stm32f429i_discovery_lcd.o
 .bss.DrawProp  0x0000000020000404       0x18 ./Drivers/BSP/STM32F429I-Discovery/stm32f429i_discovery_lcd.o
 .bss.SdramHandle
                0x000000002000041c       0x34 ./Drivers/BSP/STM32F429I-Discovery/stm32f429i_discovery_sdram.o
 .bss.Timing    0x0000000020000450       0x1c ./Drivers/BSP/STM32F429I-Discovery/stm32f429i_discovery_sdram.o
 .bss.Command   0x000000002000046c       0x10 ./Drivers/BSP/STM32F429I-Discovery/stm32f429i_discovery_sdram.o
 .bss.dmaHandle.9440
                0x000000002000047c       0x60 ./Drivers/BSP/STM32F429I-Discovery/stm32f429i_discovery_sdram.o
 .bss.TsDrv     0x00000000200004dc        0x4 ./Drivers/BSP/STM32F429I-Discovery/stm32f429i_discovery_ts.o
 .bss.TsXBoundary
                0x00000000200004e0        0x2 ./Drivers/BSP/STM32F429I-Discovery/stm32f429i_discovery_ts.o
 .bss.TsYBoundary
                0x00000000200004e2        0x2 ./Drivers/BSP/STM32F429I-Discovery/stm32f429i_discovery_ts.o
 .bss._x.9626   0x00000000200004e4        0x4 ./Drivers/BSP/STM32F429I-Discovery/stm32f429i_discovery_ts.o
 .bss._y.9627   0x00000000200004e8        0x4 ./Drivers/BSP/STM32F429I-Discovery/stm32f429i_discovery_ts.o
 .bss.__malloc_free_list
                0x00000000200004ec        0x4 c:/st/stm32cubeide_1.7.0/stm32cubeide/plugins/com.st.stm32cube.ide.mcu.externaltools.gnu-tools-for-stm32.9-2020-q2-update.win32_2.0.0.202105311346/tools/bin/../lib/gcc/arm-none-eabi/9.3.1/../../../../arm-none-eabi/lib/thumb/v7e-m+fp/hard\libc_nano.a(lib_a-nano-mallocr.o)
                0x00000000200004ec                __malloc_free_list
 .bss.__malloc_sbrk_start
                0x00000000200004f0        0x4 c:/st/stm32cubeide_1.7.0/stm32cubeide/plugins/com.st.stm32cube.ide.mcu.externaltools.gnu-tools-for-stm32.9-2020-q2-update.win32_2.0.0.202105311346/tools/bin/../lib/gcc/arm-none-eabi/9.3.1/../../../../arm-none-eabi/lib/thumb/v7e-m+fp/hard\libc_nano.a(lib_a-nano-mallocr.o)
                0x00000000200004f0                __malloc_sbrk_start
 *(COMMON)
 COMMON         0x00000000200004f4        0x8 ./Core/Src/crc.o
                0x00000000200004f4                hcrc
 COMMON         0x00000000200004fc       0x40 ./Core/Src/dma2d.o
                0x00000000200004fc                hdma2d
 COMMON         0x000000002000053c       0xb4 ./Core/Src/main.o
                0x000000002000053c                deathY
                0x000000002000053e                x
                0x0000000020000540                frtY
                0x0000000020000544                htim3
                0x000000002000058c                frtX
                0x000000002000058e                deathX
                0x0000000020000590                y
                0x0000000020000594                hrng
                0x00000000200005a4                lstX
                0x00000000200005a6                lstY
                0x00000000200005a8                htim2
 COMMON         0x00000000200005f0       0x54 ./Drivers/BSP/STM32F429I-Discovery/stm32f429i_discovery.o
                0x00000000200005f0                I2cHandle
 COMMON         0x0000000020000644       0xac ./Drivers/BSP/STM32F429I-Discovery/stm32f429i_discovery_lcd.o
                0x0000000020000644                LtdcHandler
                0x00000000200006ec                LcdDrv
 COMMON         0x00000000200006f0        0x4 ./Drivers/STM32F4xx_HAL_Driver/Src/stm32f4xx_hal.o
                0x00000000200006f0                uwTick
 COMMON         0x00000000200006f4        0x9 c:/st/stm32cubeide_1.7.0/stm32cubeide/plugins/com.st.stm32cube.ide.mcu.externaltools.gnu-tools-for-stm32.9-2020-q2-update.win32_2.0.0.202105311346/tools/bin/../lib/gcc/arm-none-eabi/9.3.1/../../../../arm-none-eabi/lib/thumb/v7e-m+fp/hard\libc_nano.a(lib_a-lock.o)
                0x00000000200006f4                __lock___atexit_recursive_mutex