08:46:17 **** Incremental Build of configuration Debug for project LCD_USB ****
make -j12 all 
arm-none-eabi-size   LCD_USB.elf 
   text	   data	    bss	    dec	    hex	filename
  53548	    252	  18396	  72196	  11a04	LCD_USB.elf
Finished building: default.size.stdout
 
08:46:25 **** Incremental Build of configuration Debug for project LCD_USB ****
make -j12 all 
arm-none-eabi-size   LCD_USB.elf 
   text	   data	    bss	    dec	    hex	filename
  53548	    252	  18396	  72196	  11a04	LCD_USB.elf
Finished building: default.size.stdout
 
08:53:30 **** Incremental Build of configuration Debug for project LCD_USB ****
make -j12 all 
arm-none-eabi-gcc "../Core/Src/main.c" -mcpu=cortex-m4 -std=gnu11 -g3 -DDEBUG -DUSE_HAL_DRIVER -DSTM32F429xx -c -I../Core/Inc -I../Drivers/STM32F4xx_HAL_Driver/Inc -I../Drivers/STM32F4xx_HAL_Driver/Inc/Legacy -I../Drivers/CMSIS/Device/ST/STM32F4xx/Include -I../Drivers/CMSIS/Include -I"C:/D/ThuchanhNhungReal/LAB_LCD_USB/LCD_USB/Drivers/BSP/Components" -I"C:/D/ThuchanhNhungReal/LAB_LCD_USB/LCD_USB/Drivers/BSP/STM32F429I-Discovery" -I"C:/Users/ASUS/STM32Cube/Repository/STM32Cube_FW_F4_V1.27.1/Drivers/CMSIS/BSP" -I"C:/Users/ASUS/STM32Cube/Repository/STM32Cube_FW_F4_V1.27.1/Drivers/BSP" -O0 -ffunction-sections -fdata-sections -Wall -fstack-usage -MMD -MP -MF"Core/Src/main.d" -MT"Core/Src/main.o" --specs=nano.specs -mfpu=fpv4-sp-d16 -mfloat-abi=hard -mthumb -o "Core/Src/main.o"
../Core/Src/main.c:111:13: error: static declaration of 'MX_GPIO_Init' follows non-static declaration
  111 | static void MX_GPIO_Init(void);
      |             ^~~~~~~~~~~~
In file included from ../Core/Src/main.c:30:
../Core/Inc/gpio.h:38:6: note: previous declaration of 'MX_GPIO_Init' was here
   38 | void MX_GPIO_Init(void);
      |      ^~~~~~~~~~~~
../Core/Src/main.c:112:13: error: static declaration of 'MX_CRC_Init' follows non-static declaration
  112 | static void MX_CRC_Init(void);
      |             ^~~~~~~~~~~
In file included from ../Core/Src/main.c:22:
../Core/Inc/crc.h:40:6: note: previous declaration of 'MX_CRC_Init' was here
   40 | void MX_CRC_Init(void);
      |      ^~~~~~~~~~~
../Core/Src/main.c:113:13: error: static declaration of 'MX_DMA2D_Init' follows non-static declaration
  113 | static void MX_DMA2D_Init(void);
      |             ^~~~~~~~~~~~~
In file included from ../Core/Src/main.c:23:
../Core/Inc/dma2d.h:40:6: note: previous declaration of 'MX_DMA2D_Init' was here
   40 | void MX_DMA2D_Init(void);
      |      ^~~~~~~~~~~~~
../Core/Src/main.c:114:13: error: static declaration of 'MX_TIM2_Init' follows non-static declaration
  114 | static void MX_TIM2_Init(void);
      |             ^~~~~~~~~~~~
In file included from ../Core/Src/main.c:28:
../Core/Inc/tim.h:41:6: note: previous declaration of 'MX_TIM2_Init' was here
   41 | void MX_TIM2_Init(void);
      |      ^~~~~~~~~~~~
../Core/Src/main.c:115:13: error: static declaration of 'MX_TIM3_Init' follows non-static declaration
  115 | static void MX_TIM3_Init(void);
      |             ^~~~~~~~~~~~
In file included from ../Core/Src/main.c:28:
../Core/Inc/tim.h:42:6: note: previous declaration of 'MX_TIM3_Init' was here
   42 | void MX_TIM3_Init(void);
      |      ^~~~~~~~~~~~
../Core/Src/main.c:116:13: error: static declaration of 'MX_RNG_Init' follows non-static declaration
  116 | static void MX_RNG_Init(void);
      |             ^~~~~~~~~~~
In file included from ../Core/Src/main.c:26:
../Core/Inc/rng.h:40:6: note: previous declaration of 'MX_RNG_Init' was here
   40 | void MX_RNG_Init(void);
      |      ^~~~~~~~~~~
../Core/Src/main.c: In function 'HAL_TIM_PeriodElapsedCallback':
../Core/Src/main.c:348:38: warning: pointer targets in passing argument 3 of 'BSP_LCD_DisplayStringAt' differ in signedness [-Wpointer-sign]
  348 |    BSP_LCD_DisplayStringAt(150, 100, score, CENTER_MODE);
      |                                      ^~~~~
      |                                      |
      |                                      char *
In file included from ../Core/Src/main.c:38:
C:/D/ThuchanhNhungReal/LAB_LCD_USB/LCD_USB/Drivers/BSP/STM32F429I-Discovery/stm32f429i_discovery_lcd.h:200:67: note: expected 'uint8_t *' {aka 'unsigned char *'} but argument is of type 'char *'
  200 | void     BSP_LCD_DisplayStringAt(uint16_t X, uint16_t Y, uint8_t *pText, Text_AlignModeTypdef mode);
      |                                                          ~~~~~~~~~^~~~~
../Core/Src/main.c:353:37: warning: pointer targets in passing argument 3 of 'BSP_LCD_DisplayStringAt' differ in signedness [-Wpointer-sign]
  353 |     BSP_LCD_DisplayStringAt(0, 136, score, CENTER_MODE);
      |                                     ^~~~~
      |                                     |
      |                                     char *
In file included from ../Core/Src/main.c:38:
C:/D/ThuchanhNhungReal/LAB_LCD_USB/LCD_USB/Drivers/BSP/STM32F429I-Discovery/stm32f429i_discovery_lcd.h:200:67: note: expected 'uint8_t *' {aka 'unsigned char *'} but argument is of type 'char *'
  200 | void     BSP_LCD_DisplayStringAt(uint16_t X, uint16_t Y, uint8_t *pText, Text_AlignModeTypdef mode);
      |                                                          ~~~~~~~~~^~~~~
../Core/Src/main.c: At top level:
../Core/Src/main.c:111:13: warning: 'MX_GPIO_Init' used but never defined
  111 | static void MX_GPIO_Init(void);
      |             ^~~~~~~~~~~~
../Core/Src/main.c:112:13: warning: 'MX_CRC_Init' used but never defined
  112 | static void MX_CRC_Init(void);
      |             ^~~~~~~~~~~
../Core/Src/main.c:113:13: warning: 'MX_DMA2D_Init' used but never defined
  113 | static void MX_DMA2D_Init(void);
      |             ^~~~~~~~~~~~~
../Core/Src/main.c:114:13: warning: 'MX_TIM2_Init' used but never defined
  114 | static void MX_TIM2_Init(void);
      |             ^~~~~~~~~~~~
../Core/Src/main.c:115:13: warning: 'MX_TIM3_Init' used but never defined
  115 | static void MX_TIM3_Init(void);
      |             ^~~~~~~~~~~~
../Core/Src/main.c:116:13: warning: 'MX_RNG_Init' used but never defined
  116 | static void MX_RNG_Init(void);
      |             ^~~~~~~~~~~
make: *** [Core/Src/subdir.mk:64: Core/Src/main.o] Error 1
"make -j12 all" terminated with exit code 2. Build might be incomplete.
08:53:46 **** Incremental Build of configuration Debug for project LCD_USB ****
make -j12 all 
arm-none-eabi-gcc "../Core/Src/main.c" -mcpu=cortex-m4 -std=gnu11 -g3 -DDEBUG -DUSE_HAL_DRIVER -DSTM32F429xx -c -I../Core/Inc -I../Drivers/STM32F4xx_HAL_Driver/Inc -I../Drivers/STM32F4xx_HAL_Driver/Inc/Legacy -I../Drivers/CMSIS/Device/ST/STM32F4xx/Include -I../Drivers/CMSIS/Include -I"C:/D/ThuchanhNhungReal/LAB_LCD_USB/LCD_USB/Drivers/BSP/Components" -I"C:/D/ThuchanhNhungReal/LAB_LCD_USB/LCD_USB/Drivers/BSP/STM32F429I-Discovery" -I"C:/Users/ASUS/STM32Cube/Repository/STM32Cube_FW_F4_V1.27.1/Drivers/CMSIS/BSP" -I"C:/Users/ASUS/STM32Cube/Repository/STM32Cube_FW_F4_V1.27.1/Drivers/BSP" -O0 -ffunction-sections -fdata-sections -Wall -fstack-usage -MMD -MP -MF"Core/Src/main.d" -MT"Core/Src/main.o" --specs=nano.specs -mfpu=fpv4-sp-d16 -mfloat-abi=hard -mthumb -o "Core/Src/main.o"
../Core/Src/main.c: In function 'HAL_TIM_PeriodElapsedCallback':
../Core/Src/main.c:342:38: warning: pointer targets in passing argument 3 of 'BSP_LCD_DisplayStringAt' differ in signedness [-Wpointer-sign]
  342 |    BSP_LCD_DisplayStringAt(150, 100, score, CENTER_MODE);
      |                                      ^~~~~
      |                                      |
      |                                      char *
In file included from ../Core/Src/main.c:38:
C:/D/ThuchanhNhungReal/LAB_LCD_USB/LCD_USB/Drivers/BSP/STM32F429I-Discovery/stm32f429i_discovery_lcd.h:200:67: note: expected 'uint8_t *' {aka 'unsigned char *'} but argument is of type 'char *'
  200 | void     BSP_LCD_DisplayStringAt(uint16_t X, uint16_t Y, uint8_t *pText, Text_AlignModeTypdef mode);
      |                                                          ~~~~~~~~~^~~~~
../Core/Src/main.c:347:37: warning: pointer targets in passing argument 3 of 'BSP_LCD_DisplayStringAt' differ in signedness [-Wpointer-sign]
  347 |     BSP_LCD_DisplayStringAt(0, 136, score, CENTER_MODE);
      |                                     ^~~~~
      |                                     |
      |                                     char *
In file included from ../Core/Src/main.c:38:
C:/D/ThuchanhNhungReal/LAB_LCD_USB/LCD_USB/Drivers/BSP/STM32F429I-Discovery/stm32f429i_discovery_lcd.h:200:67: note: expected 'uint8_t *' {aka 'unsigned char *'} but argument is of type 'char *'
  200 | void     BSP_LCD_DisplayStringAt(uint16_t X, uint16_t Y, uint8_t *pText, Text_AlignModeTypdef mode);
      |                                                          ~~~~~~~~~^~~~~
arm-none-eabi-gcc -o "LCD_USB.elf" @"objects.list"   -mcpu=cortex-m4 -T"C:\D\ThuchanhNhungReal\LAB_LCD_USB\LCD_USB\STM32F429ZITX_FLASH.ld" --specs=nosys.specs -Wl,-Map="LCD_USB.map" -Wl,--gc-sections -static --specs=nano.specs -mfpu=fpv4-sp-d16 -mfloat-abi=hard -mthumb -Wl,--start-group -lc -lm -Wl,--end-group
Finished building target: LCD_USB.elf
 
arm-none-eabi-size   LCD_USB.elf 
arm-none-eabi-objdump -h -S  LCD_USB.elf  > "LCD_USB.list"
arm-none-eabi-objcopy  -O binary  LCD_USB.elf  "LCD_USB.bin"
   text	   data	    bss	    dec	    hex	filename
  53548	    252	  18396	  72196	  11a04	LCD_USB.elf
Finished building: default.size.stdout
 
Finished building: LCD_USB.bin
 
Finished building: LCD_USB.list
 
09:03:10 **** Incremental Build of configuration Debug for project LCD_USB ****
make -j12 all 
arm-none-eabi-gcc "../Core/Src/main.c" -mcpu=cortex-m4 -std=gnu11 -g3 -DDEBUG -DUSE_HAL_DRIVER -DSTM32F429xx -c -I../Core/Inc -I../Drivers/STM32F4xx_HAL_Driver/Inc -I../Drivers/STM32F4xx_HAL_Driver/Inc/Legacy -I../Drivers/CMSIS/Device/ST/STM32F4xx/Include -I../Drivers/CMSIS/Include -I"C:/D/ThuchanhNhungReal/LAB_LCD_USB/LCD_USB/Drivers/BSP/Components" -I"C:/D/ThuchanhNhungReal/LAB_LCD_USB/LCD_USB/Drivers/BSP/STM32F429I-Discovery" -I"C:/Users/ASUS/STM32Cube/Repository/STM32Cube_FW_F4_V1.27.1/Drivers/CMSIS/BSP" -I"C:/Users/ASUS/STM32Cube/Repository/STM32Cube_FW_F4_V1.27.1/Drivers/BSP" -O0 -ffunction-sections -fdata-sections -Wall -fstack-usage -MMD -MP -MF"Core/Src/main.d" -MT"Core/Src/main.o" --specs=nano.specs -mfpu=fpv4-sp-d16 -mfloat-abi=hard -mthumb -o "Core/Src/main.o"
../Core/Src/main.c: In function 'HAL_TIM_PeriodElapsedCallback':
../Core/Src/main.c:342:38: warning: pointer targets in passing argument 3 of 'BSP_LCD_DisplayStringAt' differ in signedness [-Wpointer-sign]
  342 |    BSP_LCD_DisplayStringAt(150, 100, score, CENTER_MODE);
      |                                      ^~~~~
      |                                      |
      |                                      char *
In file included from ../Core/Src/main.c:38:
C:/D/ThuchanhNhungReal/LAB_LCD_USB/LCD_USB/Drivers/BSP/STM32F429I-Discovery/stm32f429i_discovery_lcd.h:200:67: note: expected 'uint8_t *' {aka 'unsigned char *'} but argument is of type 'char *'
  200 | void     BSP_LCD_DisplayStringAt(uint16_t X, uint16_t Y, uint8_t *pText, Text_AlignModeTypdef mode);
      |                                                          ~~~~~~~~~^~~~~
../Core/Src/main.c:347:37: warning: pointer targets in passing argument 3 of 'BSP_LCD_DisplayStringAt' differ in signedness [-Wpointer-sign]
  347 |     BSP_LCD_DisplayStringAt(0, 136, score, CENTER_MODE);
      |                                     ^~~~~
      |                                     |
      |                                     char *
In file included from ../Core/Src/main.c:38:
C:/D/ThuchanhNhungReal/LAB_LCD_USB/LCD_USB/Drivers/BSP/STM32F429I-Discovery/stm32f429i_discovery_lcd.h:200:67: note: expected 'uint8_t *' {aka 'unsigned char *'} but argument is of type 'char *'
  200 | void     BSP_LCD_DisplayStringAt(uint16_t X, uint16_t Y, uint8_t *pText, Text_AlignModeTypdef mode);
      |                                                          ~~~~~~~~~^~~~~
arm-none-eabi-gcc -o "LCD_USB.elf" @"objects.list"   -mcpu=cortex-m4 -T"C:\D\ThuchanhNhungReal\LAB_LCD_USB\LCD_USB\STM32F429ZITX_FLASH.ld" --specs=nosys.specs -Wl,-Map="LCD_USB.map" -Wl,--gc-sections -static --specs=nano.specs -mfpu=fpv4-sp-d16 -mfloat-abi=hard -mthumb -Wl,--start-group -lc -lm -Wl,--end-group
Finished building target: LCD_USB.elf
 
arm-none-eabi-size   LCD_USB.elf 
arm-none-eabi-objdump -h -S  LCD_USB.elf  > "LCD_USB.list"
arm-none-eabi-objcopy  -O binary  LCD_USB.elf  "LCD_USB.bin"
   text	   data	    bss	    dec	    hex	filename
  53548	    252	  18396	  72196	  11a04	LCD_USB.elf
Finished building: default.size.stdout
 
Finished building: LCD_USB.bin
 
Finished building: LCD_USB.list
 
09:03:52 **** Incremental Build of configuration Debug for project LCD_USB ****
make -j12 all 
arm-none-eabi-gcc "../Core/Src/main.c" -mcpu=cortex-m4 -std=gnu11 -g3 -DDEBUG -DUSE_HAL_DRIVER -DSTM32F429xx -c -I../Core/Inc -I../Drivers/STM32F4xx_HAL_Driver/Inc -I../Drivers/STM32F4xx_HAL_Driver/Inc/Legacy -I../Drivers/CMSIS/Device/ST/STM32F4xx/Include -I../Drivers/CMSIS/Include -I"C:/D/ThuchanhNhungReal/LAB_LCD_USB/LCD_USB/Drivers/BSP/Components" -I"C:/D/ThuchanhNhungReal/LAB_LCD_USB/LCD_USB/Drivers/BSP/STM32F429I-Discovery" -I"C:/Users/ASUS/STM32Cube/Repository/STM32Cube_FW_F4_V1.27.1/Drivers/CMSIS/BSP" -I"C:/Users/ASUS/STM32Cube/Repository/STM32Cube_FW_F4_V1.27.1/Drivers/BSP" -O0 -ffunction-sections -fdata-sections -Wall -fstack-usage -MMD -MP -MF"Core/Src/main.d" -MT"Core/Src/main.o" --specs=nano.specs -mfpu=fpv4-sp-d16 -mfloat-abi=hard -mthumb -o "Core/Src/main.o"
../Core/Src/main.c: In function 'HAL_TIM_PeriodElapsedCallback':
../Core/Src/main.c:342:38: warning: pointer targets in passing argument 3 of 'BSP_LCD_DisplayStringAt' differ in signedness [-Wpointer-sign]
  342 |    BSP_LCD_DisplayStringAt(150, 100, score, CENTER_MODE);
      |                                      ^~~~~
      |                                      |
      |                                      char *
In file included from ../Core/Src/main.c:38:
C:/D/ThuchanhNhungReal/LAB_LCD_USB/LCD_USB/Drivers/BSP/STM32F429I-Discovery/stm32f429i_discovery_lcd.h:200:67: note: expected 'uint8_t *' {aka 'unsigned char *'} but argument is of type 'char *'
  200 | void     BSP_LCD_DisplayStringAt(uint16_t X, uint16_t Y, uint8_t *pText, Text_AlignModeTypdef mode);
      |                                                          ~~~~~~~~~^~~~~
../Core/Src/main.c:347:37: warning: pointer targets in passing argument 3 of 'BSP_LCD_DisplayStringAt' differ in signedness [-Wpointer-sign]
  347 |     BSP_LCD_DisplayStringAt(0, 136, score, CENTER_MODE);
      |                                     ^~~~~
      |                                     |
      |                                     char *
In file included from ../Core/Src/main.c:38:
C:/D/ThuchanhNhungReal/LAB_LCD_USB/LCD_USB/Drivers/BSP/STM32F429I-Discovery/stm32f429i_discovery_lcd.h:200:67: note: expected 'uint8_t *' {aka 'unsigned char *'} but argument is of type 'char *'
  200 | void     BSP_LCD_DisplayStringAt(uint16_t X, uint16_t Y, uint8_t *pText, Text_AlignModeTypdef mode);
      |                                                          ~~~~~~~~~^~~~~
arm-none-eabi-gcc -o "LCD_USB.elf" @"objects.list"   -mcpu=cortex-m4 -T"C:\D\ThuchanhNhungReal\LAB_LCD_USB\LCD_USB\STM32F429ZITX_FLASH.ld" --specs=nosys.specs -Wl,-Map="LCD_USB.map" -Wl,--gc-sections -static --specs=nano.specs -mfpu=fpv4-sp-d16 -mfloat-abi=hard -mthumb -Wl,--start-group -lc -lm -Wl,--end-group
Finished building target: LCD_USB.elf
 
arm-none-eabi-size   LCD_USB.elf 
arm-none-eabi-objdump -h -S  LCD_USB.elf  > "LCD_USB.list"
arm-none-eabi-objcopy  -O binary  LCD_USB.elf  "LCD_USB.bin"
   text	   data	    bss	    dec	    hex	filename
  53548	    252	  18396	  72196	  11a04	LCD_USB.elf
Finished building: default.size.stdout
 
Finished building: LCD_USB.bin
 
Finished building: LCD_USB.list
 
09:04:37 **** Incremental Build of configuration Debug for project LCD_USB ****
make -j12 all 
arm-none-eabi-gcc "../Core/Src/main.c" -mcpu=cortex-m4 -std=gnu11 -g3 -DDEBUG -DUSE_HAL_DRIVER -DSTM32F429xx -c -I../Core/Inc -I../Drivers/STM32F4xx_HAL_Driver/Inc -I../Drivers/STM32F4xx_HAL_Driver/Inc/Legacy -I../Drivers/CMSIS/Device/ST/STM32F4xx/Include -I../Drivers/CMSIS/Include -I"C:/D/ThuchanhNhungReal/LAB_LCD_USB/LCD_USB/Drivers/BSP/Components" -I"C:/D/ThuchanhNhungReal/LAB_LCD_USB/LCD_USB/Drivers/BSP/STM32F429I-Discovery" -I"C:/Users/ASUS/STM32Cube/Repository/STM32Cube_FW_F4_V1.27.1/Drivers/CMSIS/BSP" -I"C:/Users/ASUS/STM32Cube/Repository/STM32Cube_FW_F4_V1.27.1/Drivers/BSP" -O0 -ffunction-sections -fdata-sections -Wall -fstack-usage -MMD -MP -MF"Core/Src/main.d" -MT"Core/Src/main.o" --specs=nano.specs -mfpu=fpv4-sp-d16 -mfloat-abi=hard -mthumb -o "Core/Src/main.o"
../Core/Src/main.c: In function 'HAL_TIM_PeriodElapsedCallback':
../Core/Src/main.c:342:38: warning: pointer targets in passing argument 3 of 'BSP_LCD_DisplayStringAt' differ in signedness [-Wpointer-sign]
  342 |    BSP_LCD_DisplayStringAt(150, 100, score, CENTER_MODE);
      |                                      ^~~~~
      |                                      |
      |                                      char *
In file included from ../Core/Src/main.c:38:
C:/D/ThuchanhNhungReal/LAB_LCD_USB/LCD_USB/Drivers/BSP/STM32F429I-Discovery/stm32f429i_discovery_lcd.h:200:67: note: expected 'uint8_t *' {aka 'unsigned char *'} but argument is of type 'char *'
  200 | void     BSP_LCD_DisplayStringAt(uint16_t X, uint16_t Y, uint8_t *pText, Text_AlignModeTypdef mode);
      |                                                          ~~~~~~~~~^~~~~
../Core/Src/main.c:347:37: warning: pointer targets in passing argument 3 of 'BSP_LCD_DisplayStringAt' differ in signedness [-Wpointer-sign]
  347 |     BSP_LCD_DisplayStringAt(0, 136, score, CENTER_MODE);
      |                                     ^~~~~
      |                                     |
      |                                     char *
In file included from ../Core/Src/main.c:38:
C:/D/ThuchanhNhungReal/LAB_LCD_USB/LCD_USB/Drivers/BSP/STM32F429I-Discovery/stm32f429i_discovery_lcd.h:200:67: note: expected 'uint8_t *' {aka 'unsigned char *'} but argument is of type 'char *'
  200 | void     BSP_LCD_DisplayStringAt(uint16_t X, uint16_t Y, uint8_t *pText, Text_AlignModeTypdef mode);
      |                                                          ~~~~~~~~~^~~~~
arm-none-eabi-gcc -o "LCD_USB.elf" @"objects.list"   -mcpu=cortex-m4 -T"C:\D\ThuchanhNhungReal\LAB_LCD_USB\LCD_USB\STM32F429ZITX_FLASH.ld" --specs=nosys.specs -Wl,-Map="LCD_USB.map" -Wl,--gc-sections -static --specs=nano.specs -mfpu=fpv4-sp-d16 -mfloat-abi=hard -mthumb -Wl,--start-group -lc -lm -Wl,--end-group
Finished building target: LCD_USB.elf
 
arm-none-eabi-size   LCD_USB.elf 
arm-none-eabi-objdump -h -S  LCD_USB.elf  > "LCD_USB.list"
arm-none-eabi-objcopy  -O binary  LCD_USB.elf  "LCD_USB.bin"
   text	   data	    bss	    dec	    hex	filename
  53548	    252	  18396	  72196	  11a04	LCD_USB.elf
Finished building: default.size.stdout
 
Finished building: LCD_USB.bin
 
Finished building: LCD_USB.list
 
09:05:55 **** Incremental Build of configuration Debug for project LCD_USB ****
make -j12 all 
arm-none-eabi-gcc "../Core/Src/main.c" -mcpu=cortex-m4 -std=gnu11 -g3 -DDEBUG -DUSE_HAL_DRIVER -DSTM32F429xx -c -I../Core/Inc -I../Drivers/STM32F4xx_HAL_Driver/Inc -I../Drivers/STM32F4xx_HAL_Driver/Inc/Legacy -I../Drivers/CMSIS/Device/ST/STM32F4xx/Include -I../Drivers/CMSIS/Include -I"C:/D/ThuchanhNhungReal/LAB_LCD_USB/LCD_USB/Drivers/BSP/Components" -I"C:/D/ThuchanhNhungReal/LAB_LCD_USB/LCD_USB/Drivers/BSP/STM32F429I-Discovery" -I"C:/Users/ASUS/STM32Cube/Repository/STM32Cube_FW_F4_V1.27.1/Drivers/CMSIS/BSP" -I"C:/Users/ASUS/STM32Cube/Repository/STM32Cube_FW_F4_V1.27.1/Drivers/BSP" -O0 -ffunction-sections -fdata-sections -Wall -fstack-usage -MMD -MP -MF"Core/Src/main.d" -MT"Core/Src/main.o" --specs=nano.specs -mfpu=fpv4-sp-d16 -mfloat-abi=hard -mthumb -o "Core/Src/main.o"
../Core/Src/main.c: In function 'HAL_TIM_PeriodElapsedCallback':
../Core/Src/main.c:342:38: warning: pointer targets in passing argument 3 of 'BSP_LCD_DisplayStringAt' differ in signedness [-Wpointer-sign]
  342 |    BSP_LCD_DisplayStringAt(150, 100, score, CENTER_MODE);
      |                                      ^~~~~
      |                                      |
      |                                      char *
In file included from ../Core/Src/main.c:38:
C:/D/ThuchanhNhungReal/LAB_LCD_USB/LCD_USB/Drivers/BSP/STM32F429I-Discovery/stm32f429i_discovery_lcd.h:200:67: note: expected 'uint8_t *' {aka 'unsigned char *'} but argument is of type 'char *'
  200 | void     BSP_LCD_DisplayStringAt(uint16_t X, uint16_t Y, uint8_t *pText, Text_AlignModeTypdef mode);
      |                                                          ~~~~~~~~~^~~~~
../Core/Src/main.c:347:37: warning: pointer targets in passing argument 3 of 'BSP_LCD_DisplayStringAt' differ in signedness [-Wpointer-sign]
  347 |     BSP_LCD_DisplayStringAt(0, 136, score, CENTER_MODE);
      |                                     ^~~~~
      |                                     |
      |                                     char *
In file included from ../Core/Src/main.c:38:
C:/D/ThuchanhNhungReal/LAB_LCD_USB/LCD_USB/Drivers/BSP/STM32F429I-Discovery/stm32f429i_discovery_lcd.h:200:67: note: expected 'uint8_t *' {aka 'unsigned char *'} but argument is of type 'char *'
  200 | void     BSP_LCD_DisplayStringAt(uint16_t X, uint16_t Y, uint8_t *pText, Text_AlignModeTypdef mode);
      |                                                          ~~~~~~~~~^~~~~
arm-none-eabi-gcc -o "LCD_USB.elf" @"objects.list"   -mcpu=cortex-m4 -T"C:\D\ThuchanhNhungReal\LAB_LCD_USB\LCD_USB\STM32F429ZITX_FLASH.ld" --specs=nosys.specs -Wl,-Map="LCD_USB.map" -Wl,--gc-sections -static --specs=nano.specs -mfpu=fpv4-sp-d16 -mfloat-abi=hard -mthumb -Wl,--start-group -lc -lm -Wl,--end-group
Finished building target: LCD_USB.elf
 
arm-none-eabi-size   LCD_USB.elf 
arm-none-eabi-objdump -h -S  LCD_USB.elf  > "LCD_USB.list"
arm-none-eabi-objcopy  -O binary  LCD_USB.elf  "LCD_USB.bin"
   text	   data	    bss	    dec	    hex	filename
  53548	    252	  18396	  72196	  11a04	LCD_USB.elf
Finished building: default.size.stdout
 
Finished building: LCD_USB.bin
 
Finished building: LCD_USB.list
 
09:09:04 **** Incremental Build of configuration Debug for project LCD_USB ****
make -j12 all 
arm-none-eabi-gcc "../Core/Src/main.c" -mcpu=cortex-m4 -std=gnu11 -g3 -DDEBUG -DUSE_HAL_DRIVER -DSTM32F429xx -c -I../Core/Inc -I../Drivers/STM32F4xx_HAL_Driver/Inc -I../Drivers/STM32F4xx_HAL_Driver/Inc/Legacy -I../Drivers/CMSIS/Device/ST/STM32F4xx/Include -I../Drivers/CMSIS/Include -I"C:/D/ThuchanhNhungReal/LAB_LCD_USB/LCD_USB/Drivers/BSP/Components" -I"C:/D/ThuchanhNhungReal/LAB_LCD_USB/LCD_USB/Drivers/BSP/STM32F429I-Discovery" -I"C:/Users/ASUS/STM32Cube/Repository/STM32Cube_FW_F4_V1.27.1/Drivers/CMSIS/BSP" -I"C:/Users/ASUS/STM32Cube/Repository/STM32Cube_FW_F4_V1.27.1/Drivers/BSP" -O0 -ffunction-sections -fdata-sections -Wall -fstack-usage -MMD -MP -MF"Core/Src/main.d" -MT"Core/Src/main.o" --specs=nano.specs -mfpu=fpv4-sp-d16 -mfloat-abi=hard -mthumb -o "Core/Src/main.o"
../Core/Src/main.c:86: warning: "LCD_FRAME_BUFFER" redefined
   86 | #define LCD_FRAME_BUFFER          SDRAM_DEVICE_ADDR
      | 
In file included from ../Core/Src/main.c:38:
C:/D/ThuchanhNhungReal/LAB_LCD_USB/LCD_USB/Drivers/BSP/STM32F429I-Discovery/stm32f429i_discovery_lcd.h:93: note: this is the location of the previous definition
   93 | #define LCD_FRAME_BUFFER       ((uint32_t)0xD0000000)
      | 
../Core/Src/main.c:112:13: error: static declaration of 'MX_GPIO_Init' follows non-static declaration
  112 | static void MX_GPIO_Init(void);
      |             ^~~~~~~~~~~~
In file included from ../Core/Src/main.c:30:
../Core/Inc/gpio.h:38:6: note: previous declaration of 'MX_GPIO_Init' was here
   38 | void MX_GPIO_Init(void);
      |      ^~~~~~~~~~~~
../Core/Src/main.c:113:13: error: static declaration of 'MX_CRC_Init' follows non-static declaration
  113 | static void MX_CRC_Init(void);
      |             ^~~~~~~~~~~
In file included from ../Core/Src/main.c:22:
../Core/Inc/crc.h:40:6: note: previous declaration of 'MX_CRC_Init' was here
   40 | void MX_CRC_Init(void);
      |      ^~~~~~~~~~~
../Core/Src/main.c:114:13: error: static declaration of 'MX_DMA2D_Init' follows non-static declaration
  114 | static void MX_DMA2D_Init(void);
      |             ^~~~~~~~~~~~~
In file included from ../Core/Src/main.c:23:
../Core/Inc/dma2d.h:40:6: note: previous declaration of 'MX_DMA2D_Init' was here
   40 | void MX_DMA2D_Init(void);
      |      ^~~~~~~~~~~~~
../Core/Src/main.c:115:13: error: static declaration of 'MX_TIM2_Init' follows non-static declaration
  115 | static void MX_TIM2_Init(void);
      |             ^~~~~~~~~~~~
In file included from ../Core/Src/main.c:28:
../Core/Inc/tim.h:41:6: note: previous declaration of 'MX_TIM2_Init' was here
   41 | void MX_TIM2_Init(void);
      |      ^~~~~~~~~~~~
../Core/Src/main.c:116:13: error: static declaration of 'MX_TIM3_Init' follows non-static declaration
  116 | static void MX_TIM3_Init(void);
      |             ^~~~~~~~~~~~
In file included from ../Core/Src/main.c:28:
../Core/Inc/tim.h:42:6: note: previous declaration of 'MX_TIM3_Init' was here
   42 | void MX_TIM3_Init(void);
      |      ^~~~~~~~~~~~
../Core/Src/main.c:117:13: error: static declaration of 'MX_RNG_Init' follows non-static declaration
  117 | static void MX_RNG_Init(void);
      |             ^~~~~~~~~~~
In file included from ../Core/Src/main.c:26:
../Core/Inc/rng.h:40:6: note: previous declaration of 'MX_RNG_Init' was here
   40 | void MX_RNG_Init(void);
      |      ^~~~~~~~~~~
../Core/Src/main.c: In function 'main':
../Core/Src/main.c:236:28: error: 'LTDC_ACTIVE_LAYER' undeclared (first use in this function)
  236 |   BSP_LCD_LayerDefaultInit(LTDC_ACTIVE_LAYER,LCD_FRAME_BUFFER);
      |                            ^~~~~~~~~~~~~~~~~
../Core/Src/main.c:236:28: note: each undeclared identifier is reported only once for each function it appears in
../Core/Src/main.c:272:18: error: 'TS_StateTypeDef' {aka 'struct <anonymous>'} has no member named 'touchDetected'; did you mean 'TouchDetected'?
  272 |    if ( TS_State.touchDetected ) {
      |                  ^~~~~~~~~~~~~
      |                  TouchDetected
../Core/Src/main.c:273:23: error: 'TS_StateTypeDef' {aka 'struct <anonymous>'} has no member named 'touchX'
  273 |     float X = TS_State.touchX[0];
      |                       ^
../Core/Src/main.c:274:23: error: 'TS_StateTypeDef' {aka 'struct <anonymous>'} has no member named 'touchY'
  274 |     float Y = TS_State.touchY[0];
      |                       ^
../Core/Src/main.c: In function 'HAL_TIM_PeriodElapsedCallback':
../Core/Src/main.c:346:38: warning: pointer targets in passing argument 3 of 'BSP_LCD_DisplayStringAt' differ in signedness [-Wpointer-sign]
  346 |    BSP_LCD_DisplayStringAt(150, 100, score, CENTER_MODE);
      |                                      ^~~~~
      |                                      |
      |                                      char *
In file included from ../Core/Src/main.c:38:
C:/D/ThuchanhNhungReal/LAB_LCD_USB/LCD_USB/Drivers/BSP/STM32F429I-Discovery/stm32f429i_discovery_lcd.h:200:67: note: expected 'uint8_t *' {aka 'unsigned char *'} but argument is of type 'char *'
  200 | void     BSP_LCD_DisplayStringAt(uint16_t X, uint16_t Y, uint8_t *pText, Text_AlignModeTypdef mode);
      |                                                          ~~~~~~~~~^~~~~
../Core/Src/main.c:351:37: warning: pointer targets in passing argument 3 of 'BSP_LCD_DisplayStringAt' differ in signedness [-Wpointer-sign]
  351 |     BSP_LCD_DisplayStringAt(0, 136, score, CENTER_MODE);
      |                                     ^~~~~
      |                                     |
      |                                     char *
In file included from ../Core/Src/main.c:38:
C:/D/ThuchanhNhungReal/LAB_LCD_USB/LCD_USB/Drivers/BSP/STM32F429I-Discovery/stm32f429i_discovery_lcd.h:200:67: note: expected 'uint8_t *' {aka 'unsigned char *'} but argument is of type 'char *'
  200 | void     BSP_LCD_DisplayStringAt(uint16_t X, uint16_t Y, uint8_t *pText, Text_AlignModeTypdef mode);
      |                                                          ~~~~~~~~~^~~~~
../Core/Src/main.c: At top level:
../Core/Src/main.c:112:13: warning: 'MX_GPIO_Init' used but never defined
  112 | static void MX_GPIO_Init(void);
      |             ^~~~~~~~~~~~
../Core/Src/main.c:113:13: warning: 'MX_CRC_Init' used but never defined
  113 | static void MX_CRC_Init(void);
      |             ^~~~~~~~~~~
../Core/Src/main.c:114:13: warning: 'MX_DMA2D_Init' used but never defined
  114 | static void MX_DMA2D_Init(void);
      |             ^~~~~~~~~~~~~
../Core/Src/main.c:115:13: warning: 'MX_TIM2_Init' used but never defined
  115 | static void MX_TIM2_Init(void);
      |             ^~~~~~~~~~~~
../Core/Src/main.c:116:13: warning: 'MX_TIM3_Init' used but never defined
  116 | static void MX_TIM3_Init(void);
      |             ^~~~~~~~~~~~
../Core/Src/main.c:117:13: warning: 'MX_RNG_Init' used but never defined
  117 | static void MX_RNG_Init(void);
      |             ^~~~~~~~~~~
make: *** [Core/Src/subdir.mk:64: Core/Src/main.o] Error 1
"make -j12 all" terminated with exit code 2. Build might be incomplete.
09:09:26 **** Incremental Build of configuration Debug for project LCD_USB ****
make -j12 all 
arm-none-eabi-gcc "../Core/Src/main.c" -mcpu=cortex-m4 -std=gnu11 -g3 -DDEBUG -DUSE_HAL_DRIVER -DSTM32F429xx -c -I../Core/Inc -I../Drivers/STM32F4xx_HAL_Driver/Inc -I../Drivers/STM32F4xx_HAL_Driver/Inc/Legacy -I../Drivers/CMSIS/Device/ST/STM32F4xx/Include -I../Drivers/CMSIS/Include -I"C:/D/ThuchanhNhungReal/LAB_LCD_USB/LCD_USB/Drivers/BSP/Components" -I"C:/D/ThuchanhNhungReal/LAB_LCD_USB/LCD_USB/Drivers/BSP/STM32F429I-Discovery" -I"C:/Users/ASUS/STM32Cube/Repository/STM32Cube_FW_F4_V1.27.1/Drivers/CMSIS/BSP" -I"C:/Users/ASUS/STM32Cube/Repository/STM32Cube_FW_F4_V1.27.1/Drivers/BSP" -O0 -ffunction-sections -fdata-sections -Wall -fstack-usage -MMD -MP -MF"Core/Src/main.d" -MT"Core/Src/main.o" --specs=nano.specs -mfpu=fpv4-sp-d16 -mfloat-abi=hard -mthumb -o "Core/Src/main.o"
../Core/Src/main.c:86: warning: "LCD_FRAME_BUFFER" redefined
   86 | #define LCD_FRAME_BUFFER          SDRAM_DEVICE_ADDR
      | 
In file included from ../Core/Src/main.c:38:
C:/D/ThuchanhNhungReal/LAB_LCD_USB/LCD_USB/Drivers/BSP/STM32F429I-Discovery/stm32f429i_discovery_lcd.h:93: note: this is the location of the previous definition
   93 | #define LCD_FRAME_BUFFER       ((uint32_t)0xD0000000)
      | 
../Core/Src/main.c: In function 'main':
../Core/Src/main.c:230:28: error: 'LTDC_ACTIVE_LAYER' undeclared (first use in this function)
  230 |   BSP_LCD_LayerDefaultInit(LTDC_ACTIVE_LAYER,LCD_FRAME_BUFFER);
      |                            ^~~~~~~~~~~~~~~~~
../Core/Src/main.c:230:28: note: each undeclared identifier is reported only once for each function it appears in
../Core/Src/main.c:266:18: error: 'TS_StateTypeDef' {aka 'struct <anonymous>'} has no member named 'touchDetected'; did you mean 'TouchDetected'?
  266 |    if ( TS_State.touchDetected ) {
      |                  ^~~~~~~~~~~~~
      |                  TouchDetected
../Core/Src/main.c:267:23: error: 'TS_StateTypeDef' {aka 'struct <anonymous>'} has no member named 'touchX'
  267 |     float X = TS_State.touchX[0];
      |                       ^
../Core/Src/main.c:268:23: error: 'TS_StateTypeDef' {aka 'struct <anonymous>'} has no member named 'touchY'
  268 |     float Y = TS_State.touchY[0];
      |                       ^
../Core/Src/main.c: In function 'HAL_TIM_PeriodElapsedCallback':
../Core/Src/main.c:340:38: warning: pointer targets in passing argument 3 of 'BSP_LCD_DisplayStringAt' differ in signedness [-Wpointer-sign]
  340 |    BSP_LCD_DisplayStringAt(150, 100, score, CENTER_MODE);
      |                                      ^~~~~
      |                                      |
      |                                      char *
In file included from ../Core/Src/main.c:38:
C:/D/ThuchanhNhungReal/LAB_LCD_USB/LCD_USB/Drivers/BSP/STM32F429I-Discovery/stm32f429i_discovery_lcd.h:200:67: note: expected 'uint8_t *' {aka 'unsigned char *'} but argument is of type 'char *'
  200 | void     BSP_LCD_DisplayStringAt(uint16_t X, uint16_t Y, uint8_t *pText, Text_AlignModeTypdef mode);
      |                                                          ~~~~~~~~~^~~~~
../Core/Src/main.c:345:37: warning: pointer targets in passing argument 3 of 'BSP_LCD_DisplayStringAt' differ in signedness [-Wpointer-sign]
  345 |     BSP_LCD_DisplayStringAt(0, 136, score, CENTER_MODE);
      |                                     ^~~~~
      |                                     |
      |                                     char *
In file included from ../Core/Src/main.c:38:
C:/D/ThuchanhNhungReal/LAB_LCD_USB/LCD_USB/Drivers/BSP/STM32F429I-Discovery/stm32f429i_discovery_lcd.h:200:67: note: expected 'uint8_t *' {aka 'unsigned char *'} but argument is of type 'char *'
  200 | void     BSP_LCD_DisplayStringAt(uint16_t X, uint16_t Y, uint8_t *pText, Text_AlignModeTypdef mode);
      |                                                          ~~~~~~~~~^~~~~
make: *** [Core/Src/subdir.mk:64: Core/Src/main.o] Error 1
"make -j12 all" terminated with exit code 2. Build might be incomplete.
09:09:53 **** Incremental Build of configuration Debug for project LCD_USB ****
make -j12 all 
arm-none-eabi-gcc "../Core/Src/main.c" -mcpu=cortex-m4 -std=gnu11 -g3 -DDEBUG -DUSE_HAL_DRIVER -DSTM32F429xx -c -I../Core/Inc -I../Drivers/STM32F4xx_HAL_Driver/Inc -I../Drivers/STM32F4xx_HAL_Driver/Inc/Legacy -I../Drivers/CMSIS/Device/ST/STM32F4xx/Include -I../Drivers/CMSIS/Include -I"C:/D/ThuchanhNhungReal/LAB_LCD_USB/LCD_USB/Drivers/BSP/Components" -I"C:/D/ThuchanhNhungReal/LAB_LCD_USB/LCD_USB/Drivers/BSP/STM32F429I-Discovery" -I"C:/Users/ASUS/STM32Cube/Repository/STM32Cube_FW_F4_V1.27.1/Drivers/CMSIS/BSP" -I"C:/Users/ASUS/STM32Cube/Repository/STM32Cube_FW_F4_V1.27.1/Drivers/BSP" -O0 -ffunction-sections -fdata-sections -Wall -fstack-usage -MMD -MP -MF"Core/Src/main.d" -MT"Core/Src/main.o" --specs=nano.specs -mfpu=fpv4-sp-d16 -mfloat-abi=hard -mthumb -o "Core/Src/main.o"
../Core/Src/main.c:86: warning: "LCD_FRAME_BUFFER" redefined
   86 | #define LCD_FRAME_BUFFER          SDRAM_DEVICE_ADDR
      | 
In file included from ../Core/Src/main.c:38:
C:/D/ThuchanhNhungReal/LAB_LCD_USB/LCD_USB/Drivers/BSP/STM32F429I-Discovery/stm32f429i_discovery_lcd.h:93: note: this is the location of the previous definition
   93 | #define LCD_FRAME_BUFFER       ((uint32_t)0xD0000000)
      | 
../Core/Src/main.c: In function 'main':
../Core/Src/main.c:230:28: error: 'LTDC_ACTIVE_LAYER' undeclared (first use in this function)
  230 |   BSP_LCD_LayerDefaultInit(LTDC_ACTIVE_LAYER,LCD_FRAME_BUFFER);
      |                            ^~~~~~~~~~~~~~~~~
../Core/Src/main.c:230:28: note: each undeclared identifier is reported only once for each function it appears in
../Core/Src/main.c: In function 'HAL_TIM_PeriodElapsedCallback':
../Core/Src/main.c:340:38: warning: pointer targets in passing argument 3 of 'BSP_LCD_DisplayStringAt' differ in signedness [-Wpointer-sign]
  340 |    BSP_LCD_DisplayStringAt(150, 100, score, CENTER_MODE);
      |                                      ^~~~~
      |                                      |
      |                                      char *
In file included from ../Core/Src/main.c:38:
C:/D/ThuchanhNhungReal/LAB_LCD_USB/LCD_USB/Drivers/BSP/STM32F429I-Discovery/stm32f429i_discovery_lcd.h:200:67: note: expected 'uint8_t *' {aka 'unsigned char *'} but argument is of type 'char *'
  200 | void     BSP_LCD_DisplayStringAt(uint16_t X, uint16_t Y, uint8_t *pText, Text_AlignModeTypdef mode);
      |                                                          ~~~~~~~~~^~~~~
../Core/Src/main.c:345:37: warning: pointer targets in passing argument 3 of 'BSP_LCD_DisplayStringAt' differ in signedness [-Wpointer-sign]
  345 |     BSP_LCD_DisplayStringAt(0, 136, score, CENTER_MODE);
      |                                     ^~~~~
      |                                     |
      |                                     char *
In file included from ../Core/Src/main.c:38:
C:/D/ThuchanhNhungReal/LAB_LCD_USB/LCD_USB/Drivers/BSP/STM32F429I-Discovery/stm32f429i_discovery_lcd.h:200:67: note: expected 'uint8_t *' {aka 'unsigned char *'} but argument is of type 'char *'
  200 | void     BSP_LCD_DisplayStringAt(uint16_t X, uint16_t Y, uint8_t *pText, Text_AlignModeTypdef mode);
      |                                                          ~~~~~~~~~^~~~~
make: *** [Core/Src/subdir.mk:64: Core/Src/main.o] Error 1
"make -j12 all" terminated with exit code 2. Build might be incomplete.
09:10:42 **** Incremental Build of configuration Debug for project LCD_USB ****
make -j12 all 
arm-none-eabi-gcc "../Core/Src/main.c" -mcpu=cortex-m4 -std=gnu11 -g3 -DDEBUG -DUSE_HAL_DRIVER -DSTM32F429xx -c -I../Core/Inc -I../Drivers/STM32F4xx_HAL_Driver/Inc -I../Drivers/STM32F4xx_HAL_Driver/Inc/Legacy -I../Drivers/CMSIS/Device/ST/STM32F4xx/Include -I../Drivers/CMSIS/Include -I"C:/D/ThuchanhNhungReal/LAB_LCD_USB/LCD_USB/Drivers/BSP/Components" -I"C:/D/ThuchanhNhungReal/LAB_LCD_USB/LCD_USB/Drivers/BSP/STM32F429I-Discovery" -I"C:/Users/ASUS/STM32Cube/Repository/STM32Cube_FW_F4_V1.27.1/Drivers/CMSIS/BSP" -I"C:/Users/ASUS/STM32Cube/Repository/STM32Cube_FW_F4_V1.27.1/Drivers/BSP" -O0 -ffunction-sections -fdata-sections -Wall -fstack-usage -MMD -MP -MF"Core/Src/main.d" -MT"Core/Src/main.o" --specs=nano.specs -mfpu=fpv4-sp-d16 -mfloat-abi=hard -mthumb -o "Core/Src/main.o"
../Core/Src/main.c:86: warning: "LCD_FRAME_BUFFER" redefined
   86 | #define LCD_FRAME_BUFFER          SDRAM_DEVICE_ADDR
      | 
In file included from ../Core/Src/main.c:38:
C:/D/ThuchanhNhungReal/LAB_LCD_USB/LCD_USB/Drivers/BSP/STM32F429I-Discovery/stm32f429i_discovery_lcd.h:93: note: this is the location of the previous definition
   93 | #define LCD_FRAME_BUFFER       ((uint32_t)0xD0000000)
      | 
../Core/Src/main.c: In function 'HAL_TIM_PeriodElapsedCallback':
../Core/Src/main.c:340:38: warning: pointer targets in passing argument 3 of 'BSP_LCD_DisplayStringAt' differ in signedness [-Wpointer-sign]
  340 |    BSP_LCD_DisplayStringAt(150, 100, score, CENTER_MODE);
      |                                      ^~~~~
      |                                      |
      |                                      char *
In file included from ../Core/Src/main.c:38:
C:/D/ThuchanhNhungReal/LAB_LCD_USB/LCD_USB/Drivers/BSP/STM32F429I-Discovery/stm32f429i_discovery_lcd.h:200:67: note: expected 'uint8_t *' {aka 'unsigned char *'} but argument is of type 'char *'
  200 | void     BSP_LCD_DisplayStringAt(uint16_t X, uint16_t Y, uint8_t *pText, Text_AlignModeTypdef mode);
      |                                                          ~~~~~~~~~^~~~~
../Core/Src/main.c:345:37: warning: pointer targets in passing argument 3 of 'BSP_LCD_DisplayStringAt' differ in signedness [-Wpointer-sign]
  345 |     BSP_LCD_DisplayStringAt(0, 136, score, CENTER_MODE);
      |                                     ^~~~~
      |                                     |
      |                                     char *
In file included from ../Core/Src/main.c:38:
C:/D/ThuchanhNhungReal/LAB_LCD_USB/LCD_USB/Drivers/BSP/STM32F429I-Discovery/stm32f429i_discovery_lcd.h:200:67: note: expected 'uint8_t *' {aka 'unsigned char *'} but argument is of type 'char *'
  200 | void     BSP_LCD_DisplayStringAt(uint16_t X, uint16_t Y, uint8_t *pText, Text_AlignModeTypdef mode);
      |                                                          ~~~~~~~~~^~~~~
arm-none-eabi-gcc -o "LCD_USB.elf" @"objects.list"   -mcpu=cortex-m4 -T"C:\D\ThuchanhNhungReal\LAB_LCD_USB\LCD_USB\STM32F429ZITX_FLASH.ld" --specs=nosys.specs -Wl,-Map="LCD_USB.map" -Wl,--gc-sections -static --specs=nano.specs -mfpu=fpv4-sp-d16 -mfloat-abi=hard -mthumb -Wl,--start-group -lc -lm -Wl,--end-group
Finished building target: LCD_USB.elf
 
arm-none-eabi-size   LCD_USB.elf 
arm-none-eabi-objdump -h -S  LCD_USB.elf  > "LCD_USB.list"
arm-none-eabi-objcopy  -O binary  LCD_USB.elf  "LCD_USB.bin"
   text	   data	    bss	    dec	    hex	filename
  51196	    252	  17940	  69388	  10f0c	LCD_USB.elf
Finished building: default.size.stdout
 
Finished building: LCD_USB.bin
 
Finished building: LCD_USB.list
 
09:11:52 **** Incremental Build of configuration Debug for project LCD_USB ****
make -j12 all 
arm-none-eabi-gcc "../Core/Src/main.c" -mcpu=cortex-m4 -std=gnu11 -g3 -DDEBUG -DUSE_HAL_DRIVER -DSTM32F429xx -c -I../Core/Inc -I../Drivers/STM32F4xx_HAL_Driver/Inc -I../Drivers/STM32F4xx_HAL_Driver/Inc/Legacy -I../Drivers/CMSIS/Device/ST/STM32F4xx/Include -I../Drivers/CMSIS/Include -I"C:/D/ThuchanhNhungReal/LAB_LCD_USB/LCD_USB/Drivers/BSP/Components" -I"C:/D/ThuchanhNhungReal/LAB_LCD_USB/LCD_USB/Drivers/BSP/STM32F429I-Discovery" -I"C:/Users/ASUS/STM32Cube/Repository/STM32Cube_FW_F4_V1.27.1/Drivers/CMSIS/BSP" -I"C:/Users/ASUS/STM32Cube/Repository/STM32Cube_FW_F4_V1.27.1/Drivers/BSP" -O0 -ffunction-sections -fdata-sections -Wall -fstack-usage -MMD -MP -MF"Core/Src/main.d" -MT"Core/Src/main.o" --specs=nano.specs -mfpu=fpv4-sp-d16 -mfloat-abi=hard -mthumb -o "Core/Src/main.o"
../Core/Src/main.c:86: warning: "LCD_FRAME_BUFFER" redefined
   86 | #define LCD_FRAME_BUFFER          SDRAM_DEVICE_ADDR
      | 
In file included from ../Core/Src/main.c:38:
C:/D/ThuchanhNhungReal/LAB_LCD_USB/LCD_USB/Drivers/BSP/STM32F429I-Discovery/stm32f429i_discovery_lcd.h:93: note: this is the location of the previous definition
   93 | #define LCD_FRAME_BUFFER       ((uint32_t)0xD0000000)
      | 
../Core/Src/main.c: In function 'HAL_TIM_PeriodElapsedCallback':
../Core/Src/main.c:340:38: warning: pointer targets in passing argument 3 of 'BSP_LCD_DisplayStringAt' differ in signedness [-Wpointer-sign]
  340 |    BSP_LCD_DisplayStringAt(150, 100, score, CENTER_MODE);
      |                                      ^~~~~
      |                                      |
      |                                      char *
In file included from ../Core/Src/main.c:38:
C:/D/ThuchanhNhungReal/LAB_LCD_USB/LCD_USB/Drivers/BSP/STM32F429I-Discovery/stm32f429i_discovery_lcd.h:200:67: note: expected 'uint8_t *' {aka 'unsigned char *'} but argument is of type 'char *'
  200 | void     BSP_LCD_DisplayStringAt(uint16_t X, uint16_t Y, uint8_t *pText, Text_AlignModeTypdef mode);
      |                                                          ~~~~~~~~~^~~~~
../Core/Src/main.c:345:37: warning: pointer targets in passing argument 3 of 'BSP_LCD_DisplayStringAt' differ in signedness [-Wpointer-sign]
  345 |     BSP_LCD_DisplayStringAt(0, 136, score, CENTER_MODE);
      |                                     ^~~~~
      |                                     |
      |                                     char *
In file included from ../Core/Src/main.c:38:
C:/D/ThuchanhNhungReal/LAB_LCD_USB/LCD_USB/Drivers/BSP/STM32F429I-Discovery/stm32f429i_discovery_lcd.h:200:67: note: expected 'uint8_t *' {aka 'unsigned char *'} but argument is of type 'char *'
  200 | void     BSP_LCD_DisplayStringAt(uint16_t X, uint16_t Y, uint8_t *pText, Text_AlignModeTypdef mode);
      |                                                          ~~~~~~~~~^~~~~
arm-none-eabi-gcc -o "LCD_USB.elf" @"objects.list"   -mcpu=cortex-m4 -T"C:\D\ThuchanhNhungReal\LAB_LCD_USB\LCD_USB\STM32F429ZITX_FLASH.ld" --specs=nosys.specs -Wl,-Map="LCD_USB.map" -Wl,--gc-sections -static --specs=nano.specs -mfpu=fpv4-sp-d16 -mfloat-abi=hard -mthumb -Wl,--start-group -lc -lm -Wl,--end-group
Finished building target: LCD_USB.elf
 
arm-none-eabi-size   LCD_USB.elf 
arm-none-eabi-objdump -h -S  LCD_USB.elf  > "LCD_USB.list"
arm-none-eabi-objcopy  -O binary  LCD_USB.elf  "LCD_USB.bin"
   text	   data	    bss	    dec	    hex	filename
  51196	    252	  17940	  69388	  10f0c	LCD_USB.elf
Finished building: default.size.stdout
 
Finished building: LCD_USB.bin
 
Finished building: LCD_USB.list
 
09:13:09 **** Incremental Build of configuration Debug for project LCD_USB ****
make -j12 all 
arm-none-eabi-gcc "../Core/Src/main.c" -mcpu=cortex-m4 -std=gnu11 -g3 -DDEBUG -DUSE_HAL_DRIVER -DSTM32F429xx -c -I../Core/Inc -I../Drivers/STM32F4xx_HAL_Driver/Inc -I../Drivers/STM32F4xx_HAL_Driver/Inc/Legacy -I../Drivers/CMSIS/Device/ST/STM32F4xx/Include -I../Drivers/CMSIS/Include -I"C:/D/ThuchanhNhungReal/LAB_LCD_USB/LCD_USB/Drivers/BSP/Components" -I"C:/D/ThuchanhNhungReal/LAB_LCD_USB/LCD_USB/Drivers/BSP/STM32F429I-Discovery" -I"C:/Users/ASUS/STM32Cube/Repository/STM32Cube_FW_F4_V1.27.1/Drivers/CMSIS/BSP" -I"C:/Users/ASUS/STM32Cube/Repository/STM32Cube_FW_F4_V1.27.1/Drivers/BSP" -O0 -ffunction-sections -fdata-sections -Wall -fstack-usage -MMD -MP -MF"Core/Src/main.d" -MT"Core/Src/main.o" --specs=nano.specs -mfpu=fpv4-sp-d16 -mfloat-abi=hard -mthumb -o "Core/Src/main.o"
../Core/Src/main.c:86: warning: "LCD_FRAME_BUFFER" redefined
   86 | #define LCD_FRAME_BUFFER          SDRAM_DEVICE_ADDR
      | 
In file included from ../Core/Src/main.c:38:
C:/D/ThuchanhNhungReal/LAB_LCD_USB/LCD_USB/Drivers/BSP/STM32F429I-Discovery/stm32f429i_discovery_lcd.h:93: note: this is the location of the previous definition
   93 | #define LCD_FRAME_BUFFER       ((uint32_t)0xD0000000)
      | 
../Core/Src/main.c: In function 'HAL_TIM_PeriodElapsedCallback':
../Core/Src/main.c:340:38: warning: pointer targets in passing argument 3 of 'BSP_LCD_DisplayStringAt' differ in signedness [-Wpointer-sign]
  340 |    BSP_LCD_DisplayStringAt(150, 100, score, CENTER_MODE);
      |                                      ^~~~~
      |                                      |
      |                                      char *
In file included from ../Core/Src/main.c:38:
C:/D/ThuchanhNhungReal/LAB_LCD_USB/LCD_USB/Drivers/BSP/STM32F429I-Discovery/stm32f429i_discovery_lcd.h:200:67: note: expected 'uint8_t *' {aka 'unsigned char *'} but argument is of type 'char *'
  200 | void     BSP_LCD_DisplayStringAt(uint16_t X, uint16_t Y, uint8_t *pText, Text_AlignModeTypdef mode);
      |                                                          ~~~~~~~~~^~~~~
../Core/Src/main.c:345:37: warning: pointer targets in passing argument 3 of 'BSP_LCD_DisplayStringAt' differ in signedness [-Wpointer-sign]
  345 |     BSP_LCD_DisplayStringAt(0, 136, score, CENTER_MODE);
      |                                     ^~~~~
      |                                     |
      |                                     char *
In file included from ../Core/Src/main.c:38:
C:/D/ThuchanhNhungReal/LAB_LCD_USB/LCD_USB/Drivers/BSP/STM32F429I-Discovery/stm32f429i_discovery_lcd.h:200:67: note: expected 'uint8_t *' {aka 'unsigned char *'} but argument is of type 'char *'
  200 | void     BSP_LCD_DisplayStringAt(uint16_t X, uint16_t Y, uint8_t *pText, Text_AlignModeTypdef mode);
      |                                                          ~~~~~~~~~^~~~~
arm-none-eabi-gcc -o "LCD_USB.elf" @"objects.list"   -mcpu=cortex-m4 -T"C:\D\ThuchanhNhungReal\LAB_LCD_USB\LCD_USB\STM32F429ZITX_FLASH.ld" --specs=nosys.specs -Wl,-Map="LCD_USB.map" -Wl,--gc-sections -static --specs=nano.specs -mfpu=fpv4-sp-d16 -mfloat-abi=hard -mthumb -Wl,--start-group -lc -lm -Wl,--end-group
Finished building target: LCD_USB.elf
 
arm-none-eabi-size   LCD_USB.elf 
arm-none-eabi-objdump -h -S  LCD_USB.elf  > "LCD_USB.list"
arm-none-eabi-objcopy  -O binary  LCD_USB.elf  "LCD_USB.bin"
   text	   data	    bss	    dec	    hex	filename
  51196	    252	  17940	  69388	  10f0c	LCD_USB.elf
Finished building: default.size.stdout
 
Finished building: LCD_USB.bin
 
Finished building: LCD_USB.list
 
09:13:43 **** Incremental Build of configuration Debug for project LCD_USB ****
make -j12 all 
arm-none-eabi-gcc "../Core/Src/main.c" -mcpu=cortex-m4 -std=gnu11 -g3 -DDEBUG -DUSE_HAL_DRIVER -DSTM32F429xx -c -I../Core/Inc -I../Drivers/STM32F4xx_HAL_Driver/Inc -I../Drivers/STM32F4xx_HAL_Driver/Inc/Legacy -I../Drivers/CMSIS/Device/ST/STM32F4xx/Include -I../Drivers/CMSIS/Include -I"C:/D/ThuchanhNhungReal/LAB_LCD_USB/LCD_USB/Drivers/BSP/Components" -I"C:/D/ThuchanhNhungReal/LAB_LCD_USB/LCD_USB/Drivers/BSP/STM32F429I-Discovery" -I"C:/Users/ASUS/STM32Cube/Repository/STM32Cube_FW_F4_V1.27.1/Drivers/CMSIS/BSP" -I"C:/Users/ASUS/STM32Cube/Repository/STM32Cube_FW_F4_V1.27.1/Drivers/BSP" -O0 -ffunction-sections -fdata-sections -Wall -fstack-usage -MMD -MP -MF"Core/Src/main.d" -MT"Core/Src/main.o" --specs=nano.specs -mfpu=fpv4-sp-d16 -mfloat-abi=hard -mthumb -o "Core/Src/main.o"
../Core/Src/main.c:86: warning: "LCD_FRAME_BUFFER" redefined
   86 | #define LCD_FRAME_BUFFER          SDRAM_DEVICE_ADDR
      | 
In file included from ../Core/Src/main.c:38:
C:/D/ThuchanhNhungReal/LAB_LCD_USB/LCD_USB/Drivers/BSP/STM32F429I-Discovery/stm32f429i_discovery_lcd.h:93: note: this is the location of the previous definition
   93 | #define LCD_FRAME_BUFFER       ((uint32_t)0xD0000000)
      | 
../Core/Src/main.c: In function 'HAL_TIM_PeriodElapsedCallback':
../Core/Src/main.c:340:38: warning: pointer targets in passing argument 3 of 'BSP_LCD_DisplayStringAt' differ in signedness [-Wpointer-sign]
  340 |    BSP_LCD_DisplayStringAt(150, 100, score, CENTER_MODE);
      |                                      ^~~~~
      |                                      |
      |                                      char *
In file included from ../Core/Src/main.c:38:
C:/D/ThuchanhNhungReal/LAB_LCD_USB/LCD_USB/Drivers/BSP/STM32F429I-Discovery/stm32f429i_discovery_lcd.h:200:67: note: expected 'uint8_t *' {aka 'unsigned char *'} but argument is of type 'char *'
  200 | void     BSP_LCD_DisplayStringAt(uint16_t X, uint16_t Y, uint8_t *pText, Text_AlignModeTypdef mode);
      |                                                          ~~~~~~~~~^~~~~
../Core/Src/main.c:345:37: warning: pointer targets in passing argument 3 of 'BSP_LCD_DisplayStringAt' differ in signedness [-Wpointer-sign]
  345 |     BSP_LCD_DisplayStringAt(0, 136, score, CENTER_MODE);
      |                                     ^~~~~
      |                                     |
      |                                     char *
In file included from ../Core/Src/main.c:38:
C:/D/ThuchanhNhungReal/LAB_LCD_USB/LCD_USB/Drivers/BSP/STM32F429I-Discovery/stm32f429i_discovery_lcd.h:200:67: note: expected 'uint8_t *' {aka 'unsigned char *'} but argument is of type 'char *'
  200 | void     BSP_LCD_DisplayStringAt(uint16_t X, uint16_t Y, uint8_t *pText, Text_AlignModeTypdef mode);
      |                                                          ~~~~~~~~~^~~~~
arm-none-eabi-gcc -o "LCD_USB.elf" @"objects.list"   -mcpu=cortex-m4 -T"C:\D\ThuchanhNhungReal\LAB_LCD_USB\LCD_USB\STM32F429ZITX_FLASH.ld" --specs=nosys.specs -Wl,-Map="LCD_USB.map" -Wl,--gc-sections -static --specs=nano.specs -mfpu=fpv4-sp-d16 -mfloat-abi=hard -mthumb -Wl,--start-group -lc -lm -Wl,--end-group
Finished building target: LCD_USB.elf
 
arm-none-eabi-size   LCD_USB.elf 
arm-none-eabi-objdump -h -S  LCD_USB.elf  > "LCD_USB.list"
arm-none-eabi-objcopy  -O binary  LCD_USB.elf  "LCD_USB.bin"
   text	   data	    bss	    dec	    hex	filename
  51196	    252	  17940	  69388	  10f0c	LCD_USB.elf
Finished building: default.size.stdout
 
Finished building: LCD_USB.bin
 
Finished building: LCD_USB.list
 
09:18:03 **** Incremental Build of configuration Debug for project LCD_USB ****
make -j12 all 
arm-none-eabi-gcc "../Core/Src/main.c" -mcpu=cortex-m4 -std=gnu11 -g3 -DDEBUG -DUSE_HAL_DRIVER -DSTM32F429xx -c -I../Core/Inc -I../Drivers/STM32F4xx_HAL_Driver/Inc -I../Drivers/STM32F4xx_HAL_Driver/Inc/Legacy -I../Drivers/CMSIS/Device/ST/STM32F4xx/Include -I../Drivers/CMSIS/Include -I"C:/D/ThuchanhNhungReal/LAB_LCD_USB/LCD_USB/Drivers/BSP/Components" -I"C:/D/ThuchanhNhungReal/LAB_LCD_USB/LCD_USB/Drivers/BSP/STM32F429I-Discovery" -I"C:/Users/ASUS/STM32Cube/Repository/STM32Cube_FW_F4_V1.27.1/Drivers/CMSIS/BSP" -I"C:/Users/ASUS/STM32Cube/Repository/STM32Cube_FW_F4_V1.27.1/Drivers/BSP" -O0 -ffunction-sections -fdata-sections -Wall -fstack-usage -MMD -MP -MF"Core/Src/main.d" -MT"Core/Src/main.o" --specs=nano.specs -mfpu=fpv4-sp-d16 -mfloat-abi=hard -mthumb -o "Core/Src/main.o"
../Core/Src/main.c:86: warning: "LCD_FRAME_BUFFER" redefined
   86 | #define LCD_FRAME_BUFFER          SDRAM_DEVICE_ADDR
      | 
In file included from ../Core/Src/main.c:38:
C:/D/ThuchanhNhungReal/LAB_LCD_USB/LCD_USB/Drivers/BSP/STM32F429I-Discovery/stm32f429i_discovery_lcd.h:93: note: this is the location of the previous definition
   93 | #define LCD_FRAME_BUFFER       ((uint32_t)0xD0000000)
      | 
../Core/Src/main.c: In function 'HAL_TIM_PeriodElapsedCallback':
../Core/Src/main.c:340:38: warning: pointer targets in passing argument 3 of 'BSP_LCD_DisplayStringAt' differ in signedness [-Wpointer-sign]
  340 |    BSP_LCD_DisplayStringAt(150, 100, score, CENTER_MODE);
      |                                      ^~~~~
      |                                      |
      |                                      char *
In file included from ../Core/Src/main.c:38:
C:/D/ThuchanhNhungReal/LAB_LCD_USB/LCD_USB/Drivers/BSP/STM32F429I-Discovery/stm32f429i_discovery_lcd.h:200:67: note: expected 'uint8_t *' {aka 'unsigned char *'} but argument is of type 'char *'
  200 | void     BSP_LCD_DisplayStringAt(uint16_t X, uint16_t Y, uint8_t *pText, Text_AlignModeTypdef mode);
      |                                                          ~~~~~~~~~^~~~~
../Core/Src/main.c:345:37: warning: pointer targets in passing argument 3 of 'BSP_LCD_DisplayStringAt' differ in signedness [-Wpointer-sign]
  345 |     BSP_LCD_DisplayStringAt(0, 136, score, CENTER_MODE);
      |                                     ^~~~~
      |                                     |
      |                                     char *
In file included from ../Core/Src/main.c:38:
C:/D/ThuchanhNhungReal/LAB_LCD_USB/LCD_USB/Drivers/BSP/STM32F429I-Discovery/stm32f429i_discovery_lcd.h:200:67: note: expected 'uint8_t *' {aka 'unsigned char *'} but argument is of type 'char *'
  200 | void     BSP_LCD_DisplayStringAt(uint16_t X, uint16_t Y, uint8_t *pText, Text_AlignModeTypdef mode);
      |                                                          ~~~~~~~~~^~~~~
arm-none-eabi-gcc -o "LCD_USB.elf" @"objects.list"   -mcpu=cortex-m4 -T"C:\D\ThuchanhNhungReal\LAB_LCD_USB\LCD_USB\STM32F429ZITX_FLASH.ld" --specs=nosys.specs -Wl,-Map="LCD_USB.map" -Wl,--gc-sections -static --specs=nano.specs -mfpu=fpv4-sp-d16 -mfloat-abi=hard -mthumb -Wl,--start-group -lc -lm -Wl,--end-group
Finished building target: LCD_USB.elf
 
arm-none-eabi-size   LCD_USB.elf 
arm-none-eabi-objdump -h -S  LCD_USB.elf  > "LCD_USB.list"
arm-none-eabi-objcopy  -O binary  LCD_USB.elf  "LCD_USB.bin"
   text	   data	    bss	    dec	    hex	filename
  51196	    252	  17940	  69388	  10f0c	LCD_USB.elf
Finished building: default.size.stdout
 
Finished building: LCD_USB.bin
 
Finished building: LCD_USB.list
 
09:18:52 **** Incremental Build of configuration Debug for project LCD_USB ****
make -j12 all 
arm-none-eabi-gcc "../Core/Src/main.c" -mcpu=cortex-m4 -std=gnu11 -g3 -DDEBUG -DUSE_HAL_DRIVER -DSTM32F429xx -c -I../Core/Inc -I../Drivers/STM32F4xx_HAL_Driver/Inc -I../Drivers/STM32F4xx_HAL_Driver/Inc/Legacy -I../Drivers/CMSIS/Device/ST/STM32F4xx/Include -I../Drivers/CMSIS/Include -I"C:/D/ThuchanhNhungReal/LAB_LCD_USB/LCD_USB/Drivers/BSP/Components" -I"C:/D/ThuchanhNhungReal/LAB_LCD_USB/LCD_USB/Drivers/BSP/STM32F429I-Discovery" -I"C:/Users/ASUS/STM32Cube/Repository/STM32Cube_FW_F4_V1.27.1/Drivers/CMSIS/BSP" -I"C:/Users/ASUS/STM32Cube/Repository/STM32Cube_FW_F4_V1.27.1/Drivers/BSP" -O0 -ffunction-sections -fdata-sections -Wall -fstack-usage -MMD -MP -MF"Core/Src/main.d" -MT"Core/Src/main.o" --specs=nano.specs -mfpu=fpv4-sp-d16 -mfloat-abi=hard -mthumb -o "Core/Src/main.o"
../Core/Src/main.c:86: warning: "LCD_FRAME_BUFFER" redefined
   86 | #define LCD_FRAME_BUFFER          SDRAM_DEVICE_ADDR
      | 
In file included from ../Core/Src/main.c:38:
C:/D/ThuchanhNhungReal/LAB_LCD_USB/LCD_USB/Drivers/BSP/STM32F429I-Discovery/stm32f429i_discovery_lcd.h:93: note: this is the location of the previous definition
   93 | #define LCD_FRAME_BUFFER       ((uint32_t)0xD0000000)
      | 
../Core/Src/main.c: In function 'HAL_TIM_PeriodElapsedCallback':
../Core/Src/main.c:340:38: warning: pointer targets in passing argument 3 of 'BSP_LCD_DisplayStringAt' differ in signedness [-Wpointer-sign]
  340 |    BSP_LCD_DisplayStringAt(150, 100, score, CENTER_MODE);
      |                                      ^~~~~
      |                                      |
      |                                      char *
In file included from ../Core/Src/main.c:38:
C:/D/ThuchanhNhungReal/LAB_LCD_USB/LCD_USB/Drivers/BSP/STM32F429I-Discovery/stm32f429i_discovery_lcd.h:200:67: note: expected 'uint8_t *' {aka 'unsigned char *'} but argument is of type 'char *'
  200 | void     BSP_LCD_DisplayStringAt(uint16_t X, uint16_t Y, uint8_t *pText, Text_AlignModeTypdef mode);
      |                                                          ~~~~~~~~~^~~~~
../Core/Src/main.c:345:37: warning: pointer targets in passing argument 3 of 'BSP_LCD_DisplayStringAt' differ in signedness [-Wpointer-sign]
  345 |     BSP_LCD_DisplayStringAt(0, 136, score, CENTER_MODE);
      |                                     ^~~~~
      |                                     |
      |                                     char *
In file included from ../Core/Src/main.c:38:
C:/D/ThuchanhNhungReal/LAB_LCD_USB/LCD_USB/Drivers/BSP/STM32F429I-Discovery/stm32f429i_discovery_lcd.h:200:67: note: expected 'uint8_t *' {aka 'unsigned char *'} but argument is of type 'char *'
  200 | void     BSP_LCD_DisplayStringAt(uint16_t X, uint16_t Y, uint8_t *pText, Text_AlignModeTypdef mode);
      |                                                          ~~~~~~~~~^~~~~
arm-none-eabi-gcc -o "LCD_USB.elf" @"objects.list"   -mcpu=cortex-m4 -T"C:\D\ThuchanhNhungReal\LAB_LCD_USB\LCD_USB\STM32F429ZITX_FLASH.ld" --specs=nosys.specs -Wl,-Map="LCD_USB.map" -Wl,--gc-sections -static --specs=nano.specs -mfpu=fpv4-sp-d16 -mfloat-abi=hard -mthumb -Wl,--start-group -lc -lm -Wl,--end-group
Finished building target: LCD_USB.elf
 
arm-none-eabi-size   LCD_USB.elf 
arm-none-eabi-objdump -h -S  LCD_USB.elf  > "LCD_USB.list"
arm-none-eabi-objcopy  -O binary  LCD_USB.elf  "LCD_USB.bin"
   text	   data	    bss	    dec	    hex	filename
  51196	    252	  17940	  69388	  10f0c	LCD_USB.elf
Finished building: default.size.stdout
 
Finished building: LCD_USB.bin
 
Finished building: LCD_USB.list
 
09:21:51 **** Incremental Build of configuration Debug for project LCD_USB ****
make -j12 all 
arm-none-eabi-gcc "../Core/Src/main.c" -mcpu=cortex-m4 -std=gnu11 -g3 -DDEBUG -DUSE_HAL_DRIVER -DSTM32F429xx -c -I../Core/Inc -I../Drivers/STM32F4xx_HAL_Driver/Inc -I../Drivers/STM32F4xx_HAL_Driver/Inc/Legacy -I../Drivers/CMSIS/Device/ST/STM32F4xx/Include -I../Drivers/CMSIS/Include -I"C:/D/ThuchanhNhungReal/LAB_LCD_USB/LCD_USB/Drivers/BSP/Components" -I"C:/D/ThuchanhNhungReal/LAB_LCD_USB/LCD_USB/Drivers/BSP/STM32F429I-Discovery" -I"C:/Users/ASUS/STM32Cube/Repository/STM32Cube_FW_F4_V1.27.1/Drivers/CMSIS/BSP" -I"C:/Users/ASUS/STM32Cube/Repository/STM32Cube_FW_F4_V1.27.1/Drivers/BSP" -O0 -ffunction-sections -fdata-sections -Wall -fstack-usage -MMD -MP -MF"Core/Src/main.d" -MT"Core/Src/main.o" --specs=nano.specs -mfpu=fpv4-sp-d16 -mfloat-abi=hard -mthumb -o "Core/Src/main.o"
../Core/Src/main.c:86: warning: "LCD_FRAME_BUFFER" redefined
   86 | #define LCD_FRAME_BUFFER          SDRAM_DEVICE_ADDR
      | 
In file included from ../Core/Src/main.c:38:
C:/D/ThuchanhNhungReal/LAB_LCD_USB/LCD_USB/Drivers/BSP/STM32F429I-Discovery/stm32f429i_discovery_lcd.h:93: note: this is the location of the previous definition
   93 | #define LCD_FRAME_BUFFER       ((uint32_t)0xD0000000)
      | 
../Core/Src/main.c: In function 'HAL_TIM_PeriodElapsedCallback':
../Core/Src/main.c:340:38: warning: pointer targets in passing argument 3 of 'BSP_LCD_DisplayStringAt' differ in signedness [-Wpointer-sign]
  340 |    BSP_LCD_DisplayStringAt(150, 100, score, CENTER_MODE);
      |                                      ^~~~~
      |                                      |
      |                                      char *
In file included from ../Core/Src/main.c:38:
C:/D/ThuchanhNhungReal/LAB_LCD_USB/LCD_USB/Drivers/BSP/STM32F429I-Discovery/stm32f429i_discovery_lcd.h:200:67: note: expected 'uint8_t *' {aka 'unsigned char *'} but argument is of type 'char *'
  200 | void     BSP_LCD_DisplayStringAt(uint16_t X, uint16_t Y, uint8_t *pText, Text_AlignModeTypdef mode);
      |                                                          ~~~~~~~~~^~~~~
../Core/Src/main.c:345:37: warning: pointer targets in passing argument 3 of 'BSP_LCD_DisplayStringAt' differ in signedness [-Wpointer-sign]
  345 |     BSP_LCD_DisplayStringAt(0, 136, score, CENTER_MODE);
      |                                     ^~~~~
      |                                     |
      |                                     char *
In file included from ../Core/Src/main.c:38:
C:/D/ThuchanhNhungReal/LAB_LCD_USB/LCD_USB/Drivers/BSP/STM32F429I-Discovery/stm32f429i_discovery_lcd.h:200:67: note: expected 'uint8_t *' {aka 'unsigned char *'} but argument is of type 'char *'
  200 | void     BSP_LCD_DisplayStringAt(uint16_t X, uint16_t Y, uint8_t *pText, Text_AlignModeTypdef mode);
      |                                                          ~~~~~~~~~^~~~~
arm-none-eabi-gcc -o "LCD_USB.elf" @"objects.list"   -mcpu=cortex-m4 -T"C:\D\ThuchanhNhungReal\LAB_LCD_USB\LCD_USB\STM32F429ZITX_FLASH.ld" --specs=nosys.specs -Wl,-Map="LCD_USB.map" -Wl,--gc-sections -static --specs=nano.specs -mfpu=fpv4-sp-d16 -mfloat-abi=hard -mthumb -Wl,--start-group -lc -lm -Wl,--end-group
Finished building target: LCD_USB.elf
 
arm-none-eabi-size   LCD_USB.elf 
arm-none-eabi-objdump -h -S  LCD_USB.elf  > "LCD_USB.list"
arm-none-eabi-objcopy  -O binary  LCD_USB.elf  "LCD_USB.bin"
   text	   data	    bss	    dec	    hex	filename
  51196	    252	  17940	  69388	  10f0c	LCD_USB.elf
Finished building: default.size.stdout
 
Finished building: LCD_USB.bin
 
Finished building: LCD_USB.list
 
09:32:12 **** Incremental Build of configuration Debug for project LCD_USB ****
make -j12 all 
arm-none-eabi-gcc "../Core/Src/main.c" -mcpu=cortex-m4 -std=gnu11 -g3 -DDEBUG -DUSE_HAL_DRIVER -DSTM32F429xx -c -I../Core/Inc -I../Drivers/STM32F4xx_HAL_Driver/Inc -I../Drivers/STM32F4xx_HAL_Driver/Inc/Legacy -I../Drivers/CMSIS/Device/ST/STM32F4xx/Include -I../Drivers/CMSIS/Include -I"C:/D/ThuchanhNhungReal/LAB_LCD_USB/LCD_USB/Drivers/BSP/Components" -I"C:/D/ThuchanhNhungReal/LAB_LCD_USB/LCD_USB/Drivers/BSP/STM32F429I-Discovery" -I"C:/Users/ASUS/STM32Cube/Repository/STM32Cube_FW_F4_V1.27.1/Drivers/CMSIS/BSP" -I"C:/Users/ASUS/STM32Cube/Repository/STM32Cube_FW_F4_V1.27.1/Drivers/BSP" -O0 -ffunction-sections -fdata-sections -Wall -fstack-usage -MMD -MP -MF"Core/Src/main.d" -MT"Core/Src/main.o" --specs=nano.specs -mfpu=fpv4-sp-d16 -mfloat-abi=hard -mthumb -o "Core/Src/main.o"
../Core/Src/main.c:86: warning: "LCD_FRAME_BUFFER" redefined
   86 | #define LCD_FRAME_BUFFER          SDRAM_DEVICE_ADDR
      | 
In file included from ../Core/Src/main.c:38:
C:/D/ThuchanhNhungReal/LAB_LCD_USB/LCD_USB/Drivers/BSP/STM32F429I-Discovery/stm32f429i_discovery_lcd.h:93: note: this is the location of the previous definition
   93 | #define LCD_FRAME_BUFFER       ((uint32_t)0xD0000000)
      | 
../Core/Src/main.c: In function 'HAL_TIM_PeriodElapsedCallback':
../Core/Src/main.c:340:38: warning: pointer targets in passing argument 3 of 'BSP_LCD_DisplayStringAt' differ in signedness [-Wpointer-sign]
  340 |    BSP_LCD_DisplayStringAt(150, 100, score, CENTER_MODE);
      |                                      ^~~~~
      |                                      |
      |                                      char *
In file included from ../Core/Src/main.c:38:
C:/D/ThuchanhNhungReal/LAB_LCD_USB/LCD_USB/Drivers/BSP/STM32F429I-Discovery/stm32f429i_discovery_lcd.h:200:67: note: expected 'uint8_t *' {aka 'unsigned char *'} but argument is of type 'char *'
  200 | void     BSP_LCD_DisplayStringAt(uint16_t X, uint16_t Y, uint8_t *pText, Text_AlignModeTypdef mode);
      |                                                          ~~~~~~~~~^~~~~
../Core/Src/main.c:345:37: warning: pointer targets in passing argument 3 of 'BSP_LCD_DisplayStringAt' differ in signedness [-Wpointer-sign]
  345 |     BSP_LCD_DisplayStringAt(0, 136, score, CENTER_MODE);
      |                                     ^~~~~
      |                                     |
      |                                     char *
In file included from ../Core/Src/main.c:38:
C:/D/ThuchanhNhungReal/LAB_LCD_USB/LCD_USB/Drivers/BSP/STM32F429I-Discovery/stm32f429i_discovery_lcd.h:200:67: note: expected 'uint8_t *' {aka 'unsigned char *'} but argument is of type 'char *'
  200 | void     BSP_LCD_DisplayStringAt(uint16_t X, uint16_t Y, uint8_t *pText, Text_AlignModeTypdef mode);
      |                                                          ~~~~~~~~~^~~~~
arm-none-eabi-gcc -o "LCD_USB.elf" @"objects.list"   -mcpu=cortex-m4 -T"C:\D\ThuchanhNhungReal\LAB_LCD_USB\LCD_USB\STM32F429ZITX_FLASH.ld" --specs=nosys.specs -Wl,-Map="LCD_USB.map" -Wl,--gc-sections -static --specs=nano.specs -mfpu=fpv4-sp-d16 -mfloat-abi=hard -mthumb -Wl,--start-group -lc -lm -Wl,--end-group
Finished building target: LCD_USB.elf
 
arm-none-eabi-size   LCD_USB.elf 
arm-none-eabi-objdump -h -S  LCD_USB.elf  > "LCD_USB.list"
arm-none-eabi-objcopy  -O binary  LCD_USB.elf  "LCD_USB.bin"
   text	   data	    bss	    dec	    hex	filename
  49080	    252	  17940	  67272	  106c8	LCD_USB.elf
Finished building: default.size.stdout
 
Finished building: LCD_USB.bin
 
Finished building: LCD_USB.list
 
09:38:05 **** Incremental Build of configuration Debug for project LCD_USB ****
make -j12 all 
arm-none-eabi-gcc "../Core/Src/main.c" -mcpu=cortex-m4 -std=gnu11 -g3 -DDEBUG -DUSE_HAL_DRIVER -DSTM32F429xx -c -I../Core/Inc -I../Drivers/STM32F4xx_HAL_Driver/Inc -I../Drivers/STM32F4xx_HAL_Driver/Inc/Legacy -I../Drivers/CMSIS/Device/ST/STM32F4xx/Include -I../Drivers/CMSIS/Include -I"C:/D/ThuchanhNhungReal/LAB_LCD_USB/LCD_USB/Drivers/BSP/Components" -I"C:/D/ThuchanhNhungReal/LAB_LCD_USB/LCD_USB/Drivers/BSP/STM32F429I-Discovery" -I"C:/Users/ASUS/STM32Cube/Repository/STM32Cube_FW_F4_V1.27.1/Drivers/CMSIS/BSP" -I"C:/Users/ASUS/STM32Cube/Repository/STM32Cube_FW_F4_V1.27.1/Drivers/BSP" -O0 -ffunction-sections -fdata-sections -Wall -fstack-usage -MMD -MP -MF"Core/Src/main.d" -MT"Core/Src/main.o" --specs=nano.specs -mfpu=fpv4-sp-d16 -mfloat-abi=hard -mthumb -o "Core/Src/main.o"
../Core/Src/main.c:86: warning: "LCD_FRAME_BUFFER" redefined
   86 | #define LCD_FRAME_BUFFER          SDRAM_DEVICE_ADDR
      | 
In file included from ../Core/Src/main.c:38:
C:/D/ThuchanhNhungReal/LAB_LCD_USB/LCD_USB/Drivers/BSP/STM32F429I-Discovery/stm32f429i_discovery_lcd.h:93: note: this is the location of the previous definition
   93 | #define LCD_FRAME_BUFFER       ((uint32_t)0xD0000000)
      | 
../Core/Src/main.c: In function 'HAL_TIM_PeriodElapsedCallback':
../Core/Src/main.c:340:38: warning: pointer targets in passing argument 3 of 'BSP_LCD_DisplayStringAt' differ in signedness [-Wpointer-sign]
  340 |    BSP_LCD_DisplayStringAt(150, 100, score, CENTER_MODE);
      |                                      ^~~~~
      |                                      |
      |                                      char *
In file included from ../Core/Src/main.c:38:
C:/D/ThuchanhNhungReal/LAB_LCD_USB/LCD_USB/Drivers/BSP/STM32F429I-Discovery/stm32f429i_discovery_lcd.h:200:67: note: expected 'uint8_t *' {aka 'unsigned char *'} but argument is of type 'char *'
  200 | void     BSP_LCD_DisplayStringAt(uint16_t X, uint16_t Y, uint8_t *pText, Text_AlignModeTypdef mode);
      |                                                          ~~~~~~~~~^~~~~
../Core/Src/main.c:345:37: warning: pointer targets in passing argument 3 of 'BSP_LCD_DisplayStringAt' differ in signedness [-Wpointer-sign]
  345 |     BSP_LCD_DisplayStringAt(0, 136, score, CENTER_MODE);
      |                                     ^~~~~
      |                                     |
      |                                     char *
In file included from ../Core/Src/main.c:38:
C:/D/ThuchanhNhungReal/LAB_LCD_USB/LCD_USB/Drivers/BSP/STM32F429I-Discovery/stm32f429i_discovery_lcd.h:200:67: note: expected 'uint8_t *' {aka 'unsigned char *'} but argument is of type 'char *'
  200 | void     BSP_LCD_DisplayStringAt(uint16_t X, uint16_t Y, uint8_t *pText, Text_AlignModeTypdef mode);
      |                                                          ~~~~~~~~~^~~~~
arm-none-eabi-gcc -o "LCD_USB.elf" @"objects.list"   -mcpu=cortex-m4 -T"C:\D\ThuchanhNhungReal\LAB_LCD_USB\LCD_USB\STM32F429ZITX_FLASH.ld" --specs=nosys.specs -Wl,-Map="LCD_USB.map" -Wl,--gc-sections -static --specs=nano.specs -mfpu=fpv4-sp-d16 -mfloat-abi=hard -mthumb -Wl,--start-group -lc -lm -Wl,--end-group
Finished building target: LCD_USB.elf
 
arm-none-eabi-size   LCD_USB.elf 
arm-none-eabi-objdump -h -S  LCD_USB.elf  > "LCD_USB.list"
arm-none-eabi-objcopy  -O binary  LCD_USB.elf  "LCD_USB.bin"
   text	   data	    bss	    dec	    hex	filename
  49248	    252	  17940	  67440	  10770	LCD_USB.elf
Finished building: default.size.stdout
 
Finished building: LCD_USB.bin
 
Finished building: LCD_USB.list
 
09:40:29 **** Incremental Build of configuration Debug for project LCD_USB ****
make -j12 all 
arm-none-eabi-gcc "../Core/Src/main.c" -mcpu=cortex-m4 -std=gnu11 -g3 -DDEBUG -DUSE_HAL_DRIVER -DSTM32F429xx -c -I../Core/Inc -I../Drivers/STM32F4xx_HAL_Driver/Inc -I../Drivers/STM32F4xx_HAL_Driver/Inc/Legacy -I../Drivers/CMSIS/Device/ST/STM32F4xx/Include -I../Drivers/CMSIS/Include -I"C:/D/ThuchanhNhungReal/LAB_LCD_USB/LCD_USB/Drivers/BSP/Components" -I"C:/D/ThuchanhNhungReal/LAB_LCD_USB/LCD_USB/Drivers/BSP/STM32F429I-Discovery" -I"C:/Users/ASUS/STM32Cube/Repository/STM32Cube_FW_F4_V1.27.1/Drivers/CMSIS/BSP" -I"C:/Users/ASUS/STM32Cube/Repository/STM32Cube_FW_F4_V1.27.1/Drivers/BSP" -O0 -ffunction-sections -fdata-sections -Wall -fstack-usage -MMD -MP -MF"Core/Src/main.d" -MT"Core/Src/main.o" --specs=nano.specs -mfpu=fpv4-sp-d16 -mfloat-abi=hard -mthumb -o "Core/Src/main.o"
../Core/Src/main.c:86: warning: "LCD_FRAME_BUFFER" redefined
   86 | #define LCD_FRAME_BUFFER          SDRAM_DEVICE_ADDR
      | 
In file included from ../Core/Src/main.c:38:
C:/D/ThuchanhNhungReal/LAB_LCD_USB/LCD_USB/Drivers/BSP/STM32F429I-Discovery/stm32f429i_discovery_lcd.h:93: note: this is the location of the previous definition
   93 | #define LCD_FRAME_BUFFER       ((uint32_t)0xD0000000)
      | 
../Core/Src/main.c: In function 'HAL_TIM_PeriodElapsedCallback':
../Core/Src/main.c:340:38: warning: pointer targets in passing argument 3 of 'BSP_LCD_DisplayStringAt' differ in signedness [-Wpointer-sign]
  340 |    BSP_LCD_DisplayStringAt(150, 100, score, CENTER_MODE);
      |                                      ^~~~~
      |                                      |
      |                                      char *
In file included from ../Core/Src/main.c:38:
C:/D/ThuchanhNhungReal/LAB_LCD_USB/LCD_USB/Drivers/BSP/STM32F429I-Discovery/stm32f429i_discovery_lcd.h:200:67: note: expected 'uint8_t *' {aka 'unsigned char *'} but argument is of type 'char *'
  200 | void     BSP_LCD_DisplayStringAt(uint16_t X, uint16_t Y, uint8_t *pText, Text_AlignModeTypdef mode);
      |                                                          ~~~~~~~~~^~~~~
../Core/Src/main.c:345:37: warning: pointer targets in passing argument 3 of 'BSP_LCD_DisplayStringAt' differ in signedness [-Wpointer-sign]
  345 |     BSP_LCD_DisplayStringAt(0, 136, score, CENTER_MODE);
      |                                     ^~~~~
      |                                     |
      |                                     char *
In file included from ../Core/Src/main.c:38:
C:/D/ThuchanhNhungReal/LAB_LCD_USB/LCD_USB/Drivers/BSP/STM32F429I-Discovery/stm32f429i_discovery_lcd.h:200:67: note: expected 'uint8_t *' {aka 'unsigned char *'} but argument is of type 'char *'
  200 | void     BSP_LCD_DisplayStringAt(uint16_t X, uint16_t Y, uint8_t *pText, Text_AlignModeTypdef mode);
      |                                                          ~~~~~~~~~^~~~~
arm-none-eabi-gcc -o "LCD_USB.elf" @"objects.list"   -mcpu=cortex-m4 -T"C:\D\ThuchanhNhungReal\LAB_LCD_USB\LCD_USB\STM32F429ZITX_FLASH.ld" --specs=nosys.specs -Wl,-Map="LCD_USB.map" -Wl,--gc-sections -static --specs=nano.specs -mfpu=fpv4-sp-d16 -mfloat-abi=hard -mthumb -Wl,--start-group -lc -lm -Wl,--end-group
Finished building target: LCD_USB.elf
 
arm-none-eabi-size   LCD_USB.elf 
arm-none-eabi-objdump -h -S  LCD_USB.elf  > "LCD_USB.list"
arm-none-eabi-objcopy  -O binary  LCD_USB.elf  "LCD_USB.bin"
   text	   data	    bss	    dec	    hex	filename
  49300	    252	  17940	  67492	  107a4	LCD_USB.elf
Finished building: default.size.stdout
 
Finished building: LCD_USB.bin
 
Finished building: LCD_USB.list
 
09:42:47 **** Incremental Build of configuration Debug for project LCD_USB ****
make -j12 all 
arm-none-eabi-gcc "../Core/Src/main.c" -mcpu=cortex-m4 -std=gnu11 -g3 -DDEBUG -DUSE_HAL_DRIVER -DSTM32F429xx -c -I../Core/Inc -I../Drivers/STM32F4xx_HAL_Driver/Inc -I../Drivers/STM32F4xx_HAL_Driver/Inc/Legacy -I../Drivers/CMSIS/Device/ST/STM32F4xx/Include -I../Drivers/CMSIS/Include -I"C:/D/ThuchanhNhungReal/LAB_LCD_USB/LCD_USB/Drivers/BSP/Components" -I"C:/D/ThuchanhNhungReal/LAB_LCD_USB/LCD_USB/Drivers/BSP/STM32F429I-Discovery" -I"C:/Users/ASUS/STM32Cube/Repository/STM32Cube_FW_F4_V1.27.1/Drivers/CMSIS/BSP" -I"C:/Users/ASUS/STM32Cube/Repository/STM32Cube_FW_F4_V1.27.1/Drivers/BSP" -O0 -ffunction-sections -fdata-sections -Wall -fstack-usage -MMD -MP -MF"Core/Src/main.d" -MT"Core/Src/main.o" --specs=nano.specs -mfpu=fpv4-sp-d16 -mfloat-abi=hard -mthumb -o "Core/Src/main.o"
../Core/Src/main.c: In function 'HAL_TIM_PeriodElapsedCallback':
../Core/Src/main.c:339:38: warning: pointer targets in passing argument 3 of 'BSP_LCD_DisplayStringAt' differ in signedness [-Wpointer-sign]
  339 |    BSP_LCD_DisplayStringAt(150, 100, score, CENTER_MODE);
      |                                      ^~~~~
      |                                      |
      |                                      char *
In file included from ../Core/Src/main.c:38:
C:/D/ThuchanhNhungReal/LAB_LCD_USB/LCD_USB/Drivers/BSP/STM32F429I-Discovery/stm32f429i_discovery_lcd.h:200:67: note: expected 'uint8_t *' {aka 'unsigned char *'} but argument is of type 'char *'
  200 | void     BSP_LCD_DisplayStringAt(uint16_t X, uint16_t Y, uint8_t *pText, Text_AlignModeTypdef mode);
      |                                                          ~~~~~~~~~^~~~~
../Core/Src/main.c:344:37: warning: pointer targets in passing argument 3 of 'BSP_LCD_DisplayStringAt' differ in signedness [-Wpointer-sign]
  344 |     BSP_LCD_DisplayStringAt(0, 136, score, CENTER_MODE);
      |                                     ^~~~~
      |                                     |
      |                                     char *
In file included from ../Core/Src/main.c:38:
C:/D/ThuchanhNhungReal/LAB_LCD_USB/LCD_USB/Drivers/BSP/STM32F429I-Discovery/stm32f429i_discovery_lcd.h:200:67: note: expected 'uint8_t *' {aka 'unsigned char *'} but argument is of type 'char *'
  200 | void     BSP_LCD_DisplayStringAt(uint16_t X, uint16_t Y, uint8_t *pText, Text_AlignModeTypdef mode);
      |                                                          ~~~~~~~~~^~~~~
arm-none-eabi-gcc -o "LCD_USB.elf" @"objects.list"   -mcpu=cortex-m4 -T"C:\D\ThuchanhNhungReal\LAB_LCD_USB\LCD_USB\STM32F429ZITX_FLASH.ld" --specs=nosys.specs -Wl,-Map="LCD_USB.map" -Wl,--gc-sections -static --specs=nano.specs -mfpu=fpv4-sp-d16 -mfloat-abi=hard -mthumb -Wl,--start-group -lc -lm -Wl,--end-group
Finished building target: LCD_USB.elf
 
arm-none-eabi-size   LCD_USB.elf 
arm-none-eabi-objdump -h -S  LCD_USB.elf  > "LCD_USB.list"
arm-none-eabi-objcopy  -O binary  LCD_USB.elf  "LCD_USB.bin"
   text	   data	    bss	    dec	    hex	filename
  49300	    252	  17940	  67492	  107a4	LCD_USB.elf
Finished building: default.size.stdout
 
Finished building: LCD_USB.bin
 
Finished building: LCD_USB.list
 
09:45:03 **** Incremental Build of configuration Debug for project LCD_USB ****
make -j12 all 
arm-none-eabi-size   LCD_USB.elf 
   text	   data	    bss	    dec	    hex	filename
  49300	    252	  17940	  67492	  107a4	LCD_USB.elf
Finished building: default.size.stdout
 
09:45:19 **** Incremental Build of configuration Debug for project LCD_USB ****
make -j12 all 
arm-none-eabi-size   LCD_USB.elf 
   text	   data	    bss	    dec	    hex	filename
  49300	    252	  17940	  67492	  107a4	LCD_USB.elf
Finished building: default.size.stdout
 
09:45:45 **** Incremental Build of configuration Debug for project LCD_USB ****
make -j12 all 
arm-none-eabi-size   LCD_USB.elf 
   text	   data	    bss	    dec	    hex	filename
  49300	    252	  17940	  67492	  107a4	LCD_USB.elf
Finished building: default.size.stdout
 
09:46:55 **** Incremental Build of configuration Debug for project LCD_USB ****
make -j12 all 
arm-none-eabi-size   LCD_USB.elf 
   text	   data	    bss	    dec	    hex	filename
  49300	    252	  17940	  67492	  107a4	LCD_USB.elf
Finished building: default.size.stdout
 
09:47:36 **** Incremental Build of configuration Debug for project LCD_USB ****
make -j12 all 
arm-none-eabi-gcc "../Core/Src/main.c" -mcpu=cortex-m4 -std=gnu11 -g3 -DDEBUG -DUSE_HAL_DRIVER -DSTM32F429xx -c -I../Core/Inc -I../Drivers/STM32F4xx_HAL_Driver/Inc -I../Drivers/STM32F4xx_HAL_Driver/Inc/Legacy -I../Drivers/CMSIS/Device/ST/STM32F4xx/Include -I../Drivers/CMSIS/Include -I"C:/D/ThuchanhNhungReal/LAB_LCD_USB/LCD_USB/Drivers/BSP/Components" -I"C:/D/ThuchanhNhungReal/LAB_LCD_USB/LCD_USB/Drivers/BSP/STM32F429I-Discovery" -I"C:/Users/ASUS/STM32Cube/Repository/STM32Cube_FW_F4_V1.27.1/Drivers/CMSIS/BSP" -I"C:/Users/ASUS/STM32Cube/Repository/STM32Cube_FW_F4_V1.27.1/Drivers/BSP" -O0 -ffunction-sections -fdata-sections -Wall -fstack-usage -MMD -MP -MF"Core/Src/main.d" -MT"Core/Src/main.o" --specs=nano.specs -mfpu=fpv4-sp-d16 -mfloat-abi=hard -mthumb -o "Core/Src/main.o"
../Core/Src/main.c: In function 'HAL_TIM_PeriodElapsedCallback':
../Core/Src/main.c:339:38: warning: pointer targets in passing argument 3 of 'BSP_LCD_DisplayStringAt' differ in signedness [-Wpointer-sign]
  339 |    BSP_LCD_DisplayStringAt(150, 100, score, CENTER_MODE);
      |                                      ^~~~~
      |                                      |
      |                                      char *
In file included from ../Core/Src/main.c:38:
C:/D/ThuchanhNhungReal/LAB_LCD_USB/LCD_USB/Drivers/BSP/STM32F429I-Discovery/stm32f429i_discovery_lcd.h:200:67: note: expected 'uint8_t *' {aka 'unsigned char *'} but argument is of type 'char *'
  200 | void     BSP_LCD_DisplayStringAt(uint16_t X, uint16_t Y, uint8_t *pText, Text_AlignModeTypdef mode);
      |                                                          ~~~~~~~~~^~~~~
../Core/Src/main.c:344:37: warning: pointer targets in passing argument 3 of 'BSP_LCD_DisplayStringAt' differ in signedness [-Wpointer-sign]
  344 |     BSP_LCD_DisplayStringAt(0, 136, score, CENTER_MODE);
      |                                     ^~~~~
      |                                     |
      |                                     char *
In file included from ../Core/Src/main.c:38:
C:/D/ThuchanhNhungReal/LAB_LCD_USB/LCD_USB/Drivers/BSP/STM32F429I-Discovery/stm32f429i_discovery_lcd.h:200:67: note: expected 'uint8_t *' {aka 'unsigned char *'} but argument is of type 'char *'
[...]
Finished building target: LCD_USB.elf
 
arm-none-eabi-size   LCD_USB.elf 
arm-none-eabi-objdump -h -S  LCD_USB.elf  > "LCD_USB.list"
arm-none-eabi-objcopy  -O binary  LCD_USB.elf  "LCD_USB.bin"
   text	   data	    bss	    dec	    hex	filename
  49256	    252	  17940	  67448	  10778	LCD_USB.elf
Finished building: default.size.stdout
 
Finished building: LCD_USB.bin
 
Finished building: LCD_USB.list
 
08:55:25 **** Incremental Build of configuration Debug for project LCD_USB ****
make -j12 all 
arm-none-eabi-gcc "../Core/Src/main.c" -mcpu=cortex-m4 -std=gnu11 -g3 -DDEBUG -DUSE_HAL_DRIVER -DSTM32F429xx -c -I../Core/Inc -I../Drivers/STM32F4xx_HAL_Driver/Inc -I../Drivers/STM32F4xx_HAL_Driver/Inc/Legacy -I../Drivers/CMSIS/Device/ST/STM32F4xx/Include -I../Drivers/CMSIS/Include -I"C:/D/ThuchanhNhungReal/LAB_LCD_USB/LCD_USB/Drivers/BSP/Components" -I"C:/D/ThuchanhNhungReal/LAB_LCD_USB/LCD_USB/Drivers/BSP/STM32F429I-Discovery" -I"C:/Users/ASUS/STM32Cube/Repository/STM32Cube_FW_F4_V1.27.1/Drivers/CMSIS/BSP" -I"C:/Users/ASUS/STM32Cube/Repository/STM32Cube_FW_F4_V1.27.1/Drivers/BSP" -O0 -ffunction-sections -fdata-sections -Wall -fstack-usage -MMD -MP -MF"Core/Src/main.d" -MT"Core/Src/main.o" --specs=nano.specs -mfpu=fpv4-sp-d16 -mfloat-abi=hard -mthumb -o "Core/Src/main.o"
../Core/Src/main.c: In function 'HAL_TIM_PeriodElapsedCallback':
../Core/Src/main.c:338:38: warning: pointer targets in passing argument 3 of 'BSP_LCD_DisplayStringAt' differ in signedness [-Wpointer-sign]
  338 |    BSP_LCD_DisplayStringAt(150, 100, score, CENTER_MODE);
      |                                      ^~~~~
      |                                      |
      |                                      char *
In file included from ../Core/Src/main.c:38:
C:/D/ThuchanhNhungReal/LAB_LCD_USB/LCD_USB/Drivers/BSP/STM32F429I-Discovery/stm32f429i_discovery_lcd.h:200:67: note: expected 'uint8_t *' {aka 'unsigned char *'} but argument is of type 'char *'
  200 | void     BSP_LCD_DisplayStringAt(uint16_t X, uint16_t Y, uint8_t *pText, Text_AlignModeTypdef mode);
      |                                                          ~~~~~~~~~^~~~~
../Core/Src/main.c:343:37: warning: pointer targets in passing argument 3 of 'BSP_LCD_DisplayStringAt' differ in signedness [-Wpointer-sign]
  343 |     BSP_LCD_DisplayStringAt(0, 136, score, CENTER_MODE);
      |                                     ^~~~~
      |                                     |
      |                                     char *
In file included from ../Core/Src/main.c:38:
C:/D/ThuchanhNhungReal/LAB_LCD_USB/LCD_USB/Drivers/BSP/STM32F429I-Discovery/stm32f429i_discovery_lcd.h:200:67: note: expected 'uint8_t *' {aka 'unsigned char *'} but argument is of type 'char *'
  200 | void     BSP_LCD_DisplayStringAt(uint16_t X, uint16_t Y, uint8_t *pText, Text_AlignModeTypdef mode);
      |                                                          ~~~~~~~~~^~~~~
arm-none-eabi-gcc -o "LCD_USB.elf" @"objects.list"   -mcpu=cortex-m4 -T"C:\D\ThuchanhNhungReal\LAB_LCD_USB\LCD_USB\STM32F429ZITX_FLASH.ld" --specs=nosys.specs -Wl,-Map="LCD_USB.map" -Wl,--gc-sections -static --specs=nano.specs -mfpu=fpv4-sp-d16 -mfloat-abi=hard -mthumb -Wl,--start-group -lc -lm -Wl,--end-group
Finished building target: LCD_USB.elf
 
arm-none-eabi-size   LCD_USB.elf 
arm-none-eabi-objdump -h -S  LCD_USB.elf  > "LCD_USB.list"
arm-none-eabi-objcopy  -O binary  LCD_USB.elf  "LCD_USB.bin"
   text	   data	    bss	    dec	    hex	filename
  49256	    252	  17940	  67448	  10778	LCD_USB.elf
Finished building: default.size.stdout
 
Finished building: LCD_USB.bin
 
Finished building: LCD_USB.list
 
08:56:18 **** Incremental Build of configuration Debug for project LCD_USB ****
make -j12 all 
arm-none-eabi-gcc "../Core/Src/main.c" -mcpu=cortex-m4 -std=gnu11 -g3 -DDEBUG -DUSE_HAL_DRIVER -DSTM32F429xx -c -I../Core/Inc -I../Drivers/STM32F4xx_HAL_Driver/Inc -I../Drivers/STM32F4xx_HAL_Driver/Inc/Legacy -I../Drivers/CMSIS/Device/ST/STM32F4xx/Include -I../Drivers/CMSIS/Include -I"C:/D/ThuchanhNhungReal/LAB_LCD_USB/LCD_USB/Drivers/BSP/Components" -I"C:/D/ThuchanhNhungReal/LAB_LCD_USB/LCD_USB/Drivers/BSP/STM32F429I-Discovery" -I"C:/Users/ASUS/STM32Cube/Repository/STM32Cube_FW_F4_V1.27.1/Drivers/CMSIS/BSP" -I"C:/Users/ASUS/STM32Cube/Repository/STM32Cube_FW_F4_V1.27.1/Drivers/BSP" -O0 -ffunction-sections -fdata-sections -Wall -fstack-usage -MMD -MP -MF"Core/Src/main.d" -MT"Core/Src/main.o" --specs=nano.specs -mfpu=fpv4-sp-d16 -mfloat-abi=hard -mthumb -o "Core/Src/main.o"
../Core/Src/main.c: In function 'HAL_TIM_PeriodElapsedCallback':
../Core/Src/main.c:338:38: warning: pointer targets in passing argument 3 of 'BSP_LCD_DisplayStringAt' differ in signedness [-Wpointer-sign]
  338 |    BSP_LCD_DisplayStringAt(150, 100, score, CENTER_MODE);
      |                                      ^~~~~
      |                                      |
      |                                      char *
In file included from ../Core/Src/main.c:38:
C:/D/ThuchanhNhungReal/LAB_LCD_USB/LCD_USB/Drivers/BSP/STM32F429I-Discovery/stm32f429i_discovery_lcd.h:200:67: note: expected 'uint8_t *' {aka 'unsigned char *'} but argument is of type 'char *'
  200 | void     BSP_LCD_DisplayStringAt(uint16_t X, uint16_t Y, uint8_t *pText, Text_AlignModeTypdef mode);
      |                                                          ~~~~~~~~~^~~~~
../Core/Src/main.c:343:37: warning: pointer targets in passing argument 3 of 'BSP_LCD_DisplayStringAt' differ in signedness [-Wpointer-sign]
  343 |     BSP_LCD_DisplayStringAt(0, 136, score, CENTER_MODE);
      |                                     ^~~~~
      |                                     |
      |                                     char *
In file included from ../Core/Src/main.c:38:
C:/D/ThuchanhNhungReal/LAB_LCD_USB/LCD_USB/Drivers/BSP/STM32F429I-Discovery/stm32f429i_discovery_lcd.h:200:67: note: expected 'uint8_t *' {aka 'unsigned char *'} but argument is of type 'char *'
  200 | void     BSP_LCD_DisplayStringAt(uint16_t X, uint16_t Y, uint8_t *pText, Text_AlignModeTypdef mode);
      |                                                          ~~~~~~~~~^~~~~
arm-none-eabi-gcc -o "LCD_USB.elf" @"objects.list"   -mcpu=cortex-m4 -T"C:\D\ThuchanhNhungReal\LAB_LCD_USB\LCD_USB\STM32F429ZITX_FLASH.ld" --specs=nosys.specs -Wl,-Map="LCD_USB.map" -Wl,--gc-sections -static --specs=nano.specs -mfpu=fpv4-sp-d16 -mfloat-abi=hard -mthumb -Wl,--start-group -lc -lm -Wl,--end-group
Finished building target: LCD_USB.elf
 
arm-none-eabi-size   LCD_USB.elf 
arm-none-eabi-objdump -h -S  LCD_USB.elf  > "LCD_USB.list"
arm-none-eabi-objcopy  -O binary  LCD_USB.elf  "LCD_USB.bin"
   text	   data	    bss	    dec	    hex	filename
  49256	    252	  17940	  67448	  10778	LCD_USB.elf
Finished building: default.size.stdout
 
Finished building: LCD_USB.bin
 
Finished building: LCD_USB.list
 
08:59:23 **** Incremental Build of configuration Debug for project LCD_USB ****
make -j12 all 
arm-none-eabi-gcc "../Core/Src/main.c" -mcpu=cortex-m4 -std=gnu11 -g3 -DDEBUG -DUSE_HAL_DRIVER -DSTM32F429xx -c -I../Core/Inc -I../Drivers/STM32F4xx_HAL_Driver/Inc -I../Drivers/STM32F4xx_HAL_Driver/Inc/Legacy -I../Drivers/CMSIS/Device/ST/STM32F4xx/Include -I../Drivers/CMSIS/Include -I"C:/D/ThuchanhNhungReal/LAB_LCD_USB/LCD_USB/Drivers/BSP/Components" -I"C:/D/ThuchanhNhungReal/LAB_LCD_USB/LCD_USB/Drivers/BSP/STM32F429I-Discovery" -I"C:/Users/ASUS/STM32Cube/Repository/STM32Cube_FW_F4_V1.27.1/Drivers/CMSIS/BSP" -I"C:/Users/ASUS/STM32Cube/Repository/STM32Cube_FW_F4_V1.27.1/Drivers/BSP" -O0 -ffunction-sections -fdata-sections -Wall -fstack-usage -MMD -MP -MF"Core/Src/main.d" -MT"Core/Src/main.o" --specs=nano.specs -mfpu=fpv4-sp-d16 -mfloat-abi=hard -mthumb -o "Core/Src/main.o"
../Core/Src/main.c: In function 'HAL_TIM_PeriodElapsedCallback':
../Core/Src/main.c:338:38: warning: pointer targets in passing argument 3 of 'BSP_LCD_DisplayStringAt' differ in signedness [-Wpointer-sign]
  338 |    BSP_LCD_DisplayStringAt(150, 100, score, CENTER_MODE);
      |                                      ^~~~~
      |                                      |
      |                                      char *
In file included from ../Core/Src/main.c:38:
C:/D/ThuchanhNhungReal/LAB_LCD_USB/LCD_USB/Drivers/BSP/STM32F429I-Discovery/stm32f429i_discovery_lcd.h:200:67: note: expected 'uint8_t *' {aka 'unsigned char *'} but argument is of type 'char *'
  200 | void     BSP_LCD_DisplayStringAt(uint16_t X, uint16_t Y, uint8_t *pText, Text_AlignModeTypdef mode);
      |                                                          ~~~~~~~~~^~~~~
../Core/Src/main.c:343:37: warning: pointer targets in passing argument 3 of 'BSP_LCD_DisplayStringAt' differ in signedness [-Wpointer-sign]
  343 |     BSP_LCD_DisplayStringAt(0, 136, score, CENTER_MODE);
      |                                     ^~~~~
      |                                     |
      |                                     char *
In file included from ../Core/Src/main.c:38:
C:/D/ThuchanhNhungReal/LAB_LCD_USB/LCD_USB/Drivers/BSP/STM32F429I-Discovery/stm32f429i_discovery_lcd.h:200:67: note: expected 'uint8_t *' {aka 'unsigned char *'} but argument is of type 'char *'
  200 | void     BSP_LCD_DisplayStringAt(uint16_t X, uint16_t Y, uint8_t *pText, Text_AlignModeTypdef mode);
      |                                                          ~~~~~~~~~^~~~~
arm-none-eabi-gcc -o "LCD_USB.elf" @"objects.list"   -mcpu=cortex-m4 -T"C:\D\ThuchanhNhungReal\LAB_LCD_USB\LCD_USB\STM32F429ZITX_FLASH.ld" --specs=nosys.specs -Wl,-Map="LCD_USB.map" -Wl,--gc-sections -static --specs=nano.specs -mfpu=fpv4-sp-d16 -mfloat-abi=hard -mthumb -Wl,--start-group -lc -lm -Wl,--end-group
Finished building target: LCD_USB.elf
 
arm-none-eabi-size   LCD_USB.elf 
arm-none-eabi-objdump -h -S  LCD_USB.elf  > "LCD_USB.list"
arm-none-eabi-objcopy  -O binary  LCD_USB.elf  "LCD_USB.bin"
   text	   data	    bss	    dec	    hex	filename
  49256	    252	  17940	  67448	  10778	LCD_USB.elf
Finished building: default.size.stdout
 
Finished building: LCD_USB.bin
 
Finished building: LCD_USB.list
 
09:03:20 **** Incremental Build of configuration Debug for project LCD_USB ****
make -j12 all 
arm-none-eabi-gcc "../Core/Src/main.c" -mcpu=cortex-m4 -std=gnu11 -g3 -DDEBUG -DUSE_HAL_DRIVER -DSTM32F429xx -c -I../Core/Inc -I../Drivers/STM32F4xx_HAL_Driver/Inc -I../Drivers/STM32F4xx_HAL_Driver/Inc/Legacy -I../Drivers/CMSIS/Device/ST/STM32F4xx/Include -I../Drivers/CMSIS/Include -I"C:/D/ThuchanhNhungReal/LAB_LCD_USB/LCD_USB/Drivers/BSP/Components" -I"C:/D/ThuchanhNhungReal/LAB_LCD_USB/LCD_USB/Drivers/BSP/STM32F429I-Discovery" -I"C:/Users/ASUS/STM32Cube/Repository/STM32Cube_FW_F4_V1.27.1/Drivers/CMSIS/BSP" -I"C:/Users/ASUS/STM32Cube/Repository/STM32Cube_FW_F4_V1.27.1/Drivers/BSP" -O0 -ffunction-sections -fdata-sections -Wall -fstack-usage -MMD -MP -MF"Core/Src/main.d" -MT"Core/Src/main.o" --specs=nano.specs -mfpu=fpv4-sp-d16 -mfloat-abi=hard -mthumb -o "Core/Src/main.o"
../Core/Src/main.c: In function 'HAL_TIM_PeriodElapsedCallback':
../Core/Src/main.c:338:38: warning: pointer targets in passing argument 3 of 'BSP_LCD_DisplayStringAt' differ in signedness [-Wpointer-sign]
  338 |    BSP_LCD_DisplayStringAt(150, 100, score, CENTER_MODE);
      |                                      ^~~~~
      |                                      |
      |                                      char *
In file included from ../Core/Src/main.c:38:
C:/D/ThuchanhNhungReal/LAB_LCD_USB/LCD_USB/Drivers/BSP/STM32F429I-Discovery/stm32f429i_discovery_lcd.h:200:67: note: expected 'uint8_t *' {aka 'unsigned char *'} but argument is of type 'char *'
  200 | void     BSP_LCD_DisplayStringAt(uint16_t X, uint16_t Y, uint8_t *pText, Text_AlignModeTypdef mode);
      |                                                          ~~~~~~~~~^~~~~
../Core/Src/main.c:343:37: warning: pointer targets in passing argument 3 of 'BSP_LCD_DisplayStringAt' differ in signedness [-Wpointer-sign]
  343 |     BSP_LCD_DisplayStringAt(0, 136, score, CENTER_MODE);
      |                                     ^~~~~
      |                                     |
      |                                     char *
In file included from ../Core/Src/main.c:38:
C:/D/ThuchanhNhungReal/LAB_LCD_USB/LCD_USB/Drivers/BSP/STM32F429I-Discovery/stm32f429i_discovery_lcd.h:200:67: note: expected 'uint8_t *' {aka 'unsigned char *'} but argument is of type 'char *'
  200 | void     BSP_LCD_DisplayStringAt(uint16_t X, uint16_t Y, uint8_t *pText, Text_AlignModeTypdef mode);
      |                                                          ~~~~~~~~~^~~~~
arm-none-eabi-gcc -o "LCD_USB.elf" @"objects.list"   -mcpu=cortex-m4 -T"C:\D\ThuchanhNhungReal\LAB_LCD_USB\LCD_USB\STM32F429ZITX_FLASH.ld" --specs=nosys.specs -Wl,-Map="LCD_USB.map" -Wl,--gc-sections -static --specs=nano.specs -mfpu=fpv4-sp-d16 -mfloat-abi=hard -mthumb -Wl,--start-group -lc -lm -Wl,--end-group
Finished building target: LCD_USB.elf
 
arm-none-eabi-size   LCD_USB.elf 
arm-none-eabi-objdump -h -S  LCD_USB.elf  > "LCD_USB.list"
arm-none-eabi-objcopy  -O binary  LCD_USB.elf  "LCD_USB.bin"
   text	   data	    bss	    dec	    hex	filename
  49256	    252	  17940	  67448	  10778	LCD_USB.elf
Finished building: default.size.stdout
 
Finished building: LCD_USB.bin
 
Finished building: LCD_USB.list
 
09:05:00 **** Incremental Build of configuration Debug for project LCD_USB ****
make -j12 all 
arm-none-eabi-gcc "../Core/Src/main.c" -mcpu=cortex-m4 -std=gnu11 -g3 -DDEBUG -DUSE_HAL_DRIVER -DSTM32F429xx -c -I../Core/Inc -I../Drivers/STM32F4xx_HAL_Driver/Inc -I../Drivers/STM32F4xx_HAL_Driver/Inc/Legacy -I../Drivers/CMSIS/Device/ST/STM32F4xx/Include -I../Drivers/CMSIS/Include -I"C:/D/ThuchanhNhungReal/LAB_LCD_USB/LCD_USB/Drivers/BSP/Components" -I"C:/D/ThuchanhNhungReal/LAB_LCD_USB/LCD_USB/Drivers/BSP/STM32F429I-Discovery" -I"C:/Users/ASUS/STM32Cube/Repository/STM32Cube_FW_F4_V1.27.1/Drivers/CMSIS/BSP" -I"C:/Users/ASUS/STM32Cube/Repository/STM32Cube_FW_F4_V1.27.1/Drivers/BSP" -O0 -ffunction-sections -fdata-sections -Wall -fstack-usage -MMD -MP -MF"Core/Src/main.d" -MT"Core/Src/main.o" --specs=nano.specs -mfpu=fpv4-sp-d16 -mfloat-abi=hard -mthumb -o "Core/Src/main.o"
../Core/Src/main.c: In function 'HAL_TIM_PeriodElapsedCallback':
../Core/Src/main.c:338:38: warning: pointer targets in passing argument 3 of 'BSP_LCD_DisplayStringAt' differ in signedness [-Wpointer-sign]
  338 |    BSP_LCD_DisplayStringAt(150, 100, score, CENTER_MODE);
      |                                      ^~~~~
      |                                      |
      |                                      char *
In file included from ../Core/Src/main.c:38:
C:/D/ThuchanhNhungReal/LAB_LCD_USB/LCD_USB/Drivers/BSP/STM32F429I-Discovery/stm32f429i_discovery_lcd.h:200:67: note: expected 'uint8_t *' {aka 'unsigned char *'} but argument is of type 'char *'
  200 | void     BSP_LCD_DisplayStringAt(uint16_t X, uint16_t Y, uint8_t *pText, Text_AlignModeTypdef mode);
      |                                                          ~~~~~~~~~^~~~~
../Core/Src/main.c:343:37: warning: pointer targets in passing argument 3 of 'BSP_LCD_DisplayStringAt' differ in signedness [-Wpointer-sign]
  343 |     BSP_LCD_DisplayStringAt(0, 136, score, CENTER_MODE);
      |                                     ^~~~~
      |                                     |
      |                                     char *
In file included from ../Core/Src/main.c:38:
C:/D/ThuchanhNhungReal/LAB_LCD_USB/LCD_USB/Drivers/BSP/STM32F429I-Discovery/stm32f429i_discovery_lcd.h:200:67: note: expected 'uint8_t *' {aka 'unsigned char *'} but argument is of type 'char *'
  200 | void     BSP_LCD_DisplayStringAt(uint16_t X, uint16_t Y, uint8_t *pText, Text_AlignModeTypdef mode);
      |                                                          ~~~~~~~~~^~~~~
arm-none-eabi-gcc -o "LCD_USB.elf" @"objects.list"   -mcpu=cortex-m4 -T"C:\D\ThuchanhNhungReal\LAB_LCD_USB\LCD_USB\STM32F429ZITX_FLASH.ld" --specs=nosys.specs -Wl,-Map="LCD_USB.map" -Wl,--gc-sections -static --specs=nano.specs -mfpu=fpv4-sp-d16 -mfloat-abi=hard -mthumb -Wl,--start-group -lc -lm -Wl,--end-group
Finished building target: LCD_USB.elf
 
arm-none-eabi-size   LCD_USB.elf 
arm-none-eabi-objdump -h -S  LCD_USB.elf  > "LCD_USB.list"
arm-none-eabi-objcopy  -O binary  LCD_USB.elf  "LCD_USB.bin"
   text	   data	    bss	    dec	    hex	filename
  49256	    252	  17940	  67448	  10778	LCD_USB.elf
Finished building: default.size.stdout
 
Finished building: LCD_USB.bin
 
Finished building: LCD_USB.list
 
09:15:10 **** Incremental Build of configuration Debug for project LCD_USB ****
make -j12 all 
arm-none-eabi-gcc "../Core/Src/main.c" -mcpu=cortex-m4 -std=gnu11 -g3 -DDEBUG -DUSE_HAL_DRIVER -DSTM32F429xx -c -I../Core/Inc -I../Drivers/STM32F4xx_HAL_Driver/Inc -I../Drivers/STM32F4xx_HAL_Driver/Inc/Legacy -I../Drivers/CMSIS/Device/ST/STM32F4xx/Include -I../Drivers/CMSIS/Include -I"C:/D/ThuchanhNhungReal/LAB_LCD_USB/LCD_USB/Drivers/BSP/Components" -I"C:/D/ThuchanhNhungReal/LAB_LCD_USB/LCD_USB/Drivers/BSP/STM32F429I-Discovery" -I"C:/Users/ASUS/STM32Cube/Repository/STM32Cube_FW_F4_V1.27.1/Drivers/CMSIS/BSP" -I"C:/Users/ASUS/STM32Cube/Repository/STM32Cube_FW_F4_V1.27.1/Drivers/BSP" -O0 -ffunction-sections -fdata-sections -Wall -fstack-usage -MMD -MP -MF"Core/Src/main.d" -MT"Core/Src/main.o" --specs=nano.specs -mfpu=fpv4-sp-d16 -mfloat-abi=hard -mthumb -o "Core/Src/main.o"
../Core/Src/main.c: In function 'HAL_TIM_PeriodElapsedCallback':
../Core/Src/main.c:338:38: warning: pointer targets in passing argument 3 of 'BSP_LCD_DisplayStringAt' differ in signedness [-Wpointer-sign]
  338 |    BSP_LCD_DisplayStringAt(150, 100, score, CENTER_MODE);
      |                                      ^~~~~
      |                                      |
      |                                      char *
In file included from ../Core/Src/main.c:38:
C:/D/ThuchanhNhungReal/LAB_LCD_USB/LCD_USB/Drivers/BSP/STM32F429I-Discovery/stm32f429i_discovery_lcd.h:200:67: note: expected 'uint8_t *' {aka 'unsigned char *'} but argument is of type 'char *'
  200 | void     BSP_LCD_DisplayStringAt(uint16_t X, uint16_t Y, uint8_t *pText, Text_AlignModeTypdef mode);
      |                                                          ~~~~~~~~~^~~~~
../Core/Src/main.c:343:37: warning: pointer targets in passing argument 3 of 'BSP_LCD_DisplayStringAt' differ in signedness [-Wpointer-sign]
  343 |     BSP_LCD_DisplayStringAt(0, 136, score, CENTER_MODE);
      |                                     ^~~~~
      |                                     |
      |                                     char *
In file included from ../Core/Src/main.c:38:
C:/D/ThuchanhNhungReal/LAB_LCD_USB/LCD_USB/Drivers/BSP/STM32F429I-Discovery/stm32f429i_discovery_lcd.h:200:67: note: expected 'uint8_t *' {aka 'unsigned char *'} but argument is of type 'char *'
  200 | void     BSP_LCD_DisplayStringAt(uint16_t X, uint16_t Y, uint8_t *pText, Text_AlignModeTypdef mode);
      |                                                          ~~~~~~~~~^~~~~
arm-none-eabi-gcc -o "LCD_USB.elf" @"objects.list"   -mcpu=cortex-m4 -T"C:\D\ThuchanhNhungReal\LAB_LCD_USB\LCD_USB\STM32F429ZITX_FLASH.ld" --specs=nosys.specs -Wl,-Map="LCD_USB.map" -Wl,--gc-sections -static --specs=nano.specs -mfpu=fpv4-sp-d16 -mfloat-abi=hard -mthumb -Wl,--start-group -lc -lm -Wl,--end-group
Finished building target: LCD_USB.elf
 
arm-none-eabi-size   LCD_USB.elf 
arm-none-eabi-objdump -h -S  LCD_USB.elf  > "LCD_USB.list"
arm-none-eabi-objcopy  -O binary  LCD_USB.elf  "LCD_USB.bin"
   text	   data	    bss	    dec	    hex	filename
  49248	    252	  17940	  67440	  10770	LCD_USB.elf
Finished building: default.size.stdout
 
Finished building: LCD_USB.bin
 
Finished building: LCD_USB.list
 
